Archive member included because of file (symbol)

/Users/briangiori/dev/newt/blegpio/bin/blegpio/apps/blegpio/blegpio.a(main.o)
                              /usr/local/Cellar/gcc-arm-none-eabi-49/20150609/bin/../lib/gcc/arm-none-eabi/4.9.3/../../../../arm-none-eabi/lib/armv7e-m/crt0.o (main)
/Users/briangiori/dev/newt/blegpio/bin/blegpio/apps/blegpio/blegpio.a(misc.o)
                              /Users/briangiori/dev/newt/blegpio/bin/blegpio/apps/blegpio/blegpio.a(main.o) (print_addr)
/Users/briangiori/dev/newt/blegpio/bin/blegpio/apps/blegpio/blegpio.a(gatt_svr.o)
                              /Users/briangiori/dev/newt/blegpio/bin/blegpio/apps/blegpio/blegpio.a(main.o) (io_poll_task_handler)
/Users/briangiori/dev/newt/blegpio/bin/blegpio/hw/bsp/nrf52dk/nrf52dk.a(gcc_startup_nrf52.o)
                              (Reset_Handler)
/Users/briangiori/dev/newt/blegpio/bin/blegpio/hw/bsp/nrf52dk/nrf52dk.a(system_nrf52.o)
                              /Users/briangiori/dev/newt/blegpio/bin/blegpio/hw/bsp/nrf52dk/nrf52dk.a(gcc_startup_nrf52.o) (SystemInit)
/Users/briangiori/dev/newt/blegpio/bin/blegpio/hw/hal/hal.a(hal_cputime.o)
                              /Users/briangiori/dev/newt/blegpio/bin/blegpio/apps/blegpio/blegpio.a(main.o) (cputime_init)
/Users/briangiori/dev/newt/blegpio/bin/blegpio/hw/mcu/nordic/nrf52xxx/nrf52xxx.a(hal_cputime.o)
                              /Users/briangiori/dev/newt/blegpio/bin/blegpio/hw/hal/hal.a(hal_cputime.o) (cputime_disable_ocmp)
/Users/briangiori/dev/newt/blegpio/bin/blegpio/hw/mcu/nordic/nrf52xxx/nrf52xxx.a(hal_gpio.o)
                              /Users/briangiori/dev/newt/blegpio/bin/blegpio/apps/blegpio/blegpio.a(gatt_svr.o) (hal_gpio_init_in)
/Users/briangiori/dev/newt/blegpio/bin/blegpio/libs/baselibc/baselibc.a(inline.o)
                              /usr/local/Cellar/gcc-arm-none-eabi-49/20150609/bin/../lib/gcc/arm-none-eabi/4.9.3/../../../../arm-none-eabi/lib/armv7e-m/crt0.o (exit)
/Users/briangiori/dev/newt/blegpio/bin/blegpio/libs/baselibc/baselibc.a(lrand48.o)
                              /Users/briangiori/dev/newt/blegpio/bin/blegpio/libs/baselibc/baselibc.a(inline.o) (lrand48)
/Users/briangiori/dev/newt/blegpio/bin/blegpio/libs/baselibc/baselibc.a(memcmp.o)
                              /Users/briangiori/dev/newt/blegpio/bin/blegpio/apps/blegpio/blegpio.a(gatt_svr.o) (memcmp)
/Users/briangiori/dev/newt/blegpio/bin/blegpio/libs/baselibc/baselibc.a(memcpy.o)
                              /Users/briangiori/dev/newt/blegpio/bin/blegpio/apps/blegpio/blegpio.a(gatt_svr.o) (memcpy)
/Users/briangiori/dev/newt/blegpio/bin/blegpio/libs/baselibc/baselibc.a(memset.o)
                              /usr/local/Cellar/gcc-arm-none-eabi-49/20150609/bin/../lib/gcc/arm-none-eabi/4.9.3/../../../../arm-none-eabi/lib/armv7e-m/crt0.o (memset)
/Users/briangiori/dev/newt/blegpio/bin/blegpio/libs/baselibc/baselibc.a(mynewt.o)
                              /Users/briangiori/dev/newt/blegpio/bin/blegpio/libs/baselibc/baselibc.a(inline.o) (stdout)
/Users/briangiori/dev/newt/blegpio/bin/blegpio/libs/baselibc/baselibc.a(sprintf.o)
                              /Users/briangiori/dev/newt/blegpio/bin/blegpio/apps/blegpio/blegpio.a(gatt_svr.o) (sprintf)
/Users/briangiori/dev/newt/blegpio/bin/blegpio/libs/baselibc/baselibc.a(srand48.o)
                              /Users/briangiori/dev/newt/blegpio/bin/blegpio/apps/blegpio/blegpio.a(main.o) (srand48)
/Users/briangiori/dev/newt/blegpio/bin/blegpio/libs/baselibc/baselibc.a(strlen.o)
                              /Users/briangiori/dev/newt/blegpio/bin/blegpio/apps/blegpio/blegpio.a(main.o) (strlen)
/Users/briangiori/dev/newt/blegpio/bin/blegpio/libs/baselibc/baselibc.a(tinyprintf.o)
                              /Users/briangiori/dev/newt/blegpio/bin/blegpio/libs/baselibc/baselibc.a(sprintf.o) (vsnprintf)
/Users/briangiori/dev/newt/blegpio/bin/blegpio/libs/baselibc/baselibc.a(jrand48.o)
                              /Users/briangiori/dev/newt/blegpio/bin/blegpio/libs/baselibc/baselibc.a(lrand48.o) (jrand48)
/Users/briangiori/dev/newt/blegpio/bin/blegpio/libs/baselibc/baselibc.a(memfile.o)
                              /Users/briangiori/dev/newt/blegpio/bin/blegpio/libs/baselibc/baselibc.a(tinyprintf.o) (fmemopen_w)
/Users/briangiori/dev/newt/blegpio/bin/blegpio/libs/cmsis-core/cmsis-core.a(cmsis_nvic.o)
                              /Users/briangiori/dev/newt/blegpio/bin/blegpio/hw/bsp/nrf52dk/nrf52dk.a(system_nrf52.o) (NVIC_Relocate)
/Users/briangiori/dev/newt/blegpio/bin/blegpio/libs/console/full/full.a(cons_tty.o)
                              /Users/briangiori/dev/newt/blegpio/bin/blegpio/libs/baselibc/baselibc.a(mynewt.o) (console_write)
/Users/briangiori/dev/newt/blegpio/bin/blegpio/libs/os/os.a(os.o)
                              /Users/briangiori/dev/newt/blegpio/bin/blegpio/libs/console/full/full.a(cons_tty.o) (os_started)
/Users/briangiori/dev/newt/blegpio/bin/blegpio/libs/os/os.a(os_arch_arm.o)
[...]
Memory Configuration

Name             Origin             Length             Attributes
FLASH            0x0000000000008000 0x000000000003a000 xr
RAM              0x0000000020000000 0x0000000000010000 xrw
*default*        0x0000000000000000 0xffffffffffffffff

Linker script and memory map

LOAD /usr/local/Cellar/gcc-arm-none-eabi-49/20150609/bin/../lib/gcc/arm-none-eabi/4.9.3/armv7e-m/crti.o
LOAD /usr/local/Cellar/gcc-arm-none-eabi-49/20150609/bin/../lib/gcc/arm-none-eabi/4.9.3/armv7e-m/crtbegin.o
LOAD /usr/local/Cellar/gcc-arm-none-eabi-49/20150609/bin/../lib/gcc/arm-none-eabi/4.9.3/../../../../arm-none-eabi/lib/armv7e-m/crt0.o
START GROUP
LOAD /Users/briangiori/dev/newt/blegpio/bin/blegpio/apps/blegpio/blegpio.a
LOAD /Users/briangiori/dev/newt/blegpio/bin/blegpio/hw/bsp/nrf52dk/nrf52dk.a
LOAD /Users/briangiori/dev/newt/blegpio/bin/blegpio/hw/hal/hal.a
LOAD /Users/briangiori/dev/newt/blegpio/bin/blegpio/hw/mcu/nordic/nrf52xxx/nrf52xxx.a
LOAD /Users/briangiori/dev/newt/blegpio/bin/blegpio/libs/baselibc/baselibc.a
LOAD /Users/briangiori/dev/newt/blegpio/bin/blegpio/libs/cmsis-core/cmsis-core.a
LOAD /Users/briangiori/dev/newt/blegpio/bin/blegpio/libs/console/full/full.a
LOAD /Users/briangiori/dev/newt/blegpio/bin/blegpio/libs/mbedtls/mbedtls.a
LOAD /Users/briangiori/dev/newt/blegpio/bin/blegpio/libs/os/os.a
LOAD /Users/briangiori/dev/newt/blegpio/bin/blegpio/libs/testutil/testutil.a
LOAD /Users/briangiori/dev/newt/blegpio/bin/blegpio/libs/tinycrypt/tinycrypt.a
LOAD /Users/briangiori/dev/newt/blegpio/bin/blegpio/libs/util/util.a
LOAD /Users/briangiori/dev/newt/blegpio/bin/blegpio/net/nimble/controller/controller.a
LOAD /Users/briangiori/dev/newt/blegpio/bin/blegpio/net/nimble/drivers/nrf52/nrf52.a
LOAD /Users/briangiori/dev/newt/blegpio/bin/blegpio/net/nimble/host/host.a
LOAD /Users/briangiori/dev/newt/blegpio/bin/blegpio/net/nimble/host/services/mandatory/mandatory.a
LOAD /Users/briangiori/dev/newt/blegpio/bin/blegpio/net/nimble/host/store/ram/ram.a
LOAD /Users/briangiori/dev/newt/blegpio/bin/blegpio/net/nimble/nimble.a
LOAD /Users/briangiori/dev/newt/blegpio/bin/blegpio/sys/log/log.a
LOAD /Users/briangiori/dev/newt/blegpio/bin/blegpio/sys/stats/stats.a
END GROUP
LOAD /usr/local/Cellar/gcc-arm-none-eabi-49/20150609/bin/../lib/gcc/arm-none-eabi/4.9.3/armv7e-m/libgcc.a
START GROUP
LOAD /usr/local/Cellar/gcc-arm-none-eabi-49/20150609/bin/../lib/gcc/arm-none-eabi/4.9.3/armv7e-m/libgcc.a
LOAD /usr/local/Cellar/gcc-arm-none-eabi-49/20150609/bin/../lib/gcc/arm-none-eabi/4.9.3/../../../../arm-none-eabi/lib/armv7e-m/libg.a
LOAD /usr/local/Cellar/gcc-arm-none-eabi-49/20150609/bin/../lib/gcc/arm-none-eabi/4.9.3/../../../../arm-none-eabi/lib/armv7e-m/libc.a
END GROUP
LOAD /usr/local/Cellar/gcc-arm-none-eabi-49/20150609/bin/../lib/gcc/arm-none-eabi/4.9.3/armv7e-m/crtend.o
LOAD /usr/local/Cellar/gcc-arm-none-eabi-49/20150609/bin/../lib/gcc/arm-none-eabi/4.9.3/armv7e-m/crtn.o

.imghdr         0x0000000000008000       0x20
                0x0000000000008020                . = (. + 0x20)
 *fill*         0x0000000000008000       0x20 

.text           0x0000000000008020    0x1ae5c
                0x0000000000008020                __isr_vector_start = .
 *(.isr_vector)
 .isr_vector    0x0000000000008020       0xd8 /Users/briangiori/dev/newt/blegpio/bin/blegpio/hw/bsp/nrf52dk/nrf52dk.a(gcc_startup_nrf52.o)
                0x0000000000008020                __isr_vector
                0x00000000000080f8                __isr_vector_end = .
 *(.text*)
 .text          0x00000000000080f8       0x74 /usr/local/Cellar/gcc-arm-none-eabi-49/20150609/bin/../lib/gcc/arm-none-eabi/4.9.3/../../../../arm-none-eabi/lib/armv7e-m/crt0.o
                0x00000000000080f8                _mainCRTStartup
                0x00000000000080f8                _start
 .text.bleprph_advertise
                0x000000000000816c       0xbc /Users/briangiori/dev/newt/blegpio/bin/blegpio/apps/blegpio/blegpio.a(main.o)
 .text.bleprph_task_handler
                0x0000000000008228       0x48 /Users/briangiori/dev/newt/blegpio/bin/blegpio/apps/blegpio/blegpio.a(main.o)
 .text.bleprph_print_conn_desc
                0x0000000000008270       0xbc /Users/briangiori/dev/newt/blegpio/bin/blegpio/apps/blegpio/blegpio.a(main.o)
 .text.bleprph_gap_event
                0x000000000000832c      0x15c /Users/briangiori/dev/newt/blegpio/bin/blegpio/apps/blegpio/blegpio.a(main.o)
 .text.get_conn_handle
                0x0000000000008488        0xc /Users/briangiori/dev/newt/blegpio/bin/blegpio/apps/blegpio/blegpio.a(main.o)
                0x0000000000008488                get_conn_handle
 .text.startup.main
                0x0000000000008494      0x24c /Users/briangiori/dev/newt/blegpio/bin/blegpio/apps/blegpio/blegpio.a(main.o)
                0x0000000000008494                main
 .text.print_addr
                0x00000000000086e0       0x34 /Users/briangiori/dev/newt/blegpio/bin/blegpio/apps/blegpio/blegpio.a(misc.o)
                0x00000000000086e0                print_addr
 .text.gatt_svr_chr_access_gpio_notif
                0x0000000000008714       0x14 /Users/briangiori/dev/newt/blegpio/bin/blegpio/apps/blegpio/blegpio.a(gatt_svr.o)
 .text.gatt_svr_uuid_to_s
                0x0000000000008728       0x80 /Users/briangiori/dev/newt/blegpio/bin/blegpio/apps/blegpio/blegpio.a(gatt_svr.o)
 .text.gatt_svr_register_cb
                0x00000000000087a8       0x94 /Users/briangiori/dev/newt/blegpio/bin/blegpio/apps/blegpio/blegpio.a(gatt_svr.o)
 .text.gatt_svr_chr_write.isra.1
                0x000000000000883c       0x40 /Users/briangiori/dev/newt/blegpio/bin/blegpio/apps/blegpio/blegpio.a(gatt_svr.o)
 .text.gatt_svr_chr_access_gpio
                0x000000000000887c      0x14c /Users/briangiori/dev/newt/blegpio/bin/blegpio/apps/blegpio/blegpio.a(gatt_svr.o)
 .text.gatt_svr_chr_access_alert
                0x00000000000089c8       0xd8 /Users/briangiori/dev/newt/blegpio/bin/blegpio/apps/blegpio/blegpio.a(gatt_svr.o)
 .text.io_poll_task_handler
                0x0000000000008aa0       0x8c /Users/briangiori/dev/newt/blegpio/bin/blegpio/apps/blegpio/blegpio.a(gatt_svr.o)
                0x0000000000008aa0                io_poll_task_handler
 .text.gatt_svr_register
                0x0000000000008b2c       0x14 /Users/briangiori/dev/newt/blegpio/bin/blegpio/apps/blegpio/blegpio.a(gatt_svr.o)
                0x0000000000008b2c                gatt_svr_register
 .text.gatt_svr_init
                0x0000000000008b40        0xc /Users/briangiori/dev/newt/blegpio/bin/blegpio/apps/blegpio/blegpio.a(gatt_svr.o)
                0x0000000000008b40                gatt_svr_init
 .text          0x0000000000008b4c       0x44 /Users/briangiori/dev/newt/blegpio/bin/blegpio/hw/bsp/nrf52dk/nrf52dk.a(gcc_startup_nrf52.o)
                0x0000000000008b4c                Reset_Handler
                0x0000000000008b7c                NMI_Handler
                0x0000000000008b7e                HardFault_Handler
                0x0000000000008b80                MemoryManagement_Handler
                0x0000000000008b82                BusFault_Handler
                0x0000000000008b84                UsageFault_Handler
                0x0000000000008b8c                POWER_CLOCK_IRQHandler
                0x0000000000008b8c                RADIO_IRQHandler
                0x0000000000008b8c                PDM_IRQHandler
                0x0000000000008b8c                TEMP_IRQHandler
                0x0000000000008b8c                QDEC_IRQHandler
                0x0000000000008b8c                TIMER3_IRQHandler
                0x0000000000008b8c                SPIM0_SPIS0_TWIM0_TWIS0_SPI0_TWI0_IRQHandler
                0x0000000000008b8c                UARTE0_UART0_IRQHandler
                0x0000000000008b8c                TIMER4_IRQHandler
                0x0000000000008b8c                I2S_IRQHandler
                0x0000000000008b8c                SWI4_EGU4_IRQHandler
                0x0000000000008b8c                TIMER0_IRQHandler
                0x0000000000008b8c                TIMER1_IRQHandler
                0x0000000000008b8c                PWM2_IRQHandler
                0x0000000000008b8c                ECB_IRQHandler
                0x0000000000008b8c                SPIM1_SPIS1_TWIM1_TWIS1_SPI1_TWI1_IRQHandler
                0x0000000000008b8c                Default_Handler
                0x0000000000008b8c                SAADC_IRQHandler
                0x0000000000008b8c                CCM_AAR_IRQHandler
                0x0000000000008b8c                WDT_IRQHandler
                0x0000000000008b8c                SWI5_EGU5_IRQHandler
                0x0000000000008b8c                RNG_IRQHandler
                0x0000000000008b8c                RTC2_IRQHandler
                0x0000000000008b8c                PWM0_IRQHandler
                0x0000000000008b8c                SWI3_EGU3_IRQHandler
                0x0000000000008b8c                RTC1_IRQHandler
                0x0000000000008b8c                SWI1_EGU1_IRQHandler
                0x0000000000008b8c                SPIM2_SPIS2_SPI2_IRQHandler
                0x0000000000008b8c                NFCT_IRQHandler
                0x0000000000008b8c                MWU_IRQHandler
                0x0000000000008b8c                TIMER2_IRQHandler
                0x0000000000008b8c                COMP_LPCOMP_IRQHandler
                0x0000000000008b8c                RTC0_IRQHandler
                0x0000000000008b8c                SWI0_EGU0_IRQHandler
                0x0000000000008b8c                SWI2_EGU2_IRQHandler
                0x0000000000008b8c                GPIOTE_IRQHandler
                0x0000000000008b8c                PWM1_IRQHandler
 .text.SystemInit
                0x0000000000008b90       0xc0 /Users/briangiori/dev/newt/blegpio/bin/blegpio/hw/bsp/nrf52dk/nrf52dk.a(system_nrf52.o)
                0x0000000000008b90                SystemInit
 .text.cputime_chk_expiration
                0x0000000000008c50       0x54 /Users/briangiori/dev/newt/blegpio/bin/blegpio/hw/hal/hal.a(hal_cputime.o)
                0x0000000000008c50                cputime_chk_expiration
 .text.cputime_init
                0x0000000000008ca4       0x10 /Users/briangiori/dev/newt/blegpio/bin/blegpio/hw/hal/hal.a(hal_cputime.o)
                0x0000000000008ca4                cputime_init
 .text.cputime_usecs_to_ticks
                0x0000000000008cb4        0xc /Users/briangiori/dev/newt/blegpio/bin/blegpio/hw/hal/hal.a(hal_cputime.o)
                0x0000000000008cb4                cputime_usecs_to_ticks
 .text.cputime_ticks_to_usecs
                0x0000000000008cc0       0x14 /Users/briangiori/dev/newt/blegpio/bin/blegpio/hw/hal/hal.a(hal_cputime.o)
                0x0000000000008cc0                cputime_ticks_to_usecs
 .text.cputime_timer_init
                0x0000000000008cd4       0x2c /Users/briangiori/dev/newt/blegpio/bin/blegpio/hw/hal/hal.a(hal_cputime.o)
                0x0000000000008cd4                cputime_timer_init
 .text.cputime_timer_start
                0x0000000000008d00       0x8c /Users/briangiori/dev/newt/blegpio/bin/blegpio/hw/hal/hal.a(hal_cputime.o)
                0x0000000000008d00                cputime_timer_start
 .text.cputime_timer_relative
                0x0000000000008d8c       0x34 /Users/briangiori/dev/newt/blegpio/bin/blegpio/hw/hal/hal.a(hal_cputime.o)
                0x0000000000008d8c                cputime_timer_relative
 .text.cputime_timer_stop
                0x0000000000008dc0       0x60 /Users/briangiori/dev/newt/blegpio/bin/blegpio/hw/hal/hal.a(hal_cputime.o)
                0x0000000000008dc0                cputime_timer_stop
 .text.cputime_isr
                0x0000000000008e20       0x3c /Users/briangiori/dev/newt/blegpio/bin/blegpio/hw/mcu/nordic/nrf52xxx/nrf52xxx.a(hal_cputime.o)
 .text.cputime_disable_ocmp
                0x0000000000008e5c       0x10 /Users/briangiori/dev/newt/blegpio/bin/blegpio/hw/mcu/nordic/nrf52xxx/nrf52xxx.a(hal_cputime.o)
                0x0000000000008e5c                cputime_disable_ocmp
 .text.cputime_set_ocmp
                0x0000000000008e6c       0x3c /Users/briangiori/dev/newt/blegpio/bin/blegpio/hw/mcu/nordic/nrf52xxx/nrf52xxx.a(hal_cputime.o)
                0x0000000000008e6c                cputime_set_ocmp
 .text.cputime_hw_init
                0x0000000000008ea8       0x94 /Users/briangiori/dev/newt/blegpio/bin/blegpio/hw/mcu/nordic/nrf52xxx/nrf52xxx.a(hal_cputime.o)
                0x0000000000008ea8                cputime_hw_init
 .text.cputime_get32
                0x0000000000008f3c       0x10 /Users/briangiori/dev/newt/blegpio/bin/blegpio/hw/mcu/nordic/nrf52xxx/nrf52xxx.a(hal_cputime.o)
                0x0000000000008f3c                cputime_get32
 .text.hal_gpio_init_in
                0x0000000000008f4c       0x28 /Users/briangiori/dev/newt/blegpio/bin/blegpio/hw/mcu/nordic/nrf52xxx/nrf52xxx.a(hal_gpio.o)
                0x0000000000008f4c                hal_gpio_init_in
 .text.hal_gpio_init_out
                0x0000000000008f74       0x2c /Users/briangiori/dev/newt/blegpio/bin/blegpio/hw/mcu/nordic/nrf52xxx/nrf52xxx.a(hal_gpio.o)
                0x0000000000008f74                hal_gpio_init_out
 .text.hal_gpio_write
                0x0000000000008fa0       0x16 /Users/briangiori/dev/newt/blegpio/bin/blegpio/hw/mcu/nordic/nrf52xxx/nrf52xxx.a(hal_gpio.o)
                0x0000000000008fa0                hal_gpio_write
 .text.hal_gpio_read
                0x0000000000008fb6       0x12 /Users/briangiori/dev/newt/blegpio/bin/blegpio/hw/mcu/nordic/nrf52xxx/nrf52xxx.a(hal_gpio.o)
                0x0000000000008fb6                hal_gpio_read
 .text.exit     0x0000000000008fc8        0x6 /Users/briangiori/dev/newt/blegpio/bin/blegpio/libs/baselibc/baselibc.a(inline.o)
                0x0000000000008fc8                exit
 *fill*         0x0000000000008fce        0x2 
 .text.lrand48  0x0000000000008fd0       0x10 /Users/briangiori/dev/newt/blegpio/bin/blegpio/libs/baselibc/baselibc.a(lrand48.o)
                0x0000000000008fd0                lrand48
 .text.memcmp   0x0000000000008fe0       0x1c /Users/briangiori/dev/newt/blegpio/bin/blegpio/libs/baselibc/baselibc.a(memcmp.o)
                0x0000000000008fe0                memcmp
 .text.memcpy   0x0000000000008ffc       0x16 /Users/briangiori/dev/newt/blegpio/bin/blegpio/libs/baselibc/baselibc.a(memcpy.o)
                0x0000000000008ffc                memcpy
 .text.memset   0x0000000000009012       0x10 /Users/briangiori/dev/newt/blegpio/bin/blegpio/libs/baselibc/baselibc.a(memset.o)
                0x0000000000009012                memset
 .text.sprintf  0x0000000000009022       0x1e /Users/briangiori/dev/newt/blegpio/bin/blegpio/libs/baselibc/baselibc.a(sprintf.o)
                0x0000000000009022                sprintf
 .text.srand48  0x0000000000009040       0x14 /Users/briangiori/dev/newt/blegpio/bin/blegpio/libs/baselibc/baselibc.a(srand48.o)
                0x0000000000009040                srand48
 .text.strlen   0x0000000000009054       0x10 /Users/briangiori/dev/newt/blegpio/bin/blegpio/libs/baselibc/baselibc.a(strlen.o)
                0x0000000000009054                strlen
 .text.ui2a     0x0000000000009064       0xd4 /Users/briangiori/dev/newt/blegpio/bin/blegpio/libs/baselibc/baselibc.a(tinyprintf.o)
 .text.putf     0x0000000000009138       0x2e /Users/briangiori/dev/newt/blegpio/bin/blegpio/libs/baselibc/baselibc.a(tinyprintf.o)
 .text.putchw   0x0000000000009166       0xe8 /Users/briangiori/dev/newt/blegpio/bin/blegpio/libs/baselibc/baselibc.a(tinyprintf.o)
 .text.intarg   0x000000000000924e       0x30 /Users/briangiori/dev/newt/blegpio/bin/blegpio/libs/baselibc/baselibc.a(tinyprintf.o)
 .text.tfp_format
                0x000000000000927e      0x190 /Users/briangiori/dev/newt/blegpio/bin/blegpio/libs/baselibc/baselibc.a(tinyprintf.o)
                0x000000000000927e                tfp_format
 .text.vfprintf
                0x000000000000940e        0x4 /Users/briangiori/dev/newt/blegpio/bin/blegpio/libs/baselibc/baselibc.a(tinyprintf.o)
                0x000000000000940e                vfprintf
 .text.fprintf  0x0000000000009412       0x1a /Users/briangiori/dev/newt/blegpio/bin/blegpio/libs/baselibc/baselibc.a(tinyprintf.o)
                0x0000000000009412                fprintf
 .text.vsnprintf
                0x000000000000942c       0x26 /Users/briangiori/dev/newt/blegpio/bin/blegpio/libs/baselibc/baselibc.a(tinyprintf.o)
                0x000000000000942c                vsnprintf
 .text.snprintf
                0x0000000000009452       0x1a /Users/briangiori/dev/newt/blegpio/bin/blegpio/libs/baselibc/baselibc.a(tinyprintf.o)
                0x0000000000009452                snprintf
 .text.jrand48  0x000000000000946c       0x48 /Users/briangiori/dev/newt/blegpio/bin/blegpio/libs/baselibc/baselibc.a(jrand48.o)
                0x000000000000946c                jrand48
 .text.memfile_write
                0x00000000000094b4       0x2a /Users/briangiori/dev/newt/blegpio/bin/blegpio/libs/baselibc/baselibc.a(memfile.o)
                0x00000000000094b4                memfile_write
 *fill*         0x00000000000094de        0x2 
 .text.fmemopen_w
                0x00000000000094e0       0x14 /Users/briangiori/dev/newt/blegpio/bin/blegpio/libs/baselibc/baselibc.a(memfile.o)
                0x00000000000094e0                fmemopen_w
 .text.NVIC_Relocate
                0x00000000000094f4       0x2c /Users/briangiori/dev/newt/blegpio/bin/blegpio/libs/cmsis-core/cmsis-core.a(cmsis_nvic.o)
                0x00000000000094f4                NVIC_Relocate
 .text.NVIC_SetVector
                0x0000000000009520       0x14 /Users/briangiori/dev/newt/blegpio/bin/blegpio/libs/cmsis-core/cmsis-core.a(cmsis_nvic.o)
                0x0000000000009520                NVIC_SetVector
 .text.console_add_char
                0x0000000000009534       0x14 /Users/briangiori/dev/newt/blegpio/bin/blegpio/libs/console/full/full.a(cons_tty.o)
 .text.console_blocking_tx
                0x0000000000009548        0x8 /Users/briangiori/dev/newt/blegpio/bin/blegpio/libs/console/full/full.a(cons_tty.o)
 .text.console_tx_flush
                0x0000000000009550       0x2c /Users/briangiori/dev/newt/blegpio/bin/blegpio/libs/console/full/full.a(cons_tty.o)
 .text.console_rx_char
                0x000000000000957c      0x13e /Users/briangiori/dev/newt/blegpio/bin/blegpio/libs/console/full/full.a(cons_tty.o)
 *fill*         0x00000000000096ba        0x2 
 .text.console_queue_char
                0x00000000000096bc       0x4c /Users/briangiori/dev/newt/blegpio/bin/blegpio/libs/console/full/full.a(cons_tty.o)
 .text.console_tx_char
                0x0000000000009708       0x24 /Users/briangiori/dev/newt/blegpio/bin/blegpio/libs/console/full/full.a(cons_tty.o)
 .text.console_blocking_mode
                0x000000000000972c       0x28 /Users/briangiori/dev/newt/blegpio/bin/blegpio/libs/console/full/full.a(cons_tty.o)
                0x000000000000972c                console_blocking_mode
 .text.console_file_write
                0x0000000000009754       0x54 /Users/briangiori/dev/newt/blegpio/bin/blegpio/libs/console/full/full.a(cons_tty.o)
                0x0000000000009754                console_file_write
 .text.console_write
                0x00000000000097a8        0xc /Users/briangiori/dev/newt/blegpio/bin/blegpio/libs/console/full/full.a(cons_tty.o)
                0x00000000000097a8                console_write
 .text.console_is_init
                0x00000000000097b4        0xc /Users/briangiori/dev/newt/blegpio/bin/blegpio/libs/console/full/full.a(cons_tty.o)
                0x00000000000097b4                console_is_init
 .text.console_init
                0x00000000000097c0       0x68 /Users/briangiori/dev/newt/blegpio/bin/blegpio/libs/console/full/full.a(cons_tty.o)
                0x00000000000097c0                console_init
 .text.os_idle_task
                0x0000000000009828       0x4c /Users/briangiori/dev/newt/blegpio/bin/blegpio/libs/os/os.a(os.o)
                0x0000000000009828                os_idle_task
 .text.os_started
                0x0000000000009874        0xc /Users/briangiori/dev/newt/blegpio/bin/blegpio/libs/os/os.a(os.o)
                0x0000000000009874                os_started
 .text.os_init_idle_task
                0x0000000000009880       0x38 /Users/briangiori/dev/newt/blegpio/bin/blegpio/libs/os/os.a(os.o)
                0x0000000000009880                os_init_idle_task
 .text.os_init  0x00000000000098b8       0x30 /Users/briangiori/dev/newt/blegpio/bin/blegpio/libs/os/os.a(os.o)
                0x00000000000098b8                os_init
 .text.os_start
                0x00000000000098e8       0x1c /Users/briangiori/dev/newt/blegpio/bin/blegpio/libs/os/os.a(os.o)
                0x00000000000098e8                os_start
 .text.timer_handler
                0x0000000000009904        0x6 /Users/briangiori/dev/newt/blegpio/bin/blegpio/libs/os/os.a(os_arch_arm.o)
                0x0000000000009904                timer_handler
 *fill*         0x000000000000990a        0x2 
 .text.os_arch_ctx_sw
                0x000000000000990c       0x14 /Users/briangiori/dev/newt/blegpio/bin/blegpio/libs/os/os.a(os_arch_arm.o)
                0x000000000000990c                os_arch_ctx_sw
 .text.os_arch_save_sr
                0x0000000000009920        0xc /Users/briangiori/dev/newt/blegpio/bin/blegpio/libs/os/os.a(os_arch_arm.o)
                0x0000000000009920                os_arch_save_sr
 .text.os_arch_restore_sr
                0x000000000000992c        0x6 /Users/briangiori/dev/newt/blegpio/bin/blegpio/libs/os/os.a(os_arch_arm.o)
                0x000000000000992c                os_arch_restore_sr
 .text.os_arch_in_critical
                0x0000000000009932        0xa /Users/briangiori/dev/newt/blegpio/bin/blegpio/libs/os/os.a(os_arch_arm.o)
                0x0000000000009932                os_arch_in_critical
 .text.os_arch_task_stack_init
                0x000000000000993c       0x3a /Users/briangiori/dev/newt/blegpio/bin/blegpio/libs/os/os.a(os_arch_arm.o)
                0x000000000000993c                os_arch_task_stack_init
 *fill*         0x0000000000009976        0x2 
 .text.os_arch_init
                0x0000000000009978       0x14 /Users/briangiori/dev/newt/blegpio/bin/blegpio/libs/os/os.a(os_arch_arm.o)
                0x0000000000009978                os_arch_init
 .text.os_arch_os_init
                0x000000000000998c       0xa0 /Users/briangiori/dev/newt/blegpio/bin/blegpio/libs/os/os.a(os_arch_arm.o)
                0x000000000000998c                os_arch_os_init
 .text.os_arch_start
                0x0000000000009a2c       0x30 /Users/briangiori/dev/newt/blegpio/bin/blegpio/libs/os/os.a(os_arch_arm.o)
                0x0000000000009a2c                os_arch_start
 .text.os_arch_os_start
                0x0000000000009a5c       0x48 /Users/briangiori/dev/newt/blegpio/bin/blegpio/libs/os/os.a(os_arch_arm.o)
                0x0000000000009a5c                os_arch_os_start
 .text.os_callout_func_init
                0x0000000000009aa4       0x1e /Users/briangiori/dev/newt/blegpio/bin/blegpio/libs/os/os.a(os_callout.o)
                0x0000000000009aa4                os_callout_func_init
 *fill*         0x0000000000009ac2        0x2 
 .text.os_callout_stop
                0x0000000000009ac4       0x3c /Users/briangiori/dev/newt/blegpio/bin/blegpio/libs/os/os.a(os_callout.o)
                0x0000000000009ac4                os_callout_stop
 .text.os_callout_reset
                0x0000000000009b00       0x64 /Users/briangiori/dev/newt/blegpio/bin/blegpio/libs/os/os.a(os_callout.o)
                0x0000000000009b00                os_callout_reset
 .text.os_callout_tick
                0x0000000000009b64       0x48 /Users/briangiori/dev/newt/blegpio/bin/blegpio/libs/os/os.a(os_callout.o)
                0x0000000000009b64                os_callout_tick
 .text.os_callout_wakeup_ticks
                0x0000000000009bac       0x34 /Users/briangiori/dev/newt/blegpio/bin/blegpio/libs/os/os.a(os_callout.o)
                0x0000000000009bac                os_callout_wakeup_ticks
 .text.os_eventq_init
                0x0000000000009be0       0x12 /Users/briangiori/dev/newt/blegpio/bin/blegpio/libs/os/os.a(os_eventq.o)
                0x0000000000009be0                os_eventq_init
 .text.os_eventq_put
                0x0000000000009bf2       0x54 /Users/briangiori/dev/newt/blegpio/bin/blegpio/libs/os/os.a(os_eventq.o)
                0x0000000000009bf2                os_eventq_put
 .text.os_eventq_get
                0x0000000000009c46       0x4c /Users/briangiori/dev/newt/blegpio/bin/blegpio/libs/os/os.a(os_eventq.o)
                0x0000000000009c46                os_eventq_get
 .text.os_eventq_remove
                0x0000000000009c92       0x3e /Users/briangiori/dev/newt/blegpio/bin/blegpio/libs/os/os.a(os_eventq.o)
                0x0000000000009c92                os_eventq_remove
 .text.__assert_func
                0x0000000000009cd0       0x48 /Users/briangiori/dev/newt/blegpio/bin/blegpio/libs/os/os.a(os_fault.o)
                0x0000000000009cd0                __assert_func
 .text.os_default_irq
                0x0000000000009d18       0x90 /Users/briangiori/dev/newt/blegpio/bin/blegpio/libs/os/os.a(os_fault.o)
                0x0000000000009d18                os_default_irq
 .text._os_mbuf_trailingspace
                0x0000000000009da8       0x14 /Users/briangiori/dev/newt/blegpio/bin/blegpio/libs/os/os.a(os_mbuf.o)
 .text._os_msys_find_pool
                0x0000000000009dbc       0x24 /Users/briangiori/dev/newt/blegpio/bin/blegpio/libs/os/os.a(os_mbuf.o)
 .text._os_mbuf_copypkthdr
                0x0000000000009de0       0x34 /Users/briangiori/dev/newt/blegpio/bin/blegpio/libs/os/os.a(os_mbuf.o)
 .text.os_mqueue_init
                0x0000000000009e14       0x20 /Users/briangiori/dev/newt/blegpio/bin/blegpio/libs/os/os.a(os_mbuf.o)
                0x0000000000009e14                os_mqueue_init
 .text.os_mqueue_get
                0x0000000000009e34       0x24 /Users/briangiori/dev/newt/blegpio/bin/blegpio/libs/os/os.a(os_mbuf.o)
                0x0000000000009e34                os_mqueue_get
 .text.os_mqueue_put
                0x0000000000009e58       0x3c /Users/briangiori/dev/newt/blegpio/bin/blegpio/libs/os/os.a(os_mbuf.o)
                0x0000000000009e58                os_mqueue_put
 .text.os_msys_register
                0x0000000000009e94       0x38 /Users/briangiori/dev/newt/blegpio/bin/blegpio/libs/os/os.a(os_mbuf.o)
                0x0000000000009e94                os_msys_register
 .text.os_mbuf_pool_init
                0x0000000000009ecc        0xc /Users/briangiori/dev/newt/blegpio/bin/blegpio/libs/os/os.a(os_mbuf.o)
                0x0000000000009ecc                os_mbuf_pool_init
 .text.os_mbuf_get
                0x0000000000009ed8       0x2c /Users/briangiori/dev/newt/blegpio/bin/blegpio/libs/os/os.a(os_mbuf.o)
                0x0000000000009ed8                os_mbuf_get
 .text.os_mbuf_get_pkthdr
                0x0000000000009f04       0x2e /Users/briangiori/dev/newt/blegpio/bin/blegpio/libs/os/os.a(os_mbuf.o)
                0x0000000000009f04                os_mbuf_get_pkthdr
 .text.os_msys_get_pkthdr
                0x0000000000009f32       0x1c /Users/briangiori/dev/newt/blegpio/bin/blegpio/libs/os/os.a(os_mbuf.o)
                0x0000000000009f32                os_msys_get_pkthdr
 .text.os_mbuf_free
                0x0000000000009f4e       0x10 /Users/briangiori/dev/newt/blegpio/bin/blegpio/libs/os/os.a(os_mbuf.o)
                0x0000000000009f4e                os_mbuf_free
 .text.os_mbuf_free_chain
                0x0000000000009f5e       0x12 /Users/briangiori/dev/newt/blegpio/bin/blegpio/libs/os/os.a(os_mbuf.o)
                0x0000000000009f5e                os_mbuf_free_chain
 .text.os_mbuf_append
                0x0000000000009f70       0x9e /Users/briangiori/dev/newt/blegpio/bin/blegpio/libs/os/os.a(os_mbuf.o)
                0x0000000000009f70                os_mbuf_append
 .text.os_mbuf_off
                0x000000000000a00e       0x1c /Users/briangiori/dev/newt/blegpio/bin/blegpio/libs/os/os.a(os_mbuf.o)
                0x000000000000a00e                os_mbuf_off
 .text.os_mbuf_appendfrom
                0x000000000000a02a       0x46 /Users/briangiori/dev/newt/blegpio/bin/blegpio/libs/os/os.a(os_mbuf.o)
                0x000000000000a02a                os_mbuf_appendfrom
 .text.os_mbuf_copydata
                0x000000000000a070       0x4e /Users/briangiori/dev/newt/blegpio/bin/blegpio/libs/os/os.a(os_mbuf.o)
                0x000000000000a070                os_mbuf_copydata
 .text.os_mbuf_adj
                0x000000000000a0be       0x96 /Users/briangiori/dev/newt/blegpio/bin/blegpio/libs/os/os.a(os_mbuf.o)
                0x000000000000a0be                os_mbuf_adj
 .text.os_mbuf_memcmp
                0x000000000000a154       0x5a /Users/briangiori/dev/newt/blegpio/bin/blegpio/libs/os/os.a(os_mbuf.o)
                0x000000000000a154                os_mbuf_memcmp
 .text.os_mbuf_prepend
                0x000000000000a1ae       0x88 /Users/briangiori/dev/newt/blegpio/bin/blegpio/libs/os/os.a(os_mbuf.o)
                0x000000000000a1ae                os_mbuf_prepend
 .text.os_mbuf_concat
                0x000000000000a236       0x3a /Users/briangiori/dev/newt/blegpio/bin/blegpio/libs/os/os.a(os_mbuf.o)
                0x000000000000a236                os_mbuf_concat
 .text.os_mbuf_extend
                0x000000000000a270       0x5c /Users/briangiori/dev/newt/blegpio/bin/blegpio/libs/os/os.a(os_mbuf.o)
                0x000000000000a270                os_mbuf_extend
 .text.os_mbuf_pullup
                0x000000000000a2cc       0xc4 /Users/briangiori/dev/newt/blegpio/bin/blegpio/libs/os/os.a(os_mbuf.o)
                0x000000000000a2cc                os_mbuf_pullup
 .text.os_mempool_init
                0x000000000000a390       0x68 /Users/briangiori/dev/newt/blegpio/bin/blegpio/libs/os/os.a(os_mempool.o)
                0x000000000000a390                os_mempool_init
 .text.os_memblock_get
                0x000000000000a3f8       0x28 /Users/briangiori/dev/newt/blegpio/bin/blegpio/libs/os/os.a(os_mempool.o)
                0x000000000000a3f8                os_memblock_get
 .text.os_memblock_put
                0x000000000000a420       0x52 /Users/briangiori/dev/newt/blegpio/bin/blegpio/libs/os/os.a(os_mempool.o)
                0x000000000000a420                os_memblock_put
 *fill*         0x000000000000a472        0x2 
 .text.os_sched_insert
                0x000000000000a474       0x4c /Users/briangiori/dev/newt/blegpio/bin/blegpio/libs/os/os.a(os_sched.o)
                0x000000000000a474                os_sched_insert
 .text.os_sched_ctx_sw_hook
                0x000000000000a4c0       0x30 /Users/briangiori/dev/newt/blegpio/bin/blegpio/libs/os/os.a(os_sched.o)
                0x000000000000a4c0                os_sched_ctx_sw_hook
 .text.os_sched_get_current_task
                0x000000000000a4f0        0xc /Users/briangiori/dev/newt/blegpio/bin/blegpio/libs/os/os.a(os_sched.o)
                0x000000000000a4f0                os_sched_get_current_task
 .text.os_sched_set_current_task
                0x000000000000a4fc        0xc /Users/briangiori/dev/newt/blegpio/bin/blegpio/libs/os/os.a(os_sched.o)
                0x000000000000a4fc                os_sched_set_current_task
 .text.os_sched
                0x000000000000a508       0x30 /Users/briangiori/dev/newt/blegpio/bin/blegpio/libs/os/os.a(os_sched.o)
                0x000000000000a508                os_sched
 .text.os_sched_sleep
                0x000000000000a538       0x74 /Users/briangiori/dev/newt/blegpio/bin/blegpio/libs/os/os.a(os_sched.o)
                0x000000000000a538                os_sched_sleep
 .text.os_sched_wakeup
                0x000000000000a5ac       0x74 /Users/briangiori/dev/newt/blegpio/bin/blegpio/libs/os/os.a(os_sched.o)
                0x000000000000a5ac                os_sched_wakeup
 .text.os_sched_os_timer_exp
                0x000000000000a620       0x3c /Users/briangiori/dev/newt/blegpio/bin/blegpio/libs/os/os.a(os_sched.o)
                0x000000000000a620                os_sched_os_timer_exp
 .text.os_sched_wakeup_ticks
                0x000000000000a65c       0x3c /Users/briangiori/dev/newt/blegpio/bin/blegpio/libs/os/os.a(os_sched.o)
                0x000000000000a65c                os_sched_wakeup_ticks
 .text.os_sched_next_task
                0x000000000000a698        0xc /Users/briangiori/dev/newt/blegpio/bin/blegpio/libs/os/os.a(os_sched.o)
                0x000000000000a698                os_sched_next_task
 .text.os_sched_resort
                0x000000000000a6a4       0x24 /Users/briangiori/dev/newt/blegpio/bin/blegpio/libs/os/os.a(os_sched.o)
                0x000000000000a6a4                os_sched_resort
 .text.os_task_init
                0x000000000000a6c8       0xb4 /Users/briangiori/dev/newt/blegpio/bin/blegpio/libs/os/os.a(os_task.o)
                0x000000000000a6c8                os_task_init
 .text.os_deltatime
                0x000000000000a77c       0x44 /Users/briangiori/dev/newt/blegpio/bin/blegpio/libs/os/os.a(os_time.o)
 .text.os_time_get
                0x000000000000a7c0        0xc /Users/briangiori/dev/newt/blegpio/bin/blegpio/libs/os/os.a(os_time.o)
                0x000000000000a7c0                os_time_get
 .text.os_time_advance
                0x000000000000a7cc       0x70 /Users/briangiori/dev/newt/blegpio/bin/blegpio/libs/os/os.a(os_time.o)
                0x000000000000a7cc                os_time_advance
 .text.os_time_delay
                0x000000000000a83c       0x28 /Users/briangiori/dev/newt/blegpio/bin/blegpio/libs/os/os.a(os_time.o)
                0x000000000000a83c                os_time_delay
 .text.os_gettimeofday
                0x000000000000a864       0x40 /Users/briangiori/dev/newt/blegpio/bin/blegpio/libs/os/os.a(os_time.o)
                0x000000000000a864                os_gettimeofday
 .text.os_get_uptime_usec
                0x000000000000a8a4       0x58 /Users/briangiori/dev/newt/blegpio/bin/blegpio/libs/os/os.a(os_time.o)
                0x000000000000a8a4                os_get_uptime_usec
 .text.os_time_ms_to_ticks
                0x000000000000a8fc       0x1a /Users/briangiori/dev/newt/blegpio/bin/blegpio/libs/os/os.a(os_time.o)
                0x000000000000a8fc                os_time_ms_to_ticks
 *fill*         0x000000000000a916        0x2 
 .text          0x000000000000a918       0xcc /Users/briangiori/dev/newt/blegpio/bin/blegpio/libs/os/os.a(HAL_CM4.o)
                0x000000000000a918                os_set_env
                0x000000000000a92e                os_arch_init_task_stack
                0x000000000000a934                SVC_Handler
                0x000000000000a97a                PendSV_Handler
                0x000000000000a9a4                SysTick_Handler
                0x000000000000a9b0                os_default_irq_asm
 .text.os_sanity_check_list_lock
                0x000000000000a9e4       0x1c /Users/briangiori/dev/newt/blegpio/bin/blegpio/libs/os/os.a(os_sanity.o)
 .text.os_sanity_check_list_unlock
                0x000000000000aa00       0x18 /Users/briangiori/dev/newt/blegpio/bin/blegpio/libs/os/os.a(os_sanity.o)
 .text.os_sanity_check_init
                0x000000000000aa18        0xe /Users/briangiori/dev/newt/blegpio/bin/blegpio/libs/os/os.a(os_sanity.o)
                0x000000000000aa18                os_sanity_check_init
 *fill*         0x000000000000aa26        0x2 
 .text.os_sanity_check_register
                0x000000000000aa28       0x20 /Users/briangiori/dev/newt/blegpio/bin/blegpio/libs/os/os.a(os_sanity.o)
                0x000000000000aa28                os_sanity_check_register
 .text.os_mutex_init
                0x000000000000aa48       0x14 /Users/briangiori/dev/newt/blegpio/bin/blegpio/libs/os/os.a(os_mutex.o)
                0x000000000000aa48                os_mutex_init
 .text.os_mutex_release
                0x000000000000aa5c       0x90 /Users/briangiori/dev/newt/blegpio/bin/blegpio/libs/os/os.a(os_mutex.o)
                0x000000000000aa5c                os_mutex_release
 .text.os_mutex_pend
                0x000000000000aaec       0xe0 /Users/briangiori/dev/newt/blegpio/bin/blegpio/libs/os/os.a(os_mutex.o)
                0x000000000000aaec                os_mutex_pend
 .text.ble_ll_wfr_timer_exp
                0x000000000000abcc       0x38 /Users/briangiori/dev/newt/blegpio/bin/blegpio/net/nimble/controller/controller.a(ble_ll.o)
                0x000000000000abcc                ble_ll_wfr_timer_exp
 .text.ble_ll_flush_pkt_queue
                0x000000000000ac04       0x1c /Users/briangiori/dev/newt/blegpio/bin/blegpio/net/nimble/controller/controller.a(ble_ll.o)
 .text.ble_ll_task
                0x000000000000ac20      0x218 /Users/briangiori/dev/newt/blegpio/bin/blegpio/net/nimble/controller/controller.a(ble_ll.o)
                0x000000000000ac20                ble_ll_task
 .text.ble_ll_chk_txrx_octets
                0x000000000000ae38        0xc /Users/briangiori/dev/newt/blegpio/bin/blegpio/net/nimble/controller/controller.a(ble_ll.o)
                0x000000000000ae38                ble_ll_chk_txrx_octets
 .text.ble_ll_chk_txrx_time
                0x000000000000ae44       0x10 /Users/briangiori/dev/newt/blegpio/bin/blegpio/net/nimble/controller/controller.a(ble_ll.o)
                0x000000000000ae44                ble_ll_chk_txrx_time
 .text.ble_ll_is_rpa
                0x000000000000ae54       0x16 /Users/briangiori/dev/newt/blegpio/bin/blegpio/net/nimble/controller/controller.a(ble_ll.o)
                0x000000000000ae54                ble_ll_is_rpa
 *fill*         0x000000000000ae6a        0x2 
 .text.ble_ll_is_valid_random_addr
                0x000000000000ae6c       0x6c /Users/briangiori/dev/newt/blegpio/bin/blegpio/net/nimble/controller/controller.a(ble_ll.o)
                0x000000000000ae6c                ble_ll_is_valid_random_addr
 .text.ble_ll_set_random_addr
                0x000000000000aed8       0x20 /Users/briangiori/dev/newt/blegpio/bin/blegpio/net/nimble/controller/controller.a(ble_ll.o)
                0x000000000000aed8                ble_ll_set_random_addr
 .text.ble_ll_is_our_devaddr
                0x000000000000aef8       0x28 /Users/briangiori/dev/newt/blegpio/bin/blegpio/net/nimble/controller/controller.a(ble_ll.o)
                0x000000000000aef8                ble_ll_is_our_devaddr
 .text.ble_ll_wfr_enable
                0x000000000000af20        0xc /Users/briangiori/dev/newt/blegpio/bin/blegpio/net/nimble/controller/controller.a(ble_ll.o)
                0x000000000000af20                ble_ll_wfr_enable
 .text.ble_ll_wfr_disable
                0x000000000000af2c        0xc /Users/briangiori/dev/newt/blegpio/bin/blegpio/net/nimble/controller/controller.a(ble_ll.o)
                0x000000000000af2c                ble_ll_wfr_disable
 .text.ble_ll_rx_pdu_in
                0x000000000000af38       0x20 /Users/briangiori/dev/newt/blegpio/bin/blegpio/net/nimble/controller/controller.a(ble_ll.o)
                0x000000000000af38                ble_ll_rx_pdu_in
 .text.ble_ll_acl_data_in
                0x000000000000af58       0x34 /Users/briangiori/dev/newt/blegpio/bin/blegpio/net/nimble/controller/controller.a(ble_ll.o)
                0x000000000000af58                ble_ll_acl_data_in
 .text.ble_ll_rx_start
                0x000000000000af8c       0x8c /Users/briangiori/dev/newt/blegpio/bin/blegpio/net/nimble/controller/controller.a(ble_ll.o)
                0x000000000000af8c                ble_ll_rx_start
 .text.ble_ll_rx_end
                0x000000000000b018       0xcc /Users/briangiori/dev/newt/blegpio/bin/blegpio/net/nimble/controller/controller.a(ble_ll.o)
                0x000000000000b018                ble_ll_rx_end
 .text.ble_ll_state_set
                0x000000000000b0e4        0xc /Users/briangiori/dev/newt/blegpio/bin/blegpio/net/nimble/controller/controller.a(ble_ll.o)
                0x000000000000b0e4                ble_ll_state_set
 .text.ble_ll_state_get
                0x000000000000b0f0        0xc /Users/briangiori/dev/newt/blegpio/bin/blegpio/net/nimble/controller/controller.a(ble_ll.o)
                0x000000000000b0f0                ble_ll_state_get
 .text.ble_ll_event_send
                0x000000000000b0fc        0xc /Users/briangiori/dev/newt/blegpio/bin/blegpio/net/nimble/controller/controller.a(ble_ll.o)
                0x000000000000b0fc                ble_ll_event_send
 .text.ble_ll_read_supp_states
                0x000000000000b108        0xa /Users/briangiori/dev/newt/blegpio/bin/blegpio/net/nimble/controller/controller.a(ble_ll.o)
                0x000000000000b108                ble_ll_read_supp_states
 *fill*         0x000000000000b112        0x2 
 .text.ble_ll_read_supp_features
                0x000000000000b114        0xc /Users/briangiori/dev/newt/blegpio/bin/blegpio/net/nimble/controller/controller.a(ble_ll.o)
                0x000000000000b114                ble_ll_read_supp_features
 .text.ble_ll_mbuf_init
                0x000000000000b120       0x12 /Users/briangiori/dev/newt/blegpio/bin/blegpio/net/nimble/controller/controller.a(ble_ll.o)
                0x000000000000b120                ble_ll_mbuf_init
 *fill*         0x000000000000b132        0x2 
 .text.ble_ll_reset
                0x000000000000b134       0x70 /Users/briangiori/dev/newt/blegpio/bin/blegpio/net/nimble/controller/controller.a(ble_ll.o)
                0x000000000000b134                ble_ll_reset
 .text.ble_ll_init
                0x000000000000b1a4       0xac /Users/briangiori/dev/newt/blegpio/bin/blegpio/net/nimble/controller/controller.a(ble_ll.o)
                0x000000000000b1a4                ble_ll_init
 .text.ble_ll_adv_tx_done
                0x000000000000b250       0x1c /Users/briangiori/dev/newt/blegpio/bin/blegpio/net/nimble/controller/controller.a(ble_ll_adv.o)
 .text.ble_ll_adv_set_sched
                0x000000000000b26c       0x6c /Users/briangiori/dev/newt/blegpio/bin/blegpio/net/nimble/controller/controller.a(ble_ll_adv.o)
 .text.ble_ll_adv_tx_start_cb
                0x000000000000b2d8      0x140 /Users/briangiori/dev/newt/blegpio/bin/blegpio/net/nimble/controller/controller.a(ble_ll_adv.o)
 .text.ble_ll_adv_sm_stop.constprop.4
                0x000000000000b418       0x48 /Users/briangiori/dev/newt/blegpio/bin/blegpio/net/nimble/controller/controller.a(ble_ll_adv.o)
 .text.ble_ll_adv_chk_rpa_timeout
                0x000000000000b460       0x7e /Users/briangiori/dev/newt/blegpio/bin/blegpio/net/nimble/controller/controller.a(ble_ll_adv.o)
                0x000000000000b460                ble_ll_adv_chk_rpa_timeout
 *fill*         0x000000000000b4de        0x2 
 .text.ble_ll_adv_halt
                0x000000000000b4e0        0xc /Users/briangiori/dev/newt/blegpio/bin/blegpio/net/nimble/controller/controller.a(ble_ll_adv.o)
                0x000000000000b4e0                ble_ll_adv_halt
 .text.ble_ll_adv_set_adv_params
                0x000000000000b4ec       0xec /Users/briangiori/dev/newt/blegpio/bin/blegpio/net/nimble/controller/controller.a(ble_ll_adv.o)
                0x000000000000b4ec                ble_ll_adv_set_adv_params
 .text.ble_ll_adv_scheduled
                0x000000000000b5d8       0x28 /Users/briangiori/dev/newt/blegpio/bin/blegpio/net/nimble/controller/controller.a(ble_ll_adv.o)
                0x000000000000b5d8                ble_ll_adv_scheduled
 .text.ble_ll_adv_read_txpwr
                0x000000000000b600        0xc /Users/briangiori/dev/newt/blegpio/bin/blegpio/net/nimble/controller/controller.a(ble_ll_adv.o)
                0x000000000000b600                ble_ll_adv_read_txpwr
 .text.ble_ll_adv_set_enable
                0x000000000000b60c       0xc8 /Users/briangiori/dev/newt/blegpio/bin/blegpio/net/nimble/controller/controller.a(ble_ll_adv.o)
                0x000000000000b60c                ble_ll_adv_set_enable
 .text.ble_ll_adv_set_scan_rsp_data
                0x000000000000b6d4       0x24 /Users/briangiori/dev/newt/blegpio/bin/blegpio/net/nimble/controller/controller.a(ble_ll_adv.o)
                0x000000000000b6d4                ble_ll_adv_set_scan_rsp_data
 .text.ble_ll_adv_set_adv_data
                0x000000000000b6f8       0x24 /Users/briangiori/dev/newt/blegpio/bin/blegpio/net/nimble/controller/controller.a(ble_ll_adv.o)
                0x000000000000b6f8                ble_ll_adv_set_adv_data
 .text.ble_ll_adv_conn_req_rxd
                0x000000000000b71c       0xcc /Users/briangiori/dev/newt/blegpio/bin/blegpio/net/nimble/controller/controller.a(ble_ll_adv.o)
                0x000000000000b71c                ble_ll_adv_conn_req_rxd
 .text.ble_ll_adv_rx_isr_end
                0x000000000000b7e8      0x164 /Users/briangiori/dev/newt/blegpio/bin/blegpio/net/nimble/controller/controller.a(ble_ll_adv.o)
                0x000000000000b7e8                ble_ll_adv_rx_isr_end
 .text.ble_ll_adv_rx_isr_start
                0x000000000000b94c       0x38 /Users/briangiori/dev/newt/blegpio/bin/blegpio/net/nimble/controller/controller.a(ble_ll_adv.o)
                0x000000000000b94c                ble_ll_adv_rx_isr_start
 .text.ble_ll_adv_event_done
                0x000000000000b984      0x13c /Users/briangiori/dev/newt/blegpio/bin/blegpio/net/nimble/controller/controller.a(ble_ll_adv.o)
                0x000000000000b984                ble_ll_adv_event_done
 .text.ble_ll_adv_rx_pkt_in
                0x000000000000bac0       0x34 /Users/briangiori/dev/newt/blegpio/bin/blegpio/net/nimble/controller/controller.a(ble_ll_adv.o)
                0x000000000000bac0                ble_ll_adv_rx_pkt_in
 .text.ble_ll_adv_can_chg_whitelist
                0x000000000000baf4       0x18 /Users/briangiori/dev/newt/blegpio/bin/blegpio/net/nimble/controller/controller.a(ble_ll_adv.o)
                0x000000000000baf4                ble_ll_adv_can_chg_whitelist
 .text.ble_ll_adv_get_local_rpa
                0x000000000000bb0c       0x14 /Users/briangiori/dev/newt/blegpio/bin/blegpio/net/nimble/controller/controller.a(ble_ll_adv.o)
                0x000000000000bb0c                ble_ll_adv_get_local_rpa
 .text.ble_ll_adv_get_peer_rpa
                0x000000000000bb20        0x8 /Users/briangiori/dev/newt/blegpio/bin/blegpio/net/nimble/controller/controller.a(ble_ll_adv.o)
                0x000000000000bb20                ble_ll_adv_get_peer_rpa
 .text.ble_ll_adv_wfr_timer_exp
                0x000000000000bb28       0x14 /Users/briangiori/dev/newt/blegpio/bin/blegpio/net/nimble/controller/controller.a(ble_ll_adv.o)
                0x000000000000bb28                ble_ll_adv_wfr_timer_exp
 .text.ble_ll_adv_enabled
                0x000000000000bb3c        0xc /Users/briangiori/dev/newt/blegpio/bin/blegpio/net/nimble/controller/controller.a(ble_ll_adv.o)
                0x000000000000bb3c                ble_ll_adv_enabled
 .text.ble_ll_adv_init
                0x000000000000bb48       0x2c /Users/briangiori/dev/newt/blegpio/bin/blegpio/net/nimble/controller/controller.a(ble_ll_adv.o)
                0x000000000000bb48                ble_ll_adv_init
 .text.ble_ll_adv_reset
                0x000000000000bb74        0xe /Users/briangiori/dev/newt/blegpio/bin/blegpio/net/nimble/controller/controller.a(ble_ll_adv.o)
                0x000000000000bb74                ble_ll_adv_reset
 .text.ble_ll_conn_spvn_timer_cb
                0x000000000000bb82        0x6 /Users/briangiori/dev/newt/blegpio/bin/blegpio/net/nimble/controller/controller.a(ble_ll_conn.o)
                0x000000000000bb82                ble_ll_conn_spvn_timer_cb
 .text.ble_ll_conn_current_sm_over
                0x000000000000bb88       0x1c /Users/briangiori/dev/newt/blegpio/bin/blegpio/net/nimble/controller/controller.a(ble_ll_conn.o)
 .text.ble_ll_conn_rxend_unencrypt
                0x000000000000bba4       0x1c /Users/briangiori/dev/newt/blegpio/bin/blegpio/net/nimble/controller/controller.a(ble_ll_conn.o)
 .text.ble_ll_conn_txend_encrypt
                0x000000000000bbc0       0x1c /Users/briangiori/dev/newt/blegpio/bin/blegpio/net/nimble/controller/controller.a(ble_ll_conn.o)
 .text.ble_ll_conn_wait_txend
                0x000000000000bbdc       0x14 /Users/briangiori/dev/newt/blegpio/bin/blegpio/net/nimble/controller/controller.a(ble_ll_conn.o)
 .text.ble_ll_conn_req_txend
                0x000000000000bbf0        0x6 /Users/briangiori/dev/newt/blegpio/bin/blegpio/net/nimble/controller/controller.a(ble_ll_conn.o)
 .text.ble_ll_conn_start_rx_encrypt
                0x000000000000bbf6       0x30 /Users/briangiori/dev/newt/blegpio/bin/blegpio/net/nimble/controller/controller.a(ble_ll_conn.o)
 .text.ble_ll_conn_start_rx_unencrypt
                0x000000000000bc26        0xc /Users/briangiori/dev/newt/blegpio/bin/blegpio/net/nimble/controller/controller.a(ble_ll_conn.o)
 .text.ble_ll_conn_continue_rx_encrypt
                0x000000000000bc32       0x16 /Users/briangiori/dev/newt/blegpio/bin/blegpio/net/nimble/controller/controller.a(ble_ll_conn.o)
 .text.ble_ll_conn_get_next_sched_time
                0x000000000000bc48       0x2e /Users/briangiori/dev/newt/blegpio/bin/blegpio/net/nimble/controller/controller.a(ble_ll_conn.o)
 *fill*         0x000000000000bc76        0x2 
 .text.ble_ll_conn_tx_data_pdu
                0x000000000000bc78      0x38c /Users/briangiori/dev/newt/blegpio/bin/blegpio/net/nimble/controller/controller.a(ble_ll_conn.o)
 .text.ble_ll_conn_event_start_cb
                0x000000000000c004       0xf8 /Users/briangiori/dev/newt/blegpio/bin/blegpio/net/nimble/controller/controller.a(ble_ll_conn.o)
 .text.ble_ll_conn_chk_csm_flags
                0x000000000000c0fc       0x5e /Users/briangiori/dev/newt/blegpio/bin/blegpio/net/nimble/controller/controller.a(ble_ll_conn.o)
 .text.ble_ll_conn_is_lru
                0x000000000000c15a        0xa /Users/briangiori/dev/newt/blegpio/bin/blegpio/net/nimble/controller/controller.a(ble_ll_conn.o)
                0x000000000000c15a                ble_ll_conn_is_lru
 .text.ble_ll_conn_get_ce_end_time
                0x000000000000c164       0x14 /Users/briangiori/dev/newt/blegpio/bin/blegpio/net/nimble/controller/controller.a(ble_ll_conn.o)
                0x000000000000c164                ble_ll_conn_get_ce_end_time
 .text.ble_ll_conn_find_active_conn
                0x000000000000c178       0x18 /Users/briangiori/dev/newt/blegpio/bin/blegpio/net/nimble/controller/controller.a(ble_ll_conn.o)
                0x000000000000c178                ble_ll_conn_find_active_conn
 .text.ble_ll_conn_sm_get
                0x000000000000c190       0x24 /Users/briangiori/dev/newt/blegpio/bin/blegpio/net/nimble/controller/controller.a(ble_ll_conn.o)
                0x000000000000c190                ble_ll_conn_sm_get
 .text.ble_ll_conn_calc_window_widening
                0x000000000000c1b4       0x38 /Users/briangiori/dev/newt/blegpio/bin/blegpio/net/nimble/controller/controller.a(ble_ll_conn.o)
                0x000000000000c1b4                ble_ll_conn_calc_window_widening
 .text.ble_ll_conn_calc_used_chans
                0x000000000000c1ec       0x32 /Users/briangiori/dev/newt/blegpio/bin/blegpio/net/nimble/controller/controller.a(ble_ll_conn.o)
                0x000000000000c1ec                ble_ll_conn_calc_used_chans
 .text.ble_ll_conn_calc_dci
                0x000000000000c21e       0x78 /Users/briangiori/dev/newt/blegpio/bin/blegpio/net/nimble/controller/controller.a(ble_ll_conn.o)
                0x000000000000c21e                ble_ll_conn_calc_dci
 .text.ble_ll_conn_next_event
                0x000000000000c296      0x198 /Users/briangiori/dev/newt/blegpio/bin/blegpio/net/nimble/controller/controller.a(ble_ll_conn.o)
 *fill*         0x000000000000c42e        0x2 
 .text.ble_ll_conn_created
                0x000000000000c430       0xb8 /Users/briangiori/dev/newt/blegpio/bin/blegpio/net/nimble/controller/controller.a(ble_ll_conn.o)
 .text.ble_ll_conn_wfr_timer_exp
                0x000000000000c4e8       0x28 /Users/briangiori/dev/newt/blegpio/bin/blegpio/net/nimble/controller/controller.a(ble_ll_conn.o)
                0x000000000000c4e8                ble_ll_conn_wfr_timer_exp
 .text.ble_ll_conn_auth_pyld_timer_start
                0x000000000000c510       0x18 /Users/briangiori/dev/newt/blegpio/bin/blegpio/net/nimble/controller/controller.a(ble_ll_conn.o)
                0x000000000000c510                ble_ll_conn_auth_pyld_timer_start
 .text.ble_ll_conn_auth_pyld_timer_cb
                0x000000000000c528       0x1a /Users/briangiori/dev/newt/blegpio/bin/blegpio/net/nimble/controller/controller.a(ble_ll_conn.o)
                0x000000000000c528                ble_ll_conn_auth_pyld_timer_cb
 *fill*         0x000000000000c542        0x2 
 .text.ble_ll_conn_master_init
                0x000000000000c544      0x130 /Users/briangiori/dev/newt/blegpio/bin/blegpio/net/nimble/controller/controller.a(ble_ll_conn.o)
                0x000000000000c544                ble_ll_conn_master_init
 .text.ble_ll_conn_sm_new
                0x000000000000c674      0x108 /Users/briangiori/dev/newt/blegpio/bin/blegpio/net/nimble/controller/controller.a(ble_ll_conn.o)
                0x000000000000c674                ble_ll_conn_sm_new
 .text.ble_ll_conn_datalen_update
                0x000000000000c77c       0x68 /Users/briangiori/dev/newt/blegpio/bin/blegpio/net/nimble/controller/controller.a(ble_ll_conn.o)
                0x000000000000c77c                ble_ll_conn_datalen_update
 .text.ble_ll_conn_end
                0x000000000000c7e4       0xc0 /Users/briangiori/dev/newt/blegpio/bin/blegpio/net/nimble/controller/controller.a(ble_ll_conn.o)
                0x000000000000c7e4                ble_ll_conn_end
 .text.ble_ll_conn_event_end
                0x000000000000c8a4       0xa4 /Users/briangiori/dev/newt/blegpio/bin/blegpio/net/nimble/controller/controller.a(ble_ll_conn.o)
                0x000000000000c8a4                ble_ll_conn_event_end
 .text.ble_ll_conn_event_halt
                0x000000000000c948       0x28 /Users/briangiori/dev/newt/blegpio/bin/blegpio/net/nimble/controller/controller.a(ble_ll_conn.o)
                0x000000000000c948                ble_ll_conn_event_halt
 .text.ble_ll_init_rx_pkt_in
                0x000000000000c970       0x8c /Users/briangiori/dev/newt/blegpio/bin/blegpio/net/nimble/controller/controller.a(ble_ll_conn.o)
                0x000000000000c970                ble_ll_init_rx_pkt_in
 .text.ble_ll_init_rx_isr_end
                0x000000000000c9fc      0x29c /Users/briangiori/dev/newt/blegpio/bin/blegpio/net/nimble/controller/controller.a(ble_ll_conn.o)
                0x000000000000c9fc                ble_ll_init_rx_isr_end
 .text.ble_ll_conn_timeout
                0x000000000000cc98       0x3c /Users/briangiori/dev/newt/blegpio/bin/blegpio/net/nimble/controller/controller.a(ble_ll_conn.o)
                0x000000000000cc98                ble_ll_conn_timeout
 .text.ble_ll_conn_spvn_timeout
                0x000000000000ccd4        0x6 /Users/briangiori/dev/newt/blegpio/bin/blegpio/net/nimble/controller/controller.a(ble_ll_conn.o)
                0x000000000000ccd4                ble_ll_conn_spvn_timeout
 *fill*         0x000000000000ccda        0x2 
 .text.ble_ll_conn_rx_isr_start
                0x000000000000ccdc       0x60 /Users/briangiori/dev/newt/blegpio/bin/blegpio/net/nimble/controller/controller.a(ble_ll_conn.o)
                0x000000000000ccdc                ble_ll_conn_rx_isr_start
 .text.ble_ll_conn_rx_data_pdu
                0x000000000000cd3c      0x174 /Users/briangiori/dev/newt/blegpio/bin/blegpio/net/nimble/controller/controller.a(ble_ll_conn.o)
                0x000000000000cd3c                ble_ll_conn_rx_data_pdu
 .text.ble_ll_conn_rx_isr_end
                0x000000000000ceb0      0x244 /Users/briangiori/dev/newt/blegpio/bin/blegpio/net/nimble/controller/controller.a(ble_ll_conn.o)
                0x000000000000ceb0                ble_ll_conn_rx_isr_end
 .text.ble_ll_conn_enqueue_pkt
                0x000000000000d0f4       0x8a /Users/briangiori/dev/newt/blegpio/bin/blegpio/net/nimble/controller/controller.a(ble_ll_conn.o)
                0x000000000000d0f4                ble_ll_conn_enqueue_pkt
 *fill*         0x000000000000d17e        0x2 
 .text.ble_ll_conn_tx_pkt_in
                0x000000000000d180       0x48 /Users/briangiori/dev/newt/blegpio/bin/blegpio/net/nimble/controller/controller.a(ble_ll_conn.o)
                0x000000000000d180                ble_ll_conn_tx_pkt_in
 .text.ble_ll_conn_set_global_chanmap
                0x000000000000d1c8       0x40 /Users/briangiori/dev/newt/blegpio/bin/blegpio/net/nimble/controller/controller.a(ble_ll_conn.o)
                0x000000000000d1c8                ble_ll_conn_set_global_chanmap
 .text.ble_ll_conn_slave_start
                0x000000000000d208      0x1b0 /Users/briangiori/dev/newt/blegpio/bin/blegpio/net/nimble/controller/controller.a(ble_ll_conn.o)
                0x000000000000d208                ble_ll_conn_slave_start
 .text.ble_ll_conn_module_reset
                0x000000000000d3b8       0x90 /Users/briangiori/dev/newt/blegpio/bin/blegpio/net/nimble/controller/controller.a(ble_ll_conn.o)
                0x000000000000d3b8                ble_ll_conn_module_reset
 .text.ble_ll_conn_module_init
                0x000000000000d448       0x74 /Users/briangiori/dev/newt/blegpio/bin/blegpio/net/nimble/controller/controller.a(ble_ll_conn.o)
                0x000000000000d448                ble_ll_conn_module_init
 .text.ble_ll_conn_hci_chk_conn_params
                0x000000000000d4bc       0x44 /Users/briangiori/dev/newt/blegpio/bin/blegpio/net/nimble/controller/controller.a(ble_ll_conn_hci.o)
                0x000000000000d4bc                ble_ll_conn_hci_chk_conn_params
 .text.ble_ll_conn_comp_event_send
                0x000000000000d500      0x108 /Users/briangiori/dev/newt/blegpio/bin/blegpio/net/nimble/controller/controller.a(ble_ll_conn_hci.o)
                0x000000000000d500                ble_ll_conn_comp_event_send
 .text.ble_ll_conn_num_comp_pkts_event_send
                0x000000000000d608       0xd8 /Users/briangiori/dev/newt/blegpio/bin/blegpio/net/nimble/controller/controller.a(ble_ll_conn_hci.o)
                0x000000000000d608                ble_ll_conn_num_comp_pkts_event_send
 .text.ble_ll_auth_pyld_tmo_event_send
                0x000000000000d6e0       0x38 /Users/briangiori/dev/newt/blegpio/bin/blegpio/net/nimble/controller/controller.a(ble_ll_conn_hci.o)
                0x000000000000d6e0                ble_ll_auth_pyld_tmo_event_send
 .text.ble_ll_disconn_comp_event_send
                0x000000000000d718       0x40 /Users/briangiori/dev/newt/blegpio/bin/blegpio/net/nimble/controller/controller.a(ble_ll_conn_hci.o)
                0x000000000000d718                ble_ll_disconn_comp_event_send
 .text.ble_ll_conn_create
                0x000000000000d758      0x1e8 /Users/briangiori/dev/newt/blegpio/bin/blegpio/net/nimble/controller/controller.a(ble_ll_conn_hci.o)
                0x000000000000d758                ble_ll_conn_create
 .text.ble_ll_conn_hci_read_rem_features
                0x000000000000d940       0x30 /Users/briangiori/dev/newt/blegpio/bin/blegpio/net/nimble/controller/controller.a(ble_ll_conn_hci.o)
                0x000000000000d940                ble_ll_conn_hci_read_rem_features
 .text.ble_ll_conn_hci_update
                0x000000000000d970       0xec /Users/briangiori/dev/newt/blegpio/bin/blegpio/net/nimble/controller/controller.a(ble_ll_conn_hci.o)
                0x000000000000d970                ble_ll_conn_hci_update
 .text.ble_ll_conn_hci_param_reply
                0x000000000000da5c       0xfc /Users/briangiori/dev/newt/blegpio/bin/blegpio/net/nimble/controller/controller.a(ble_ll_conn_hci.o)
                0x000000000000da5c                ble_ll_conn_hci_param_reply
 .text.ble_ll_conn_create_cancel
                0x000000000000db58       0x28 /Users/briangiori/dev/newt/blegpio/bin/blegpio/net/nimble/controller/controller.a(ble_ll_conn_hci.o)
                0x000000000000db58                ble_ll_conn_create_cancel
 .text.ble_ll_conn_hci_disconnect_cmd
                0x000000000000db80       0x68 /Users/briangiori/dev/newt/blegpio/bin/blegpio/net/nimble/controller/controller.a(ble_ll_conn_hci.o)
                0x000000000000db80                ble_ll_conn_hci_disconnect_cmd
 .text.ble_ll_conn_hci_rd_rem_ver_cmd
                0x000000000000dbe8       0x3e /Users/briangiori/dev/newt/blegpio/bin/blegpio/net/nimble/controller/controller.a(ble_ll_conn_hci.o)
                0x000000000000dbe8                ble_ll_conn_hci_rd_rem_ver_cmd
 .text.ble_ll_conn_hci_rd_rssi
                0x000000000000dc26       0x34 /Users/briangiori/dev/newt/blegpio/bin/blegpio/net/nimble/controller/controller.a(ble_ll_conn_hci.o)
                0x000000000000dc26                ble_ll_conn_hci_rd_rssi
 .text.ble_ll_conn_hci_rd_chan_map
                0x000000000000dc5a       0x50 /Users/briangiori/dev/newt/blegpio/bin/blegpio/net/nimble/controller/controller.a(ble_ll_conn_hci.o)
                0x000000000000dc5a                ble_ll_conn_hci_rd_chan_map
 .text.ble_ll_conn_hci_set_chan_class
                0x000000000000dcaa       0x26 /Users/briangiori/dev/newt/blegpio/bin/blegpio/net/nimble/controller/controller.a(ble_ll_conn_hci.o)
                0x000000000000dcaa                ble_ll_conn_hci_set_chan_class
 .text.ble_ll_conn_hci_set_data_len
                0x000000000000dcd0       0x56 /Users/briangiori/dev/newt/blegpio/bin/blegpio/net/nimble/controller/controller.a(ble_ll_conn_hci.o)
                0x000000000000dcd0                ble_ll_conn_hci_set_data_len
 .text.ble_ll_conn_hci_le_start_encrypt
                0x000000000000dd26       0x5e /Users/briangiori/dev/newt/blegpio/bin/blegpio/net/nimble/controller/controller.a(ble_ll_conn_hci.o)
                0x000000000000dd26                ble_ll_conn_hci_le_start_encrypt
 .text.ble_ll_conn_hci_le_ltk_reply
                0x000000000000dd84       0x70 /Users/briangiori/dev/newt/blegpio/bin/blegpio/net/nimble/controller/controller.a(ble_ll_conn_hci.o)
                0x000000000000dd84                ble_ll_conn_hci_le_ltk_reply
 .text.ble_ll_conn_hci_wr_auth_pyld_tmo
                0x000000000000ddf4       0x68 /Users/briangiori/dev/newt/blegpio/bin/blegpio/net/nimble/controller/controller.a(ble_ll_conn_hci.o)
                0x000000000000ddf4                ble_ll_conn_hci_wr_auth_pyld_tmo
 .text.ble_ll_ctrl_conn_upd_make
                0x000000000000de5c      0x100 /Users/briangiori/dev/newt/blegpio/bin/blegpio/net/nimble/controller/controller.a(ble_ll_ctrl.o)
 .text.ble_ll_ctrl_datalen_upd_make
                0x000000000000df5c       0x2a /Users/briangiori/dev/newt/blegpio/bin/blegpio/net/nimble/controller/controller.a(ble_ll_ctrl.o)
 *fill*         0x000000000000df86        0x2 
 .text.ble_ll_ctrl_conn_param_pdu_make
                0x000000000000df88       0xcc /Users/briangiori/dev/newt/blegpio/bin/blegpio/net/nimble/controller/controller.a(ble_ll_ctrl.o)
 .text.ble_ll_ctrl_proc_rsp_timer_cb
                0x000000000000e054        0x6 /Users/briangiori/dev/newt/blegpio/bin/blegpio/net/nimble/controller/controller.a(ble_ll_ctrl.o)
                0x000000000000e054                ble_ll_ctrl_proc_rsp_timer_cb
 *fill*         0x000000000000e05a        0x2 
 .text.ble_ll_ctrl_proc_init
                0x000000000000e05c      0x150 /Users/briangiori/dev/newt/blegpio/bin/blegpio/net/nimble/controller/controller.a(ble_ll_ctrl.o)
 .text.ble_ll_ctrl_len_proc
                0x000000000000e1ac       0x72 /Users/briangiori/dev/newt/blegpio/bin/blegpio/net/nimble/controller/controller.a(ble_ll_ctrl.o)
 .text.ble_ll_ctrl_rx_feature_req
                0x000000000000e21e       0x38 /Users/briangiori/dev/newt/blegpio/bin/blegpio/net/nimble/controller/controller.a(ble_ll_ctrl.o)
 .text.ble_ll_calc_session_key
                0x000000000000e256       0x12 /Users/briangiori/dev/newt/blegpio/bin/blegpio/net/nimble/controller/controller.a(ble_ll_ctrl.o)
                0x000000000000e256                ble_ll_calc_session_key
 .text.ble_ll_ctrl_enc_allowed_pdu
                0x000000000000e268       0x30 /Users/briangiori/dev/newt/blegpio/bin/blegpio/net/nimble/controller/controller.a(ble_ll_ctrl.o)
                0x000000000000e268                ble_ll_ctrl_enc_allowed_pdu
 .text.ble_ll_ctrl_is_start_enc_rsp
                0x000000000000e298       0x1a /Users/briangiori/dev/newt/blegpio/bin/blegpio/net/nimble/controller/controller.a(ble_ll_ctrl.o)
                0x000000000000e298                ble_ll_ctrl_is_start_enc_rsp
 .text.ble_ll_ctrl_start_enc_send
                0x000000000000e2b2       0x2a /Users/briangiori/dev/newt/blegpio/bin/blegpio/net/nimble/controller/controller.a(ble_ll_ctrl.o)
                0x000000000000e2b2                ble_ll_ctrl_start_enc_send
 .text.ble_ll_ctrl_conn_param_reply
                0x000000000000e2dc       0x1c /Users/briangiori/dev/newt/blegpio/bin/blegpio/net/nimble/controller/controller.a(ble_ll_ctrl.o)
                0x000000000000e2dc                ble_ll_ctrl_conn_param_reply
 .text.ble_ll_ctrl_conn_param_pdu_proc
                0x000000000000e2f8      0x14c /Users/briangiori/dev/newt/blegpio/bin/blegpio/net/nimble/controller/controller.a(ble_ll_ctrl.o)
 .text.ble_ll_ctrl_is_terminate_ind
                0x000000000000e444       0x14 /Users/briangiori/dev/newt/blegpio/bin/blegpio/net/nimble/controller/controller.a(ble_ll_ctrl.o)
                0x000000000000e444                ble_ll_ctrl_is_terminate_ind
 .text.ble_ll_ctrl_terminate_start
                0x000000000000e458       0x48 /Users/briangiori/dev/newt/blegpio/bin/blegpio/net/nimble/controller/controller.a(ble_ll_ctrl.o)
                0x000000000000e458                ble_ll_ctrl_terminate_start
 .text.ble_ll_ctrl_proc_start
                0x000000000000e4a0       0x60 /Users/briangiori/dev/newt/blegpio/bin/blegpio/net/nimble/controller/controller.a(ble_ll_ctrl.o)
                0x000000000000e4a0                ble_ll_ctrl_proc_start
 .text.ble_ll_ctrl_chk_proc_start
                0x000000000000e500       0x54 /Users/briangiori/dev/newt/blegpio/bin/blegpio/net/nimble/controller/controller.a(ble_ll_ctrl.o)
                0x000000000000e500                ble_ll_ctrl_chk_proc_start
 .text.ble_ll_ctrl_proc_stop
                0x000000000000e554       0x30 /Users/briangiori/dev/newt/blegpio/bin/blegpio/net/nimble/controller/controller.a(ble_ll_ctrl.o)
                0x000000000000e554                ble_ll_ctrl_proc_stop
 .text.ble_ll_ctrl_rx_pdu
                0x000000000000e584      0x4ec /Users/briangiori/dev/newt/blegpio/bin/blegpio/net/nimble/controller/controller.a(ble_ll_ctrl.o)
                0x000000000000e584                ble_ll_ctrl_rx_pdu
 .text.ble_ll_ctrl_reject_ind_send
                0x000000000000ea70       0x4e /Users/briangiori/dev/newt/blegpio/bin/blegpio/net/nimble/controller/controller.a(ble_ll_ctrl.o)
                0x000000000000ea70                ble_ll_ctrl_reject_ind_send
 .text.ble_ll_ctrl_tx_done
                0x000000000000eabe       0x98 /Users/briangiori/dev/newt/blegpio/bin/blegpio/net/nimble/controller/controller.a(ble_ll_ctrl.o)
                0x000000000000eabe                ble_ll_ctrl_tx_done
 *fill*         0x000000000000eb56        0x2 
 .text.ble_ll_hci_event_send
                0x000000000000eb58       0x10 /Users/briangiori/dev/newt/blegpio/bin/blegpio/net/nimble/controller/controller.a(ble_ll_hci.o)
                0x000000000000eb58                ble_ll_hci_event_send
 .text.ble_ll_hci_send_noop
                0x000000000000eb68       0x34 /Users/briangiori/dev/newt/blegpio/bin/blegpio/net/nimble/controller/controller.a(ble_ll_hci.o)
                0x000000000000eb68                ble_ll_hci_send_noop
 .text.ble_ll_hci_is_le_event_enabled
                0x000000000000eb9c       0x34 /Users/briangiori/dev/newt/blegpio/bin/blegpio/net/nimble/controller/controller.a(ble_ll_hci.o)
                0x000000000000eb9c                ble_ll_hci_is_le_event_enabled
 .text.ble_ll_hci_is_event_enabled
                0x000000000000ebd0       0x2c /Users/briangiori/dev/newt/blegpio/bin/blegpio/net/nimble/controller/controller.a(ble_ll_hci.o)
                0x000000000000ebd0                ble_ll_hci_is_event_enabled
 .text.ble_ll_hci_cmd_proc
                0x000000000000ebfc      0x54c /Users/briangiori/dev/newt/blegpio/bin/blegpio/net/nimble/controller/controller.a(ble_ll_hci.o)
                0x000000000000ebfc                ble_ll_hci_cmd_proc
 .text.ble_hci_transport_host_cmd_send
                0x000000000000f148       0x30 /Users/briangiori/dev/newt/blegpio/bin/blegpio/net/nimble/controller/controller.a(ble_ll_hci.o)
                0x000000000000f148                ble_hci_transport_host_cmd_send
 .text.ble_hci_transport_host_acl_data_send
                0x000000000000f178        0xa /Users/briangiori/dev/newt/blegpio/bin/blegpio/net/nimble/controller/controller.a(ble_ll_hci.o)
                0x000000000000f178                ble_hci_transport_host_acl_data_send
 *fill*         0x000000000000f182        0x2 
 .text.ble_ll_hci_init
                0x000000000000f184       0x2c /Users/briangiori/dev/newt/blegpio/bin/blegpio/net/nimble/controller/controller.a(ble_ll_hci.o)
                0x000000000000f184                ble_ll_hci_init
 .text.ble_ll_hci_ev_datalen_chg
                0x000000000000f1b0       0x60 /Users/briangiori/dev/newt/blegpio/bin/blegpio/net/nimble/controller/controller.a(ble_ll_hci_ev.o)
                0x000000000000f1b0                ble_ll_hci_ev_datalen_chg
 .text.ble_ll_hci_ev_rem_conn_parm_req
                0x000000000000f210       0x60 /Users/briangiori/dev/newt/blegpio/bin/blegpio/net/nimble/controller/controller.a(ble_ll_hci_ev.o)
                0x000000000000f210                ble_ll_hci_ev_rem_conn_parm_req
 .text.ble_ll_hci_ev_conn_update
                0x000000000000f270       0x60 /Users/briangiori/dev/newt/blegpio/bin/blegpio/net/nimble/controller/controller.a(ble_ll_hci_ev.o)
                0x000000000000f270                ble_ll_hci_ev_conn_update
 .text.ble_ll_hci_ev_encrypt_chg
                0x000000000000f2d0       0x68 /Users/briangiori/dev/newt/blegpio/bin/blegpio/net/nimble/controller/controller.a(ble_ll_hci_ev.o)
                0x000000000000f2d0                ble_ll_hci_ev_encrypt_chg
 .text.ble_ll_hci_ev_ltk_req
                0x000000000000f338       0x58 /Users/briangiori/dev/newt/blegpio/bin/blegpio/net/nimble/controller/controller.a(ble_ll_hci_ev.o)
                0x000000000000f338                ble_ll_hci_ev_ltk_req
 .text.ble_ll_hci_ev_rd_rem_used_feat
                0x000000000000f390       0x50 /Users/briangiori/dev/newt/blegpio/bin/blegpio/net/nimble/controller/controller.a(ble_ll_hci_ev.o)
                0x000000000000f390                ble_ll_hci_ev_rd_rem_used_feat
 .text.ble_ll_hci_ev_rd_rem_ver
                0x000000000000f3e0       0x58 /Users/briangiori/dev/newt/blegpio/bin/blegpio/net/nimble/controller/controller.a(ble_ll_hci_ev.o)
                0x000000000000f3e0                ble_ll_hci_ev_rd_rem_ver
 .text.ble_ll_rand_sample
                0x000000000000f438       0x44 /Users/briangiori/dev/newt/blegpio/bin/blegpio/net/nimble/controller/controller.a(ble_ll_rand.o)
                0x000000000000f438                ble_ll_rand_sample
 .text.ble_ll_rand_data_get
                0x000000000000f47c       0x74 /Users/briangiori/dev/newt/blegpio/bin/blegpio/net/nimble/controller/controller.a(ble_ll_rand.o)
                0x000000000000f47c                ble_ll_rand_data_get
 .text.ble_ll_rand_prand_get
                0x000000000000f4f0       0x2c /Users/briangiori/dev/newt/blegpio/bin/blegpio/net/nimble/controller/controller.a(ble_ll_rand.o)
                0x000000000000f4f0                ble_ll_rand_prand_get
 .text.ble_ll_rand_start
                0x000000000000f51c       0x18 /Users/briangiori/dev/newt/blegpio/bin/blegpio/net/nimble/controller/controller.a(ble_ll_rand.o)
                0x000000000000f51c                ble_ll_rand_start
 .text.ble_ll_rand_init
                0x000000000000f534       0x24 /Users/briangiori/dev/newt/blegpio/bin/blegpio/net/nimble/controller/controller.a(ble_ll_rand.o)
                0x000000000000f534                ble_ll_rand_init
 .text.ble_ll_is_on_resolv_list
                0x000000000000f558       0x48 /Users/briangiori/dev/newt/blegpio/bin/blegpio/net/nimble/controller/controller.a(ble_ll_resolv.o)
 .text.ble_ll_resolv_list_chg_allowed
                0x000000000000f5a0       0x34 /Users/briangiori/dev/newt/blegpio/bin/blegpio/net/nimble/controller/controller.a(ble_ll_resolv.o)
 .text.ble_ll_resolv_irk_nonzero
                0x000000000000f5d4       0x16 /Users/briangiori/dev/newt/blegpio/bin/blegpio/net/nimble/controller/controller.a(ble_ll_resolv.o)
                0x000000000000f5d4                ble_ll_resolv_irk_nonzero
 *fill*         0x000000000000f5ea        0x2 
 .text.ble_ll_resolv_list_clr
                0x000000000000f5ec       0x20 /Users/briangiori/dev/newt/blegpio/bin/blegpio/net/nimble/controller/controller.a(ble_ll_resolv.o)
                0x000000000000f5ec                ble_ll_resolv_list_clr
 .text.ble_ll_resolv_list_read_size
                0x000000000000f60c       0x14 /Users/briangiori/dev/newt/blegpio/bin/blegpio/net/nimble/controller/controller.a(ble_ll_resolv.o)
                0x000000000000f60c                ble_ll_resolv_list_read_size
 .text.ble_ll_resolv_list_find
                0x000000000000f620       0x40 /Users/briangiori/dev/newt/blegpio/bin/blegpio/net/nimble/controller/controller.a(ble_ll_resolv.o)
                0x000000000000f620                ble_ll_resolv_list_find
 .text.ble_ll_resolv_list_add
                0x000000000000f660       0x90 /Users/briangiori/dev/newt/blegpio/bin/blegpio/net/nimble/controller/controller.a(ble_ll_resolv.o)
                0x000000000000f660                ble_ll_resolv_list_add
 .text.ble_ll_resolv_list_rmv
                0x000000000000f6f0       0x50 /Users/briangiori/dev/newt/blegpio/bin/blegpio/net/nimble/controller/controller.a(ble_ll_resolv.o)
                0x000000000000f6f0                ble_ll_resolv_list_rmv
 .text.ble_ll_resolv_enable_cmd
                0x000000000000f740       0x30 /Users/briangiori/dev/newt/blegpio/bin/blegpio/net/nimble/controller/controller.a(ble_ll_resolv.o)
                0x000000000000f740                ble_ll_resolv_enable_cmd
 .text.ble_ll_resolv_peer_addr_rd
                0x000000000000f770        0x4 /Users/briangiori/dev/newt/blegpio/bin/blegpio/net/nimble/controller/controller.a(ble_ll_resolv.o)
                0x000000000000f770                ble_ll_resolv_peer_addr_rd
 .text.ble_ll_resolv_local_addr_rd
                0x000000000000f774        0x2 /Users/briangiori/dev/newt/blegpio/bin/blegpio/net/nimble/controller/controller.a(ble_ll_resolv.o)
                0x000000000000f774                ble_ll_resolv_local_addr_rd
 *fill*         0x000000000000f776        0x2 
 .text.ble_ll_resolv_set_rpa_tmo
                0x000000000000f778       0x20 /Users/briangiori/dev/newt/blegpio/bin/blegpio/net/nimble/controller/controller.a(ble_ll_resolv.o)
                0x000000000000f778                ble_ll_resolv_set_rpa_tmo
 .text.ble_ll_resolv_get_rpa_tmo
                0x000000000000f798        0xc /Users/briangiori/dev/newt/blegpio/bin/blegpio/net/nimble/controller/controller.a(ble_ll_resolv.o)
                0x000000000000f798                ble_ll_resolv_get_rpa_tmo
 .text.ble_ll_resolv_gen_priv_addr
                0x000000000000f7a4       0x84 /Users/briangiori/dev/newt/blegpio/bin/blegpio/net/nimble/controller/controller.a(ble_ll_resolv.o)
                0x000000000000f7a4                ble_ll_resolv_gen_priv_addr
 .text.ble_ll_resolv_gen_rpa
                0x000000000000f828       0x2c /Users/briangiori/dev/newt/blegpio/bin/blegpio/net/nimble/controller/controller.a(ble_ll_resolv.o)
                0x000000000000f828                ble_ll_resolv_gen_rpa
 .text.ble_ll_resolv_rpa
                0x000000000000f854       0x64 /Users/briangiori/dev/newt/blegpio/bin/blegpio/net/nimble/controller/controller.a(ble_ll_resolv.o)
                0x000000000000f854                ble_ll_resolv_rpa
 .text.ble_ll_resolv_enabled
                0x000000000000f8b8        0xc /Users/briangiori/dev/newt/blegpio/bin/blegpio/net/nimble/controller/controller.a(ble_ll_resolv.o)
                0x000000000000f8b8                ble_ll_resolv_enabled
 .text.ble_ll_resolv_init
                0x000000000000f8c4       0x24 /Users/briangiori/dev/newt/blegpio/bin/blegpio/net/nimble/controller/controller.a(ble_ll_resolv.o)
                0x000000000000f8c4                ble_ll_resolv_init
 .text.ble_ll_resolv_list_reset
                0x000000000000f8e8       0x18 /Users/briangiori/dev/newt/blegpio/bin/blegpio/net/nimble/controller/controller.a(ble_ll_resolv.o)
                0x000000000000f8e8                ble_ll_resolv_list_reset
 .text.ble_ll_scan_find_dup_adv
                0x000000000000f900       0x4c /Users/briangiori/dev/newt/blegpio/bin/blegpio/net/nimble/controller/controller.a(ble_ll_scan.o)
 .text.ble_ll_scan_have_rxd_scan_rsp
                0x000000000000f94c       0x44 /Users/briangiori/dev/newt/blegpio/bin/blegpio/net/nimble/controller/controller.a(ble_ll_scan.o)
 .text.ble_ll_scan_req_backoff
                0x000000000000f990       0x80 /Users/briangiori/dev/newt/blegpio/bin/blegpio/net/nimble/controller/controller.a(ble_ll_scan.o)
 .text.ble_ll_scan_start
                0x000000000000fa10       0x74 /Users/briangiori/dev/newt/blegpio/bin/blegpio/net/nimble/controller/controller.a(ble_ll_scan.o)
 .text.ble_ll_scan_timer_cb
                0x000000000000fa84        0x6 /Users/briangiori/dev/newt/blegpio/bin/blegpio/net/nimble/controller/controller.a(ble_ll_scan.o)
                0x000000000000fa84                ble_ll_scan_timer_cb
 *fill*         0x000000000000fa8a        0x2 
 .text.ble_ll_scan_sm_start.constprop.3
                0x000000000000fa8c       0x60 /Users/briangiori/dev/newt/blegpio/bin/blegpio/net/nimble/controller/controller.a(ble_ll_scan.o)
 .text.ble_ll_scan_is_dup_adv
                0x000000000000faec       0x1e /Users/briangiori/dev/newt/blegpio/bin/blegpio/net/nimble/controller/controller.a(ble_ll_scan.o)
                0x000000000000faec                ble_ll_scan_is_dup_adv
 *fill*         0x000000000000fb0a        0x2 
 .text.ble_ll_scan_add_dup_adv
                0x000000000000fb0c       0x54 /Users/briangiori/dev/newt/blegpio/bin/blegpio/net/nimble/controller/controller.a(ble_ll_scan.o)
                0x000000000000fb0c                ble_ll_scan_add_dup_adv
 .text.ble_ll_scan_sm_stop
                0x000000000000fb60       0x4c /Users/briangiori/dev/newt/blegpio/bin/blegpio/net/nimble/controller/controller.a(ble_ll_scan.o)
                0x000000000000fb60                ble_ll_scan_sm_stop
 .text.ble_ll_scan_event_proc
                0x000000000000fbac       0xb4 /Users/briangiori/dev/newt/blegpio/bin/blegpio/net/nimble/controller/controller.a(ble_ll_scan.o)
                0x000000000000fbac                ble_ll_scan_event_proc
 .text.ble_ll_scan_rx_isr_start
                0x000000000000fc60       0x3c /Users/briangiori/dev/newt/blegpio/bin/blegpio/net/nimble/controller/controller.a(ble_ll_scan.o)
                0x000000000000fc60                ble_ll_scan_rx_isr_start
 .text.ble_ll_scan_rx_isr_end
                0x000000000000fc9c      0x1e8 /Users/briangiori/dev/newt/blegpio/bin/blegpio/net/nimble/controller/controller.a(ble_ll_scan.o)
                0x000000000000fc9c                ble_ll_scan_rx_isr_end
 .text.ble_ll_scan_chk_resume
                0x000000000000fe84       0x70 /Users/briangiori/dev/newt/blegpio/bin/blegpio/net/nimble/controller/controller.a(ble_ll_scan.o)
                0x000000000000fe84                ble_ll_scan_chk_resume
 .text.ble_ll_scan_wfr_timer_exp
                0x000000000000fef4       0x20 /Users/briangiori/dev/newt/blegpio/bin/blegpio/net/nimble/controller/controller.a(ble_ll_scan.o)
                0x000000000000fef4                ble_ll_scan_wfr_timer_exp
 .text.ble_ll_scan_rx_pkt_in
                0x000000000000ff14      0x28c /Users/briangiori/dev/newt/blegpio/bin/blegpio/net/nimble/controller/controller.a(ble_ll_scan.o)
                0x000000000000ff14                ble_ll_scan_rx_pkt_in
 .text.ble_ll_scan_set_scan_params
                0x00000000000101a0       0x68 /Users/briangiori/dev/newt/blegpio/bin/blegpio/net/nimble/controller/controller.a(ble_ll_scan.o)
                0x00000000000101a0                ble_ll_scan_set_scan_params
 .text.ble_ll_scan_set_enable
                0x0000000000010208       0x44 /Users/briangiori/dev/newt/blegpio/bin/blegpio/net/nimble/controller/controller.a(ble_ll_scan.o)
                0x0000000000010208                ble_ll_scan_set_enable
 .text.ble_ll_scan_can_chg_whitelist
                0x000000000001024c       0x1c /Users/briangiori/dev/newt/blegpio/bin/blegpio/net/nimble/controller/controller.a(ble_ll_scan.o)
                0x000000000001024c                ble_ll_scan_can_chg_whitelist
 .text.ble_ll_scan_initiator_start
                0x0000000000010268       0x20 /Users/briangiori/dev/newt/blegpio/bin/blegpio/net/nimble/controller/controller.a(ble_ll_scan.o)
                0x0000000000010268                ble_ll_scan_initiator_start
 .text.ble_ll_scan_enabled
                0x0000000000010288        0xc /Users/briangiori/dev/newt/blegpio/bin/blegpio/net/nimble/controller/controller.a(ble_ll_scan.o)
                0x0000000000010288                ble_ll_scan_enabled
 .text.ble_ll_scan_get_peer_rpa
                0x0000000000010294        0x8 /Users/briangiori/dev/newt/blegpio/bin/blegpio/net/nimble/controller/controller.a(ble_ll_scan.o)
                0x0000000000010294                ble_ll_scan_get_peer_rpa
 .text.ble_ll_scan_get_local_rpa
                0x000000000001029c        0xc /Users/briangiori/dev/newt/blegpio/bin/blegpio/net/nimble/controller/controller.a(ble_ll_scan.o)
                0x000000000001029c                ble_ll_scan_get_local_rpa
 .text.ble_ll_scan_set_peer_rpa
                0x00000000000102a8       0x10 /Users/briangiori/dev/newt/blegpio/bin/blegpio/net/nimble/controller/controller.a(ble_ll_scan.o)
                0x00000000000102a8                ble_ll_scan_set_peer_rpa
 .text.ble_ll_scan_get_pdu
                0x00000000000102b8        0xc /Users/briangiori/dev/newt/blegpio/bin/blegpio/net/nimble/controller/controller.a(ble_ll_scan.o)
                0x00000000000102b8                ble_ll_scan_get_pdu
 .text.ble_ll_scan_whitelist_enabled
                0x00000000000102c4       0x10 /Users/briangiori/dev/newt/blegpio/bin/blegpio/net/nimble/controller/controller.a(ble_ll_scan.o)
                0x00000000000102c4                ble_ll_scan_whitelist_enabled
 .text.ble_ll_scan_init
                0x00000000000102d4       0x54 /Users/briangiori/dev/newt/blegpio/bin/blegpio/net/nimble/controller/controller.a(ble_ll_scan.o)
                0x00000000000102d4                ble_ll_scan_init
 .text.ble_ll_scan_reset
                0x0000000000010328       0x50 /Users/briangiori/dev/newt/blegpio/bin/blegpio/net/nimble/controller/controller.a(ble_ll_scan.o)
                0x0000000000010328                ble_ll_scan_reset
 .text.ble_ll_sched_is_overlap
                0x0000000000010378       0x22 /Users/briangiori/dev/newt/blegpio/bin/blegpio/net/nimble/controller/controller.a(ble_ll_sched.o)
 *fill*         0x000000000001039a        0x2 
 .text.ble_ll_sched_conn_overlap
                0x000000000001039c       0x38 /Users/briangiori/dev/newt/blegpio/bin/blegpio/net/nimble/controller/controller.a(ble_ll_sched.o)
 .text.ble_ll_sched_run
                0x00000000000103d4       0x98 /Users/briangiori/dev/newt/blegpio/bin/blegpio/net/nimble/controller/controller.a(ble_ll_sched.o)
                0x00000000000103d4                ble_ll_sched_run
 .text.ble_ll_sched_overlaps_current
                0x000000000001046c       0x22 /Users/briangiori/dev/newt/blegpio/bin/blegpio/net/nimble/controller/controller.a(ble_ll_sched.o)
                0x000000000001046c                ble_ll_sched_overlaps_current
 *fill*         0x000000000001048e        0x2 
 .text.ble_ll_sched_insert_if_empty
                0x0000000000010490       0x20 /Users/briangiori/dev/newt/blegpio/bin/blegpio/net/nimble/controller/controller.a(ble_ll_sched.o)
                0x0000000000010490                ble_ll_sched_insert_if_empty
 .text.ble_ll_sched_conn_reschedule
                0x00000000000104b0      0x124 /Users/briangiori/dev/newt/blegpio/bin/blegpio/net/nimble/controller/controller.a(ble_ll_sched.o)
                0x00000000000104b0                ble_ll_sched_conn_reschedule
 .text.ble_ll_sched_master_new
                0x00000000000105d4      0x15c /Users/briangiori/dev/newt/blegpio/bin/blegpio/net/nimble/controller/controller.a(ble_ll_sched.o)
                0x00000000000105d4                ble_ll_sched_master_new
 .text.ble_ll_sched_slave_new
                0x0000000000010730       0xd0 /Users/briangiori/dev/newt/blegpio/bin/blegpio/net/nimble/controller/controller.a(ble_ll_sched.o)
                0x0000000000010730                ble_ll_sched_slave_new
 .text.ble_ll_sched_adv_new
                0x0000000000010800       0xb8 /Users/briangiori/dev/newt/blegpio/bin/blegpio/net/nimble/controller/controller.a(ble_ll_sched.o)
                0x0000000000010800                ble_ll_sched_adv_new
 .text.ble_ll_sched_adv_reschedule
                0x00000000000108b8       0xb0 /Users/briangiori/dev/newt/blegpio/bin/blegpio/net/nimble/controller/controller.a(ble_ll_sched.o)
                0x00000000000108b8                ble_ll_sched_adv_reschedule
 .text.ble_ll_sched_rmv_elem
                0x0000000000010968       0x58 /Users/briangiori/dev/newt/blegpio/bin/blegpio/net/nimble/controller/controller.a(ble_ll_sched.o)
                0x0000000000010968                ble_ll_sched_rmv_elem
 .text.ble_ll_sched_next_time
                0x00000000000109c0       0x24 /Users/briangiori/dev/newt/blegpio/bin/blegpio/net/nimble/controller/controller.a(ble_ll_sched.o)
                0x00000000000109c0                ble_ll_sched_next_time
 .text.ble_ll_sched_stop
                0x00000000000109e4        0xc /Users/briangiori/dev/newt/blegpio/bin/blegpio/net/nimble/controller/controller.a(ble_ll_sched.o)
                0x00000000000109e4                ble_ll_sched_stop
 .text.ble_ll_sched_init
                0x00000000000109f0       0x18 /Users/briangiori/dev/newt/blegpio/bin/blegpio/net/nimble/controller/controller.a(ble_ll_sched.o)
                0x00000000000109f0                ble_ll_sched_init
 .text.ble_ll_whitelist_search
                0x0000000000010a08       0x3c /Users/briangiori/dev/newt/blegpio/bin/blegpio/net/nimble/controller/controller.a(ble_ll_whitelist.o)
 .text.ble_ll_whitelist_chg_allowed
                0x0000000000010a44       0x14 /Users/briangiori/dev/newt/blegpio/bin/blegpio/net/nimble/controller/controller.a(ble_ll_whitelist.o)
 .text.ble_ll_whitelist_clear
                0x0000000000010a58       0x34 /Users/briangiori/dev/newt/blegpio/bin/blegpio/net/nimble/controller/controller.a(ble_ll_whitelist.o)
                0x0000000000010a58                ble_ll_whitelist_clear
 .text.ble_ll_whitelist_read_size
                0x0000000000010a8c        0xc /Users/briangiori/dev/newt/blegpio/bin/blegpio/net/nimble/controller/controller.a(ble_ll_whitelist.o)
                0x0000000000010a8c                ble_ll_whitelist_read_size
 .text.ble_ll_whitelist_match
                0x0000000000010a98        0xa /Users/briangiori/dev/newt/blegpio/bin/blegpio/net/nimble/controller/controller.a(ble_ll_whitelist.o)
                0x0000000000010a98                ble_ll_whitelist_match
 *fill*         0x0000000000010aa2        0x2 
 .text.ble_ll_whitelist_add
                0x0000000000010aa4       0x50 /Users/briangiori/dev/newt/blegpio/bin/blegpio/net/nimble/controller/controller.a(ble_ll_whitelist.o)
                0x0000000000010aa4                ble_ll_whitelist_add
 .text.ble_ll_whitelist_rmv
                0x0000000000010af4       0x34 /Users/briangiori/dev/newt/blegpio/bin/blegpio/net/nimble/controller/controller.a(ble_ll_whitelist.o)
                0x0000000000010af4                ble_ll_whitelist_rmv
 .text.ble_ll_whitelist_enable
                0x0000000000010b28        0x4 /Users/briangiori/dev/newt/blegpio/bin/blegpio/net/nimble/controller/controller.a(ble_ll_whitelist.o)
                0x0000000000010b28                ble_ll_whitelist_enable
 .text.ble_ll_whitelist_disable
                0x0000000000010b2c        0x4 /Users/briangiori/dev/newt/blegpio/bin/blegpio/net/nimble/controller/controller.a(ble_ll_whitelist.o)
                0x0000000000010b2c                ble_ll_whitelist_disable
 .text.ble_rng_isr
                0x0000000000010b30       0x38 /Users/briangiori/dev/newt/blegpio/bin/blegpio/net/nimble/drivers/nrf52/nrf52.a(ble_hw.o)
 .text.ble_hw_whitelist_clear
                0x0000000000010b68       0x18 /Users/briangiori/dev/newt/blegpio/bin/blegpio/net/nimble/drivers/nrf52/nrf52.a(ble_hw.o)
                0x0000000000010b68                ble_hw_whitelist_clear
 .text.ble_hw_whitelist_add
                0x0000000000010b80       0x6c /Users/briangiori/dev/newt/blegpio/bin/blegpio/net/nimble/drivers/nrf52/nrf52.a(ble_hw.o)
                0x0000000000010b80                ble_hw_whitelist_add
 .text.ble_hw_whitelist_rmv
                0x0000000000010bec       0x88 /Users/briangiori/dev/newt/blegpio/bin/blegpio/net/nimble/drivers/nrf52/nrf52.a(ble_hw.o)
                0x0000000000010bec                ble_hw_whitelist_rmv
 .text.ble_hw_whitelist_enable
                0x0000000000010c74       0x1c /Users/briangiori/dev/newt/blegpio/bin/blegpio/net/nimble/drivers/nrf52/nrf52.a(ble_hw.o)
                0x0000000000010c74                ble_hw_whitelist_enable
 .text.ble_hw_whitelist_disable
                0x0000000000010c90       0x14 /Users/briangiori/dev/newt/blegpio/bin/blegpio/net/nimble/drivers/nrf52/nrf52.a(ble_hw.o)
                0x0000000000010c90                ble_hw_whitelist_disable
 .text.ble_hw_whitelist_match
                0x0000000000010ca4        0xc /Users/briangiori/dev/newt/blegpio/bin/blegpio/net/nimble/drivers/nrf52/nrf52.a(ble_hw.o)
                0x0000000000010ca4                ble_hw_whitelist_match
 .text.ble_hw_encrypt_block
                0x0000000000010cb0       0x38 /Users/briangiori/dev/newt/blegpio/bin/blegpio/net/nimble/drivers/nrf52/nrf52.a(ble_hw.o)
                0x0000000000010cb0                ble_hw_encrypt_block
 .text.ble_hw_rng_init
                0x0000000000010ce8       0x44 /Users/briangiori/dev/newt/blegpio/bin/blegpio/net/nimble/drivers/nrf52/nrf52.a(ble_hw.o)
                0x0000000000010ce8                ble_hw_rng_init
 .text.ble_hw_rng_start
                0x0000000000010d2c       0x30 /Users/briangiori/dev/newt/blegpio/bin/blegpio/net/nimble/drivers/nrf52/nrf52.a(ble_hw.o)
                0x0000000000010d2c                ble_hw_rng_start
 .text.ble_hw_rng_stop
                0x0000000000010d5c       0x24 /Users/briangiori/dev/newt/blegpio/bin/blegpio/net/nimble/drivers/nrf52/nrf52.a(ble_hw.o)
                0x0000000000010d5c                ble_hw_rng_stop
 .text.ble_hw_resolv_list_clear
                0x0000000000010d80        0xc /Users/briangiori/dev/newt/blegpio/bin/blegpio/net/nimble/drivers/nrf52/nrf52.a(ble_hw.o)
                0x0000000000010d80                ble_hw_resolv_list_clear
 .text.ble_hw_resolv_list_add
                0x0000000000010d8c       0x3c /Users/briangiori/dev/newt/blegpio/bin/blegpio/net/nimble/drivers/nrf52/nrf52.a(ble_hw.o)
                0x0000000000010d8c                ble_hw_resolv_list_add
 .text.ble_hw_resolv_list_rmv
                0x0000000000010dc8       0x30 /Users/briangiori/dev/newt/blegpio/bin/blegpio/net/nimble/drivers/nrf52/nrf52.a(ble_hw.o)
                0x0000000000010dc8                ble_hw_resolv_list_rmv
 .text.ble_hw_resolv_list_size
                0x0000000000010df8        0x4 /Users/briangiori/dev/newt/blegpio/bin/blegpio/net/nimble/drivers/nrf52/nrf52.a(ble_hw.o)
                0x0000000000010df8                ble_hw_resolv_list_size
 .text.ble_hw_resolv_list_match
                0x0000000000010dfc       0x20 /Users/briangiori/dev/newt/blegpio/bin/blegpio/net/nimble/drivers/nrf52/nrf52.a(ble_hw.o)
                0x0000000000010dfc                ble_hw_resolv_list_match
 .text.nrf_wait_disabled
                0x0000000000010e1c       0x20 /Users/briangiori/dev/newt/blegpio/bin/blegpio/net/nimble/drivers/nrf52/nrf52.a(ble_phy.o)
 .text.ble_phy_rx_xcvr_setup
                0x0000000000010e3c       0xec /Users/briangiori/dev/newt/blegpio/bin/blegpio/net/nimble/drivers/nrf52/nrf52.a(ble_phy.o)
 .text.ble_phy_rxpdu_get.part.0
                0x0000000000010f28       0x2c /Users/briangiori/dev/newt/blegpio/bin/blegpio/net/nimble/drivers/nrf52/nrf52.a(ble_phy.o)
 .text.ble_phy_init
                0x0000000000010f54      0x144 /Users/briangiori/dev/newt/blegpio/bin/blegpio/net/nimble/drivers/nrf52/nrf52.a(ble_phy.o)
                0x0000000000010f54                ble_phy_init
 .text.ble_phy_encrypt_enable
                0x0000000000011098       0x54 /Users/briangiori/dev/newt/blegpio/bin/blegpio/net/nimble/drivers/nrf52/nrf52.a(ble_phy.o)
                0x0000000000011098                ble_phy_encrypt_enable
 .text.ble_phy_encrypt_set_pkt_cntr
                0x00000000000110ec       0x10 /Users/briangiori/dev/newt/blegpio/bin/blegpio/net/nimble/drivers/nrf52/nrf52.a(ble_phy.o)
                0x00000000000110ec                ble_phy_encrypt_set_pkt_cntr
 .text.ble_phy_encrypt_disable
                0x00000000000110fc       0x2c /Users/briangiori/dev/newt/blegpio/bin/blegpio/net/nimble/drivers/nrf52/nrf52.a(ble_phy.o)
                0x00000000000110fc                ble_phy_encrypt_disable
 .text.ble_phy_set_txend_cb
                0x0000000000011128        0xc /Users/briangiori/dev/newt/blegpio/bin/blegpio/net/nimble/drivers/nrf52/nrf52.a(ble_phy.o)
                0x0000000000011128                ble_phy_set_txend_cb
 .text.ble_phy_txpwr_set