Archive member included because of file (symbol)

/Users/briangiori/dev/newt/blegpio/bin/nrf52_boot/apps/boot/boot.a(boot.o)
                              /usr/local/Cellar/gcc-arm-none-eabi-49/20150609/bin/../lib/gcc/arm-none-eabi/4.9.3/../../../../arm-none-eabi/lib/armv7e-m/crt0.o (main)
/Users/briangiori/dev/newt/blegpio/bin/nrf52_boot/fs/nffs/nffs.a(nffs.o)
                              /Users/briangiori/dev/newt/blegpio/bin/nrf52_boot/apps/boot/boot.a(boot.o) (nffs_detect)
/Users/briangiori/dev/newt/blegpio/bin/nrf52_boot/fs/nffs/nffs.a(nffs_cache.o)
                              /Users/briangiori/dev/newt/blegpio/bin/nrf52_boot/fs/nffs/nffs.a(nffs.o) (nffs_cache_clear)
/Users/briangiori/dev/newt/blegpio/bin/nrf52_boot/fs/nffs/nffs.a(nffs_config.o)
                              /Users/briangiori/dev/newt/blegpio/bin/nrf52_boot/fs/nffs/nffs.a(nffs.o) (nffs_config_init)
/Users/briangiori/dev/newt/blegpio/bin/nrf52_boot/fs/nffs/nffs.a(nffs_dir.o)
                              /Users/briangiori/dev/newt/blegpio/bin/nrf52_boot/fs/nffs/nffs.a(nffs.o) (nffs_dir_open)
/Users/briangiori/dev/newt/blegpio/bin/nrf52_boot/fs/nffs/nffs.a(nffs_file.o)
                              /Users/briangiori/dev/newt/blegpio/bin/nrf52_boot/fs/nffs/nffs.a(nffs.o) (nffs_file_open)
/Users/briangiori/dev/newt/blegpio/bin/nrf52_boot/fs/nffs/nffs.a(nffs_flash.o)
                              /Users/briangiori/dev/newt/blegpio/bin/nrf52_boot/fs/nffs/nffs.a(nffs_file.o) (nffs_flash_loc)
/Users/briangiori/dev/newt/blegpio/bin/nrf52_boot/fs/nffs/nffs.a(nffs_format.o)
                              /Users/briangiori/dev/newt/blegpio/bin/nrf52_boot/fs/nffs/nffs.a(nffs.o) (nffs_format_full)
/Users/briangiori/dev/newt/blegpio/bin/nrf52_boot/fs/nffs/nffs.a(nffs_hash.o)
                              /Users/briangiori/dev/newt/blegpio/bin/nrf52_boot/fs/nffs/nffs.a(nffs.o) (nffs_hash_id_is_dir)
/Users/briangiori/dev/newt/blegpio/bin/nrf52_boot/fs/nffs/nffs.a(nffs_inode.o)
                              /Users/briangiori/dev/newt/blegpio/bin/nrf52_boot/fs/nffs/nffs.a(nffs_file.o) (nffs_inode_entry_free)
/Users/briangiori/dev/newt/blegpio/bin/nrf52_boot/fs/nffs/nffs.a(nffs_misc.o)
                              /Users/briangiori/dev/newt/blegpio/bin/nrf52_boot/fs/nffs/nffs.a(nffs_format.o) (nffs_misc_validate_root_dir)
/Users/briangiori/dev/newt/blegpio/bin/nrf52_boot/fs/nffs/nffs.a(nffs_path.o)
                              /Users/briangiori/dev/newt/blegpio/bin/nrf52_boot/fs/nffs/nffs.a(nffs_file.o) (nffs_path_parser_new)
/Users/briangiori/dev/newt/blegpio/bin/nrf52_boot/fs/nffs/nffs.a(nffs_restore.o)
                              /Users/briangiori/dev/newt/blegpio/bin/nrf52_boot/fs/nffs/nffs.a(nffs.o) (nffs_restore_full)
/Users/briangiori/dev/newt/blegpio/bin/nrf52_boot/fs/nffs/nffs.a(nffs_write.o)
                              /Users/briangiori/dev/newt/blegpio/bin/nrf52_boot/fs/nffs/nffs.a(nffs.o) (nffs_write_to_file)
/Users/briangiori/dev/newt/blegpio/bin/nrf52_boot/fs/nffs/nffs.a(nffs_area.o)
                              /Users/briangiori/dev/newt/blegpio/bin/nrf52_boot/fs/nffs/nffs.a(nffs_restore.o) (nffs_area_magic_is_set)
/Users/briangiori/dev/newt/blegpio/bin/nrf52_boot/fs/nffs/nffs.a(nffs_block.o)
                              /Users/briangiori/dev/newt/blegpio/bin/nrf52_boot/fs/nffs/nffs.a(nffs_restore.o) (nffs_block_entry_alloc)
/Users/briangiori/dev/newt/blegpio/bin/nrf52_boot/fs/nffs/nffs.a(nffs_crc.o)
                              /Users/briangiori/dev/newt/blegpio/bin/nrf52_boot/fs/nffs/nffs.a(nffs_write.o) (nffs_crc_flash)
/Users/briangiori/dev/newt/blegpio/bin/nrf52_boot/fs/nffs/nffs.a(nffs_gc.o)
                              /Users/briangiori/dev/newt/blegpio/bin/nrf52_boot/fs/nffs/nffs.a(nffs_misc.o) (nffs_gc)
/Users/briangiori/dev/newt/blegpio/bin/nrf52_boot/hw/bsp/nrf52dk/nrf52dk.a(gcc_startup_nrf52.o)
                              (Reset_Handler)
/Users/briangiori/dev/newt/blegpio/bin/nrf52_boot/hw/bsp/nrf52dk/nrf52dk.a(system_nrf52.o)
                              /Users/briangiori/dev/newt/blegpio/bin/nrf52_boot/hw/bsp/nrf52dk/nrf52dk.a(gcc_startup_nrf52.o) (SystemInit)
/Users/briangiori/dev/newt/blegpio/bin/nrf52_boot/hw/hal/hal.a(flash_map.o)
                              /Users/briangiori/dev/newt/blegpio/bin/nrf52_boot/apps/boot/boot.a(boot.o) (flash_area_to_sectors)
/Users/briangiori/dev/newt/blegpio/bin/nrf52_boot/hw/hal/hal.a(hal_flash.o)
                              /Users/briangiori/dev/newt/blegpio/bin/nrf52_boot/apps/boot/boot.a(boot.o) (hal_flash_init)
/Users/briangiori/dev/newt/blegpio/bin/nrf52_boot/hw/mcu/nordic/nrf52xxx/nrf52xxx.a(hal_system_start.o)
                              /Users/briangiori/dev/newt/blegpio/bin/nrf52_boot/apps/boot/boot.a(boot.o) (system_start)
/Users/briangiori/dev/newt/blegpio/bin/nrf52_boot/libs/baselibc/baselibc.a(inline.o)
[...]
Memory Configuration

Name             Origin             Length             Attributes
FLASH            0x0000000000000000 0x0000000000008000 xr
RAM              0x0000000020000000 0x0000000000010000 xrw
*default*        0x0000000000000000 0xffffffffffffffff

Linker script and memory map

LOAD /usr/local/Cellar/gcc-arm-none-eabi-49/20150609/bin/../lib/gcc/arm-none-eabi/4.9.3/armv7e-m/crti.o
LOAD /usr/local/Cellar/gcc-arm-none-eabi-49/20150609/bin/../lib/gcc/arm-none-eabi/4.9.3/armv7e-m/crtbegin.o
LOAD /usr/local/Cellar/gcc-arm-none-eabi-49/20150609/bin/../lib/gcc/arm-none-eabi/4.9.3/../../../../arm-none-eabi/lib/armv7e-m/crt0.o
START GROUP
LOAD /Users/briangiori/dev/newt/blegpio/bin/nrf52_boot/apps/boot/boot.a
LOAD /Users/briangiori/dev/newt/blegpio/bin/nrf52_boot/fs/fs/fs.a
LOAD /Users/briangiori/dev/newt/blegpio/bin/nrf52_boot/fs/nffs/nffs.a
LOAD /Users/briangiori/dev/newt/blegpio/bin/nrf52_boot/hw/bsp/nrf52dk/nrf52dk.a
LOAD /Users/briangiori/dev/newt/blegpio/bin/nrf52_boot/hw/hal/hal.a
LOAD /Users/briangiori/dev/newt/blegpio/bin/nrf52_boot/hw/mcu/nordic/nrf52xxx/nrf52xxx.a
LOAD /Users/briangiori/dev/newt/blegpio/bin/nrf52_boot/libs/baselibc/baselibc.a
LOAD /Users/briangiori/dev/newt/blegpio/bin/nrf52_boot/libs/bootutil/bootutil.a
LOAD /Users/briangiori/dev/newt/blegpio/bin/nrf52_boot/libs/cmsis-core/cmsis-core.a
LOAD /Users/briangiori/dev/newt/blegpio/bin/nrf52_boot/libs/mbedtls/mbedtls.a
LOAD /Users/briangiori/dev/newt/blegpio/bin/nrf52_boot/libs/os/os.a
LOAD /Users/briangiori/dev/newt/blegpio/bin/nrf52_boot/libs/testutil/testutil.a
LOAD /Users/briangiori/dev/newt/blegpio/bin/nrf52_boot/libs/util/util.a
LOAD /Users/briangiori/dev/newt/blegpio/bin/nrf52_boot/sys/config/config.a
LOAD /Users/briangiori/dev/newt/blegpio/bin/nrf52_boot/sys/log/log.a
END GROUP
LOAD /usr/local/Cellar/gcc-arm-none-eabi-49/20150609/bin/../lib/gcc/arm-none-eabi/4.9.3/armv7e-m/libgcc.a
START GROUP
LOAD /usr/local/Cellar/gcc-arm-none-eabi-49/20150609/bin/../lib/gcc/arm-none-eabi/4.9.3/armv7e-m/libgcc.a
LOAD /usr/local/Cellar/gcc-arm-none-eabi-49/20150609/bin/../lib/gcc/arm-none-eabi/4.9.3/../../../../arm-none-eabi/lib/armv7e-m/libg.a
LOAD /usr/local/Cellar/gcc-arm-none-eabi-49/20150609/bin/../lib/gcc/arm-none-eabi/4.9.3/../../../../arm-none-eabi/lib/armv7e-m/libc.a
END GROUP
LOAD /usr/local/Cellar/gcc-arm-none-eabi-49/20150609/bin/../lib/gcc/arm-none-eabi/4.9.3/armv7e-m/crtend.o
LOAD /usr/local/Cellar/gcc-arm-none-eabi-49/20150609/bin/../lib/gcc/arm-none-eabi/4.9.3/armv7e-m/crtn.o

.text           0x0000000000000000     0x676c
                0x0000000000000000                __isr_vector_start = .
 *(.isr_vector)
 .isr_vector    0x0000000000000000       0xd8 /Users/briangiori/dev/newt/blegpio/bin/nrf52_boot/hw/bsp/nrf52dk/nrf52dk.a(gcc_startup_nrf52.o)
                0x0000000000000000                __isr_vector
                0x00000000000000d8                __isr_vector_end = .
 *(.text*)
 .text          0x00000000000000d8       0x74 /usr/local/Cellar/gcc-arm-none-eabi-49/20150609/bin/../lib/gcc/arm-none-eabi/4.9.3/../../../../arm-none-eabi/lib/armv7e-m/crt0.o
                0x00000000000000d8                _mainCRTStartup
                0x00000000000000d8                _start
 .text.startup.main
                0x000000000000014c      0x128 /Users/briangiori/dev/newt/blegpio/bin/nrf52_boot/apps/boot/boot.a(boot.o)
                0x000000000000014c                main
 .text.nffs_lock
                0x0000000000000274       0x28 /Users/briangiori/dev/newt/blegpio/bin/nrf52_boot/fs/nffs/nffs.a(nffs.o)
 .text.nffs_unlock
                0x000000000000029c       0x24 /Users/briangiori/dev/newt/blegpio/bin/nrf52_boot/fs/nffs/nffs.a(nffs.o)
 .text.nffs_getpos
                0x00000000000002c0       0x12 /Users/briangiori/dev/newt/blegpio/bin/nrf52_boot/fs/nffs/nffs.a(nffs.o)
 .text.nffs_closedir
                0x00000000000002d2       0x18 /Users/briangiori/dev/newt/blegpio/bin/nrf52_boot/fs/nffs/nffs.a(nffs.o)
 .text.nffs_readdir
                0x00000000000002ea       0x1c /Users/briangiori/dev/newt/blegpio/bin/nrf52_boot/fs/nffs/nffs.a(nffs.o)
 .text.nffs_opendir
                0x0000000000000306       0x26 /Users/briangiori/dev/newt/blegpio/bin/nrf52_boot/fs/nffs/nffs.a(nffs.o)
 .text.nffs_mkdir
                0x000000000000032c       0x24 /Users/briangiori/dev/newt/blegpio/bin/nrf52_boot/fs/nffs/nffs.a(nffs.o)
 .text.nffs_rename
                0x0000000000000350       0x26 /Users/briangiori/dev/newt/blegpio/bin/nrf52_boot/fs/nffs/nffs.a(nffs.o)
 .text.nffs_unlink
                0x0000000000000376       0x22 /Users/briangiori/dev/newt/blegpio/bin/nrf52_boot/fs/nffs/nffs.a(nffs.o)
 .text.nffs_file_len
                0x0000000000000398       0x1c /Users/briangiori/dev/newt/blegpio/bin/nrf52_boot/fs/nffs/nffs.a(nffs.o)
 .text.nffs_seek
                0x00000000000003b4       0x1c /Users/briangiori/dev/newt/blegpio/bin/nrf52_boot/fs/nffs/nffs.a(nffs.o)
 .text.nffs_write
                0x00000000000003d0       0x2a /Users/briangiori/dev/newt/blegpio/bin/nrf52_boot/fs/nffs/nffs.a(nffs.o)
 .text.nffs_read
                0x00000000000003fa       0x24 /Users/briangiori/dev/newt/blegpio/bin/nrf52_boot/fs/nffs/nffs.a(nffs.o)
 .text.nffs_close
                0x000000000000041e       0x1a /Users/briangiori/dev/newt/blegpio/bin/nrf52_boot/fs/nffs/nffs.a(nffs.o)
 .text.nffs_open
                0x0000000000000438       0x38 /Users/briangiori/dev/newt/blegpio/bin/nrf52_boot/fs/nffs/nffs.a(nffs.o)
 .text.nffs_dirent_is_dir
                0x0000000000000470       0x30 /Users/briangiori/dev/newt/blegpio/bin/nrf52_boot/fs/nffs/nffs.a(nffs.o)
 .text.nffs_dirent_name
                0x00000000000004a0       0x3c /Users/briangiori/dev/newt/blegpio/bin/nrf52_boot/fs/nffs/nffs.a(nffs.o)
 .text.nffs_detect
                0x00000000000004dc       0x18 /Users/briangiori/dev/newt/blegpio/bin/nrf52_boot/fs/nffs/nffs.a(nffs.o)
                0x00000000000004dc                nffs_detect
 .text.nffs_init
                0x00000000000004f4      0x100 /Users/briangiori/dev/newt/blegpio/bin/nrf52_boot/fs/nffs/nffs.a(nffs.o)
                0x00000000000004f4                nffs_init
 .text.nffs_cache_inode_free_blocks
                0x00000000000005f4       0x28 /Users/briangiori/dev/newt/blegpio/bin/nrf52_boot/fs/nffs/nffs.a(nffs_cache.o)
 .text.nffs_cache_inode_free
                0x000000000000061c       0x1c /Users/briangiori/dev/newt/blegpio/bin/nrf52_boot/fs/nffs/nffs.a(nffs_cache.o)
 .text.nffs_cache_inode_alloc
                0x0000000000000638       0x28 /Users/briangiori/dev/newt/blegpio/bin/nrf52_boot/fs/nffs/nffs.a(nffs_cache.o)
 .text.nffs_cache_block_alloc
                0x0000000000000660       0x1c /Users/briangiori/dev/newt/blegpio/bin/nrf52_boot/fs/nffs/nffs.a(nffs_cache.o)
 .text.nffs_cache_block_acquire
                0x000000000000067c       0x48 /Users/briangiori/dev/newt/blegpio/bin/nrf52_boot/fs/nffs/nffs.a(nffs_cache.o)
 .text.nffs_cache_inode_range
                0x00000000000006c4       0x1c /Users/briangiori/dev/newt/blegpio/bin/nrf52_boot/fs/nffs/nffs.a(nffs_cache.o)
                0x00000000000006c4                nffs_cache_inode_range
 .text.nffs_cache_inode_delete
                0x00000000000006e0       0x2c /Users/briangiori/dev/newt/blegpio/bin/nrf52_boot/fs/nffs/nffs.a(nffs_cache.o)
                0x00000000000006e0                nffs_cache_inode_delete
 .text.nffs_cache_inode_ensure
                0x000000000000070c       0xa8 /Users/briangiori/dev/newt/blegpio/bin/nrf52_boot/fs/nffs/nffs.a(nffs_cache.o)
                0x000000000000070c                nffs_cache_inode_ensure
 .text.nffs_cache_inode_refresh
                0x00000000000007b4       0x24 /Users/briangiori/dev/newt/blegpio/bin/nrf52_boot/fs/nffs/nffs.a(nffs_cache.o)
                0x00000000000007b4                nffs_cache_inode_refresh
 .text.nffs_cache_insert_block
                0x00000000000007d8       0x24 /Users/briangiori/dev/newt/blegpio/bin/nrf52_boot/fs/nffs/nffs.a(nffs_cache.o)
                0x00000000000007d8                nffs_cache_insert_block
 .text.nffs_cache_seek
                0x00000000000007fc      0x128 /Users/briangiori/dev/newt/blegpio/bin/nrf52_boot/fs/nffs/nffs.a(nffs_cache.o)
                0x00000000000007fc                nffs_cache_seek
 .text.nffs_cache_clear
                0x0000000000000924       0x24 /Users/briangiori/dev/newt/blegpio/bin/nrf52_boot/fs/nffs/nffs.a(nffs_cache.o)
                0x0000000000000924                nffs_cache_clear
 .text.nffs_config_init
                0x0000000000000948       0x44 /Users/briangiori/dev/newt/blegpio/bin/nrf52_boot/fs/nffs/nffs.a(nffs_config.o)
                0x0000000000000948                nffs_config_init
 .text.nffs_dir_open
                0x000000000000098c       0x54 /Users/briangiori/dev/newt/blegpio/bin/nrf52_boot/fs/nffs/nffs.a(nffs_dir.o)
                0x000000000000098c                nffs_dir_open
 .text.nffs_dir_read
                0x00000000000009e0       0x30 /Users/briangiori/dev/newt/blegpio/bin/nrf52_boot/fs/nffs/nffs.a(nffs_dir.o)
                0x00000000000009e0                nffs_dir_read
 .text.nffs_dir_close
                0x0000000000000a10       0x38 /Users/briangiori/dev/newt/blegpio/bin/nrf52_boot/fs/nffs/nffs.a(nffs_dir.o)
                0x0000000000000a10                nffs_dir_close
 .text.nffs_file_new
                0x0000000000000a48       0xec /Users/briangiori/dev/newt/blegpio/bin/nrf52_boot/fs/nffs/nffs.a(nffs_file.o)
                0x0000000000000a48                nffs_file_new
 .text.nffs_file_open
                0x0000000000000b34       0xe0 /Users/briangiori/dev/newt/blegpio/bin/nrf52_boot/fs/nffs/nffs.a(nffs_file.o)
                0x0000000000000b34                nffs_file_open
 .text.nffs_file_seek
                0x0000000000000c14       0x1e /Users/briangiori/dev/newt/blegpio/bin/nrf52_boot/fs/nffs/nffs.a(nffs_file.o)
                0x0000000000000c14                nffs_file_seek
 .text.nffs_file_read
                0x0000000000000c32       0x46 /Users/briangiori/dev/newt/blegpio/bin/nrf52_boot/fs/nffs/nffs.a(nffs_file.o)
                0x0000000000000c32                nffs_file_read
 .text.nffs_file_close
                0x0000000000000c78       0x24 /Users/briangiori/dev/newt/blegpio/bin/nrf52_boot/fs/nffs/nffs.a(nffs_file.o)
                0x0000000000000c78                nffs_file_close
 .text.nffs_flash_read
                0x0000000000000c9c       0x4c /Users/briangiori/dev/newt/blegpio/bin/nrf52_boot/fs/nffs/nffs.a(nffs_flash.o)
                0x0000000000000c9c                nffs_flash_read
 .text.nffs_flash_write
                0x0000000000000ce8       0x54 /Users/briangiori/dev/newt/blegpio/bin/nrf52_boot/fs/nffs/nffs.a(nffs_flash.o)
                0x0000000000000ce8                nffs_flash_write
 .text.nffs_flash_copy
                0x0000000000000d3c       0x4c /Users/briangiori/dev/newt/blegpio/bin/nrf52_boot/fs/nffs/nffs.a(nffs_flash.o)
                0x0000000000000d3c                nffs_flash_copy
 .text.nffs_flash_loc
                0x0000000000000d88       0x20 /Users/briangiori/dev/newt/blegpio/bin/nrf52_boot/fs/nffs/nffs.a(nffs_flash.o)
                0x0000000000000d88                nffs_flash_loc
 .text.nffs_flash_loc_expand
                0x0000000000000da8        0xc /Users/briangiori/dev/newt/blegpio/bin/nrf52_boot/fs/nffs/nffs.a(nffs_flash.o)
                0x0000000000000da8                nffs_flash_loc_expand
 .text.nffs_format_area
                0x0000000000000db4       0x54 /Users/briangiori/dev/newt/blegpio/bin/nrf52_boot/fs/nffs/nffs.a(nffs_format.o)
                0x0000000000000db4                nffs_format_area
 .text.nffs_format_from_scratch_area
                0x0000000000000e08       0x64 /Users/briangiori/dev/newt/blegpio/bin/nrf52_boot/fs/nffs/nffs.a(nffs_format.o)
                0x0000000000000e08                nffs_format_from_scratch_area
 .text.nffs_hash_find_reorder
                0x0000000000000e6c       0x34 /Users/briangiori/dev/newt/blegpio/bin/nrf52_boot/fs/nffs/nffs.a(nffs_hash.o)
 .text.nffs_hash_id_is_dir
                0x0000000000000ea0        0xc /Users/briangiori/dev/newt/blegpio/bin/nrf52_boot/fs/nffs/nffs.a(nffs_hash.o)
                0x0000000000000ea0                nffs_hash_id_is_dir
 .text.nffs_hash_id_is_file
                0x0000000000000eac       0x10 /Users/briangiori/dev/newt/blegpio/bin/nrf52_boot/fs/nffs/nffs.a(nffs_hash.o)
                0x0000000000000eac                nffs_hash_id_is_file
 .text.nffs_hash_id_is_inode
                0x0000000000000ebc        0x6 /Users/briangiori/dev/newt/blegpio/bin/nrf52_boot/fs/nffs/nffs.a(nffs_hash.o)
                0x0000000000000ebc                nffs_hash_id_is_inode
 *fill*         0x0000000000000ec2        0x2 
 .text.nffs_hash_id_is_block
                0x0000000000000ec4       0x14 /Users/briangiori/dev/newt/blegpio/bin/nrf52_boot/fs/nffs/nffs.a(nffs_hash.o)
                0x0000000000000ec4                nffs_hash_id_is_block
 .text.nffs_hash_find
                0x0000000000000ed8       0x20 /Users/briangiori/dev/newt/blegpio/bin/nrf52_boot/fs/nffs/nffs.a(nffs_hash.o)
                0x0000000000000ed8                nffs_hash_find
 .text.nffs_hash_find_inode
                0x0000000000000ef8       0x24 /Users/briangiori/dev/newt/blegpio/bin/nrf52_boot/fs/nffs/nffs.a(nffs_hash.o)
                0x0000000000000ef8                nffs_hash_find_inode
 .text.nffs_hash_find_block
                0x0000000000000f1c       0x28 /Users/briangiori/dev/newt/blegpio/bin/nrf52_boot/fs/nffs/nffs.a(nffs_hash.o)
                0x0000000000000f1c                nffs_hash_find_block
 .text.nffs_hash_entry_is_dummy
                0x0000000000000f44       0x14 /Users/briangiori/dev/newt/blegpio/bin/nrf52_boot/fs/nffs/nffs.a(nffs_hash.o)
                0x0000000000000f44                nffs_hash_entry_is_dummy
 .text.nffs_hash_id_is_dummy
                0x0000000000000f58       0x1a /Users/briangiori/dev/newt/blegpio/bin/nrf52_boot/fs/nffs/nffs.a(nffs_hash.o)
                0x0000000000000f58                nffs_hash_id_is_dummy
 *fill*         0x0000000000000f72        0x2 
 .text.nffs_hash_insert
                0x0000000000000f74       0x68 /Users/briangiori/dev/newt/blegpio/bin/nrf52_boot/fs/nffs/nffs.a(nffs_hash.o)
                0x0000000000000f74                nffs_hash_insert
 .text.nffs_hash_remove
                0x0000000000000fdc       0x94 /Users/briangiori/dev/newt/blegpio/bin/nrf52_boot/fs/nffs/nffs.a(nffs_hash.o)
                0x0000000000000fdc                nffs_hash_remove
 .text.nffs_hash_init
                0x0000000000001070       0x30 /Users/briangiori/dev/newt/blegpio/bin/nrf52_boot/fs/nffs/nffs.a(nffs_hash.o)
                0x0000000000001070                nffs_hash_init
 .text.nffs_inode_read_filename_chunk
                0x00000000000010a0       0x48 /Users/briangiori/dev/newt/blegpio/bin/nrf52_boot/fs/nffs/nffs.a(nffs_inode.o)
 .text.nffs_inode_entry_alloc
                0x00000000000010e8       0x1c /Users/briangiori/dev/newt/blegpio/bin/nrf52_boot/fs/nffs/nffs.a(nffs_inode.o)
                0x00000000000010e8                nffs_inode_entry_alloc
 .text.nffs_inode_entry_free
                0x0000000000001104       0x30 /Users/briangiori/dev/newt/blegpio/bin/nrf52_boot/fs/nffs/nffs.a(nffs_inode.o)
                0x0000000000001104                nffs_inode_entry_free
 .text.nffs_inode_dec_refcnt_priv
                0x0000000000001134       0xa8 /Users/briangiori/dev/newt/blegpio/bin/nrf52_boot/fs/nffs/nffs.a(nffs_inode.o)
 .text.nffs_inode_entry_reserve
                0x00000000000011dc       0x1a /Users/briangiori/dev/newt/blegpio/bin/nrf52_boot/fs/nffs/nffs.a(nffs_inode.o)
                0x00000000000011dc                nffs_inode_entry_reserve
 .text.nffs_inode_read_disk
                0x00000000000011f6       0x1c /Users/briangiori/dev/newt/blegpio/bin/nrf52_boot/fs/nffs/nffs.a(nffs_inode.o)
                0x00000000000011f6                nffs_inode_read_disk
 .text.nffs_inode_write_disk
                0x0000000000001212       0x34 /Users/briangiori/dev/newt/blegpio/bin/nrf52_boot/fs/nffs/nffs.a(nffs_inode.o)
                0x0000000000001212                nffs_inode_write_disk
 *fill*         0x0000000000001246        0x2 
 .text.nffs_inode_calc_data_length
                0x0000000000001248       0x44 /Users/briangiori/dev/newt/blegpio/bin/nrf52_boot/fs/nffs/nffs.a(nffs_inode.o)
                0x0000000000001248                nffs_inode_calc_data_length
 .text.nffs_inode_data_len
                0x000000000000128c       0x1a /Users/briangiori/dev/newt/blegpio/bin/nrf52_boot/fs/nffs/nffs.a(nffs_inode.o)
                0x000000000000128c                nffs_inode_data_len
 .text.nffs_inode_parent_id
                0x00000000000012a6        0xe /Users/briangiori/dev/newt/blegpio/bin/nrf52_boot/fs/nffs/nffs.a(nffs_inode.o)
                0x00000000000012a6                nffs_inode_parent_id
 .text.nffs_inode_inc_refcnt
                0x00000000000012b4       0x20 /Users/briangiori/dev/newt/blegpio/bin/nrf52_boot/fs/nffs/nffs.a(nffs_inode.o)
                0x00000000000012b4                nffs_inode_inc_refcnt
 .text.nffs_inode_dec_refcnt
                0x00000000000012d4        0x6 /Users/briangiori/dev/newt/blegpio/bin/nrf52_boot/fs/nffs/nffs.a(nffs_inode.o)
                0x00000000000012d4                nffs_inode_dec_refcnt
 *fill*         0x00000000000012da        0x2 
 .text.nffs_inode_delete_from_disk
                0x00000000000012dc       0x88 /Users/briangiori/dev/newt/blegpio/bin/nrf52_boot/fs/nffs/nffs.a(nffs_inode.o)
                0x00000000000012dc                nffs_inode_delete_from_disk
 .text.nffs_inode_remove_child
                0x0000000000001364       0x70 /Users/briangiori/dev/newt/blegpio/bin/nrf52_boot/fs/nffs/nffs.a(nffs_inode.o)
                0x0000000000001364                nffs_inode_remove_child
 .text.nffs_inode_unlink_from_ram_priv
                0x00000000000013d4       0xa4 /Users/briangiori/dev/newt/blegpio/bin/nrf52_boot/fs/nffs/nffs.a(nffs_inode.o)
 .text.nffs_inode_filename_cmp_ram
                0x0000000000001478       0x74 /Users/briangiori/dev/newt/blegpio/bin/nrf52_boot/fs/nffs/nffs.a(nffs_inode.o)
                0x0000000000001478                nffs_inode_filename_cmp_ram
 .text.nffs_inode_filename_cmp_flash
                0x00000000000014ec       0x8c /Users/briangiori/dev/newt/blegpio/bin/nrf52_boot/fs/nffs/nffs.a(nffs_inode.o)
                0x00000000000014ec                nffs_inode_filename_cmp_flash
 .text.nffs_inode_read
                0x0000000000001578       0xa2 /Users/briangiori/dev/newt/blegpio/bin/nrf52_boot/fs/nffs/nffs.a(nffs_inode.o)
                0x0000000000001578                nffs_inode_read
 .text.nffs_inode_unlink_from_ram
                0x000000000000161a        0x8 /Users/briangiori/dev/newt/blegpio/bin/nrf52_boot/fs/nffs/nffs.a(nffs_inode.o)
                0x000000000000161a                nffs_inode_unlink_from_ram
 .text.nffs_inode_unlink_from_ram_corrupt_ok
                0x0000000000001622        0x8 /Users/briangiori/dev/newt/blegpio/bin/nrf52_boot/fs/nffs/nffs.a(nffs_inode.o)
                0x0000000000001622                nffs_inode_unlink_from_ram_corrupt_ok
 .text.nffs_inode_unlink
                0x000000000000162a       0x18 /Users/briangiori/dev/newt/blegpio/bin/nrf52_boot/fs/nffs/nffs.a(nffs_inode.o)
                0x000000000000162a                nffs_inode_unlink
 *fill*         0x0000000000001642        0x2 
 .text.nffs_inode_is_dummy
                0x0000000000001644       0x34 /Users/briangiori/dev/newt/blegpio/bin/nrf52_boot/fs/nffs/nffs.a(nffs_inode.o)
                0x0000000000001644                nffs_inode_is_dummy
 .text.nffs_inode_from_entry
                0x0000000000001678       0x9a /Users/briangiori/dev/newt/blegpio/bin/nrf52_boot/fs/nffs/nffs.a(nffs_inode.o)
                0x0000000000001678                nffs_inode_from_entry
 .text.nffs_inode_read_filename
                0x0000000000001712       0x32 /Users/briangiori/dev/newt/blegpio/bin/nrf52_boot/fs/nffs/nffs.a(nffs_inode.o)
                0x0000000000001712                nffs_inode_read_filename
 .text.nffs_inode_add_child
                0x0000000000001744       0x90 /Users/briangiori/dev/newt/blegpio/bin/nrf52_boot/fs/nffs/nffs.a(nffs_inode.o)
                0x0000000000001744                nffs_inode_add_child
 .text.nffs_inode_rename
                0x00000000000017d4       0xfc /Users/briangiori/dev/newt/blegpio/bin/nrf52_boot/fs/nffs/nffs.a(nffs_inode.o)
                0x00000000000017d4                nffs_inode_rename
 .text.nffs_inode_update
                0x00000000000018d0       0xe8 /Users/briangiori/dev/newt/blegpio/bin/nrf52_boot/fs/nffs/nffs.a(nffs_inode.o)
                0x00000000000018d0                nffs_inode_update
 .text.nffs_inode_is_deleted
                0x00000000000019b8       0x20 /Users/briangiori/dev/newt/blegpio/bin/nrf52_boot/fs/nffs/nffs.a(nffs_inode.o)
                0x00000000000019b8                nffs_inode_is_deleted
 .text.nffs_inode_setflags
                0x00000000000019d8        0xa /Users/briangiori/dev/newt/blegpio/bin/nrf52_boot/fs/nffs/nffs.a(nffs_inode.o)
                0x00000000000019d8                nffs_inode_setflags
 .text.nffs_inode_unsetflags
                0x00000000000019e2        0xc /Users/briangiori/dev/newt/blegpio/bin/nrf52_boot/fs/nffs/nffs.a(nffs_inode.o)
                0x00000000000019e2                nffs_inode_unsetflags
 .text.nffs_inode_getflags
                0x00000000000019ee        0x6 /Users/briangiori/dev/newt/blegpio/bin/nrf52_boot/fs/nffs/nffs.a(nffs_inode.o)
                0x00000000000019ee                nffs_inode_getflags
 .text.nffs_misc_validate_root_dir
                0x00000000000019f4       0x30 /Users/briangiori/dev/newt/blegpio/bin/nrf52_boot/fs/nffs/nffs.a(nffs_misc.o)
                0x00000000000019f4                nffs_misc_validate_root_dir
 .text.nffs_misc_validate_scratch
                0x0000000000001a24       0x40 /Users/briangiori/dev/newt/blegpio/bin/nrf52_boot/fs/nffs/nffs.a(nffs_misc.o)
                0x0000000000001a24                nffs_misc_validate_scratch
 .text.nffs_misc_gc_if_oom
                0x0000000000001a64       0x40 /Users/briangiori/dev/newt/blegpio/bin/nrf52_boot/fs/nffs/nffs.a(nffs_misc.o)
                0x0000000000001a64                nffs_misc_gc_if_oom
 .text.nffs_misc_reserve_space
                0x0000000000001aa4       0x8c /Users/briangiori/dev/newt/blegpio/bin/nrf52_boot/fs/nffs/nffs.a(nffs_misc.o)
                0x0000000000001aa4                nffs_misc_reserve_space
 .text.nffs_misc_set_num_areas
                0x0000000000001b30       0x30 /Users/briangiori/dev/newt/blegpio/bin/nrf52_boot/fs/nffs/nffs.a(nffs_misc.o)
                0x0000000000001b30                nffs_misc_set_num_areas
 .text.nffs_misc_set_max_block_data_len
                0x0000000000001b60       0x60 /Users/briangiori/dev/newt/blegpio/bin/nrf52_boot/fs/nffs/nffs.a(nffs_misc.o)
                0x0000000000001b60                nffs_misc_set_max_block_data_len
 .text.nffs_misc_create_lost_found_dir
                0x0000000000001bc0       0x28 /Users/briangiori/dev/newt/blegpio/bin/nrf52_boot/fs/nffs/nffs.a(nffs_misc.o)
                0x0000000000001bc0                nffs_misc_create_lost_found_dir
 .text.nffs_misc_reset
                0x0000000000001be8      0x138 /Users/briangiori/dev/newt/blegpio/bin/nrf52_boot/fs/nffs/nffs.a(nffs_misc.o)
                0x0000000000001be8                nffs_misc_reset
 .text.nffs_misc_ready
                0x0000000000001d20       0x10 /Users/briangiori/dev/newt/blegpio/bin/nrf52_boot/fs/nffs/nffs.a(nffs_misc.o)
                0x0000000000001d20                nffs_misc_ready
 .text.nffs_path_find_child.isra.0
                0x0000000000001d30       0x3e /Users/briangiori/dev/newt/blegpio/bin/nrf52_boot/fs/nffs/nffs.a(nffs_path.o)
 .text.nffs_path_parse_next
                0x0000000000001d6e       0x56 /Users/briangiori/dev/newt/blegpio/bin/nrf52_boot/fs/nffs/nffs.a(nffs_path.o)
                0x0000000000001d6e                nffs_path_parse_next
 .text.nffs_path_parser_new
                0x0000000000001dc4        0xa /Users/briangiori/dev/newt/blegpio/bin/nrf52_boot/fs/nffs/nffs.a(nffs_path.o)
                0x0000000000001dc4                nffs_path_parser_new
 *fill*         0x0000000000001dce        0x2 
 .text.nffs_path_find
                0x0000000000001dd0       0x70 /Users/briangiori/dev/newt/blegpio/bin/nrf52_boot/fs/nffs/nffs.a(nffs_path.o)
                0x0000000000001dd0                nffs_path_find
 .text.nffs_path_find_inode_entry
                0x0000000000001e40       0x16 /Users/briangiori/dev/newt/blegpio/bin/nrf52_boot/fs/nffs/nffs.a(nffs_path.o)
                0x0000000000001e40                nffs_path_find_inode_entry
 .text.nffs_path_unlink
                0x0000000000001e56       0x20 /Users/briangiori/dev/newt/blegpio/bin/nrf52_boot/fs/nffs/nffs.a(nffs_path.o)
                0x0000000000001e56                nffs_path_unlink
 *fill*         0x0000000000001e76        0x2 
 .text.nffs_path_rename
                0x0000000000001e78       0xa0 /Users/briangiori/dev/newt/blegpio/bin/nrf52_boot/fs/nffs/nffs.a(nffs_path.o)
                0x0000000000001e78                nffs_path_rename
 .text.nffs_path_new_dir
                0x0000000000001f18       0x4e /Users/briangiori/dev/newt/blegpio/bin/nrf52_boot/fs/nffs/nffs.a(nffs_path.o)
                0x0000000000001f18                nffs_path_new_dir
 .text.nffs_restore_dummy_inode
                0x0000000000001f66       0x38 /Users/briangiori/dev/newt/blegpio/bin/nrf52_boot/fs/nffs/nffs.a(nffs_restore.o)
 *fill*         0x0000000000001f9e        0x2 
 .text.nffs_restore_area_contents
                0x0000000000001fa0      0x460 /Users/briangiori/dev/newt/blegpio/bin/nrf52_boot/fs/nffs/nffs.a(nffs_restore.o)
 .text.nffs_restore_sweep
                0x0000000000002400      0x1e8 /Users/briangiori/dev/newt/blegpio/bin/nrf52_boot/fs/nffs/nffs.a(nffs_restore.o)
                0x0000000000002400                nffs_restore_sweep
 .text.nffs_restore_full
                0x00000000000025e8      0x194 /Users/briangiori/dev/newt/blegpio/bin/nrf52_boot/fs/nffs/nffs.a(nffs_restore.o)
                0x00000000000025e8                nffs_restore_full
 .text.nffs_write_to_file
                0x000000000000277c      0x3a0 /Users/briangiori/dev/newt/blegpio/bin/nrf52_boot/fs/nffs/nffs.a(nffs_write.o)
                0x000000000000277c                nffs_write_to_file
 .text.nffs_area_magic_is_set
                0x0000000000002b1c       0x38 /Users/briangiori/dev/newt/blegpio/bin/nrf52_boot/fs/nffs/nffs.a(nffs_area.o)
                0x0000000000002b1c                nffs_area_magic_is_set
 .text.nffs_area_is_scratch
                0x0000000000002b54       0x16 /Users/briangiori/dev/newt/blegpio/bin/nrf52_boot/fs/nffs/nffs.a(nffs_area.o)
                0x0000000000002b54                nffs_area_is_scratch
 .text.nffs_area_is_current_version
                0x0000000000002b6a        0xa /Users/briangiori/dev/newt/blegpio/bin/nrf52_boot/fs/nffs/nffs.a(nffs_area.o)
                0x0000000000002b6a                nffs_area_is_current_version
 .text.nffs_area_to_disk
                0x0000000000002b74       0x40 /Users/briangiori/dev/newt/blegpio/bin/nrf52_boot/fs/nffs/nffs.a(nffs_area.o)
                0x0000000000002b74                nffs_area_to_disk
 .text.nffs_area_free_space
                0x0000000000002bb4        0x8 /Users/briangiori/dev/newt/blegpio/bin/nrf52_boot/fs/nffs/nffs.a(nffs_area.o)
                0x0000000000002bb4                nffs_area_free_space
 .text.nffs_area_find_corrupt_scratch
                0x0000000000002bbc       0x68 /Users/briangiori/dev/newt/blegpio/bin/nrf52_boot/fs/nffs/nffs.a(nffs_area.o)
                0x0000000000002bbc                nffs_area_find_corrupt_scratch
 .text.nffs_block_entry_alloc
                0x0000000000002c24       0x1c /Users/briangiori/dev/newt/blegpio/bin/nrf52_boot/fs/nffs/nffs.a(nffs_block.o)
                0x0000000000002c24                nffs_block_entry_alloc
 .text.nffs_block_entry_free
                0x0000000000002c40       0x2c /Users/briangiori/dev/newt/blegpio/bin/nrf52_boot/fs/nffs/nffs.a(nffs_block.o)
                0x0000000000002c40                nffs_block_entry_free
 .text.nffs_block_entry_reserve
                0x0000000000002c6c       0x1a /Users/briangiori/dev/newt/blegpio/bin/nrf52_boot/fs/nffs/nffs.a(nffs_block.o)
                0x0000000000002c6c                nffs_block_entry_reserve
 .text.nffs_block_read_disk
                0x0000000000002c86       0x1c /Users/briangiori/dev/newt/blegpio/bin/nrf52_boot/fs/nffs/nffs.a(nffs_block.o)
                0x0000000000002c86                nffs_block_read_disk
 .text.nffs_block_write_disk
                0x0000000000002ca2       0x54 /Users/briangiori/dev/newt/blegpio/bin/nrf52_boot/fs/nffs/nffs.a(nffs_block.o)
                0x0000000000002ca2                nffs_block_write_disk
 *fill*         0x0000000000002cf6        0x2 
 .text.nffs_block_to_disk
                0x0000000000002cf8       0x38 /Users/briangiori/dev/newt/blegpio/bin/nrf52_boot/fs/nffs/nffs.a(nffs_block.o)
                0x0000000000002cf8                nffs_block_to_disk
 .text.nffs_block_from_hash_entry_no_ptrs
                0x0000000000002d30       0x60 /Users/briangiori/dev/newt/blegpio/bin/nrf52_boot/fs/nffs/nffs.a(nffs_block.o)
                0x0000000000002d30                nffs_block_from_hash_entry_no_ptrs
 .text.nffs_block_read_data
                0x0000000000002d90       0x2e /Users/briangiori/dev/newt/blegpio/bin/nrf52_boot/fs/nffs/nffs.a(nffs_block.o)
                0x0000000000002d90                nffs_block_read_data
 .text.nffs_block_is_dummy
                0x0000000000002dbe       0x14 /Users/briangiori/dev/newt/blegpio/bin/nrf52_boot/fs/nffs/nffs.a(nffs_block.o)
                0x0000000000002dbe                nffs_block_is_dummy
 *fill*         0x0000000000002dd2        0x2 
 .text.nffs_block_from_hash_entry
                0x0000000000002dd4       0x8c /Users/briangiori/dev/newt/blegpio/bin/nrf52_boot/fs/nffs/nffs.a(nffs_block.o)
                0x0000000000002dd4                nffs_block_from_hash_entry
 .text.nffs_block_delete_from_ram
                0x0000000000002e60       0x4a /Users/briangiori/dev/newt/blegpio/bin/nrf52_boot/fs/nffs/nffs.a(nffs_block.o)
                0x0000000000002e60                nffs_block_delete_from_ram
 *fill*         0x0000000000002eaa        0x2 
 .text.nffs_crc_flash
                0x0000000000002eac       0x48 /Users/briangiori/dev/newt/blegpio/bin/nrf52_boot/fs/nffs/nffs.a(nffs_crc.o)
                0x0000000000002eac                nffs_crc_flash
 .text.nffs_crc_disk_block_hdr
                0x0000000000002ef4        0xa /Users/briangiori/dev/newt/blegpio/bin/nrf52_boot/fs/nffs/nffs.a(nffs_crc.o)
                0x0000000000002ef4                nffs_crc_disk_block_hdr
 .text.nffs_crc_disk_block_validate
                0x0000000000002efe       0x34 /Users/briangiori/dev/newt/blegpio/bin/nrf52_boot/fs/nffs/nffs.a(nffs_crc.o)
                0x0000000000002efe                nffs_crc_disk_block_validate
 .text.nffs_crc_disk_block_fill
                0x0000000000002f32       0x16 /Users/briangiori/dev/newt/blegpio/bin/nrf52_boot/fs/nffs/nffs.a(nffs_crc.o)
                0x0000000000002f32                nffs_crc_disk_block_fill
 .text.nffs_crc_disk_inode_validate
                0x0000000000002f48       0x38 /Users/briangiori/dev/newt/blegpio/bin/nrf52_boot/fs/nffs/nffs.a(nffs_crc.o)
                0x0000000000002f48                nffs_crc_disk_inode_validate
 .text.nffs_crc_disk_inode_fill
                0x0000000000002f80       0x1c /Users/briangiori/dev/newt/blegpio/bin/nrf52_boot/fs/nffs/nffs.a(nffs_crc.o)
                0x0000000000002f80                nffs_crc_disk_inode_fill
 .text.nffs_gc_copy_object.isra.0
                0x0000000000002f9c       0x48 /Users/briangiori/dev/newt/blegpio/bin/nrf52_boot/fs/nffs/nffs.a(nffs_gc.o)
 .text.nffs_gc_block_chain_copy
                0x0000000000002fe4       0x50 /Users/briangiori/dev/newt/blegpio/bin/nrf52_boot/fs/nffs/nffs.a(nffs_gc.o)
 .text.nffs_gc_block_chain
                0x0000000000003034      0x16c /Users/briangiori/dev/newt/blegpio/bin/nrf52_boot/fs/nffs/nffs.a(nffs_gc.o)
 .text.nffs_gc  0x00000000000031a0      0x218 /Users/briangiori/dev/newt/blegpio/bin/nrf52_boot/fs/nffs/nffs.a(nffs_gc.o)
                0x00000000000031a0                nffs_gc
 .text.nffs_gc_until
                0x00000000000033b8       0x40 /Users/briangiori/dev/newt/blegpio/bin/nrf52_boot/fs/nffs/nffs.a(nffs_gc.o)
                0x00000000000033b8                nffs_gc_until
 .text          0x00000000000033f8       0x44 /Users/briangiori/dev/newt/blegpio/bin/nrf52_boot/hw/bsp/nrf52dk/nrf52dk.a(gcc_startup_nrf52.o)
                0x00000000000033f8                Reset_Handler
                0x0000000000003428                NMI_Handler
                0x000000000000342a                HardFault_Handler
                0x000000000000342c                MemoryManagement_Handler
                0x000000000000342e                BusFault_Handler
                0x0000000000003430                UsageFault_Handler
                0x0000000000003438                POWER_CLOCK_IRQHandler
                0x0000000000003438                RADIO_IRQHandler
                0x0000000000003438                PDM_IRQHandler
                0x0000000000003438                TEMP_IRQHandler
                0x0000000000003438                QDEC_IRQHandler
                0x0000000000003438                TIMER3_IRQHandler
                0x0000000000003438                SPIM0_SPIS0_TWIM0_TWIS0_SPI0_TWI0_IRQHandler
                0x0000000000003438                UARTE0_UART0_IRQHandler
                0x0000000000003438                TIMER4_IRQHandler
                0x0000000000003438                I2S_IRQHandler
                0x0000000000003438                SWI4_EGU4_IRQHandler
                0x0000000000003438                TIMER0_IRQHandler
                0x0000000000003438                TIMER1_IRQHandler
                0x0000000000003438                PWM2_IRQHandler
                0x0000000000003438                ECB_IRQHandler
                0x0000000000003438                SPIM1_SPIS1_TWIM1_TWIS1_SPI1_TWI1_IRQHandler
                0x0000000000003438                Default_Handler
                0x0000000000003438                SAADC_IRQHandler
                0x0000000000003438                CCM_AAR_IRQHandler
                0x0000000000003438                WDT_IRQHandler
                0x0000000000003438                SWI5_EGU5_IRQHandler
                0x0000000000003438                RNG_IRQHandler
                0x0000000000003438                RTC2_IRQHandler
                0x0000000000003438                PWM0_IRQHandler
                0x0000000000003438                SWI3_EGU3_IRQHandler
                0x0000000000003438                RTC1_IRQHandler
                0x0000000000003438                SWI1_EGU1_IRQHandler
                0x0000000000003438                SPIM2_SPIS2_SPI2_IRQHandler
                0x0000000000003438                NFCT_IRQHandler
                0x0000000000003438                MWU_IRQHandler
                0x0000000000003438                TIMER2_IRQHandler
                0x0000000000003438                COMP_LPCOMP_IRQHandler
                0x0000000000003438                RTC0_IRQHandler
                0x0000000000003438                SWI0_EGU0_IRQHandler
                0x0000000000003438                SWI2_EGU2_IRQHandler
                0x0000000000003438                GPIOTE_IRQHandler
                0x0000000000003438                PWM1_IRQHandler
 .text.SystemInit
                0x000000000000343c       0xc0 /Users/briangiori/dev/newt/blegpio/bin/nrf52_boot/hw/bsp/nrf52dk/nrf52dk.a(system_nrf52.o)
                0x000000000000343c                SystemInit
 .text.flash_area_init
                0x00000000000034fc       0x14 /Users/briangiori/dev/newt/blegpio/bin/nrf52_boot/hw/hal/hal.a(flash_map.o)
                0x00000000000034fc                flash_area_init
 .text.flash_area_to_sectors
                0x0000000000003510       0x7c /Users/briangiori/dev/newt/blegpio/bin/nrf52_boot/hw/hal/hal.a(flash_map.o)
                0x0000000000003510                flash_area_to_sectors
 .text.flash_area_to_nffs_desc
                0x000000000000358c      0x118 /Users/briangiori/dev/newt/blegpio/bin/nrf52_boot/hw/hal/hal.a(flash_map.o)
                0x000000000000358c                flash_area_to_nffs_desc
 .text.hal_flash_check_addr
                0x00000000000036a4       0x1c /Users/briangiori/dev/newt/blegpio/bin/nrf52_boot/hw/hal/hal.a(hal_flash.o)
 .text.hal_flash_init
                0x00000000000036c0       0x24 /Users/briangiori/dev/newt/blegpio/bin/nrf52_boot/hw/hal/hal.a(hal_flash.o)
                0x00000000000036c0                hal_flash_init
 .text.hal_flash_read
                0x00000000000036e4       0x3c /Users/briangiori/dev/newt/blegpio/bin/nrf52_boot/hw/hal/hal.a(hal_flash.o)
                0x00000000000036e4                hal_flash_read
 .text.hal_flash_write
                0x0000000000003720       0x3c /Users/briangiori/dev/newt/blegpio/bin/nrf52_boot/hw/hal/hal.a(hal_flash.o)
                0x0000000000003720                hal_flash_write
 .text.hal_flash_erase
                0x000000000000375c       0x80 /Users/briangiori/dev/newt/blegpio/bin/nrf52_boot/hw/hal/hal.a(hal_flash.o)
                0x000000000000375c                hal_flash_erase
 .text.system_start
                0x00000000000037dc        0xa /Users/briangiori/dev/newt/blegpio/bin/nrf52_boot/hw/mcu/nordic/nrf52xxx/nrf52xxx.a(hal_system_start.o)
                0x00000000000037dc                system_start
 .text.exit     0x00000000000037e6        0x6 /Users/briangiori/dev/newt/blegpio/bin/nrf52_boot/libs/baselibc/baselibc.a(inline.o)
                0x00000000000037e6                exit
 .text.malloc_lock_nop
                0x00000000000037ec        0x4 /Users/briangiori/dev/newt/blegpio/bin/nrf52_boot/libs/baselibc/baselibc.a(malloc.o)
 .text.malloc_unlock_nop
                0x00000000000037f0        0x2 /Users/briangiori/dev/newt/blegpio/bin/nrf52_boot/libs/baselibc/baselibc.a(malloc.o)
 *fill*         0x00000000000037f2        0x2 
 .text.__free_block
                0x00000000000037f4       0x60 /Users/briangiori/dev/newt/blegpio/bin/nrf52_boot/libs/baselibc/baselibc.a(malloc.o)
 .text.add_malloc_block
                0x0000000000003854       0x50 /Users/briangiori/dev/newt/blegpio/bin/nrf52_boot/libs/baselibc/baselibc.a(malloc.o)
                0x0000000000003854                add_malloc_block
 .text.malloc   0x00000000000038a4       0x94 /Users/briangiori/dev/newt/blegpio/bin/nrf52_boot/libs/baselibc/baselibc.a(malloc.o)
                0x00000000000038a4                malloc
 .text.free     0x0000000000003938       0x2c /Users/briangiori/dev/newt/blegpio/bin/nrf52_boot/libs/baselibc/baselibc.a(malloc.o)
                0x0000000000003938                free
 .text.memset   0x0000000000003964       0x10 /Users/briangiori/dev/newt/blegpio/bin/nrf52_boot/libs/baselibc/baselibc.a(memset.o)
                0x0000000000003964                memset
 .text.strchr   0x0000000000003974       0x1a /Users/briangiori/dev/newt/blegpio/bin/nrf52_boot/libs/baselibc/baselibc.a(strchr.o)
                0x0000000000003974                strchr
 .text.strcpy   0x000000000000398e       0x10 /Users/briangiori/dev/newt/blegpio/bin/nrf52_boot/libs/baselibc/baselibc.a(strcpy.o)
                0x000000000000398e                strcpy
 .text.strlen   0x000000000000399e       0x10 /Users/briangiori/dev/newt/blegpio/bin/nrf52_boot/libs/baselibc/baselibc.a(strlen.o)
                0x000000000000399e                strlen
 .text.strncmp  0x00000000000039ae       0x20 /Users/briangiori/dev/newt/blegpio/bin/nrf52_boot/libs/baselibc/baselibc.a(strncmp.o)
                0x00000000000039ae                strncmp
 *fill*         0x00000000000039ce        0x2 
 .text.boot_conf_set
                0x00000000000039d0       0x60 /Users/briangiori/dev/newt/blegpio/bin/nrf52_boot/libs/bootutil/bootutil.a(bootutil_misc.o)
 .text.boot_vect_read_test
                0x0000000000003a30       0x20 /Users/briangiori/dev/newt/blegpio/bin/nrf52_boot/libs/bootutil/bootutil.a(bootutil_misc.o)
                0x0000000000003a30                boot_vect_read_test
 .text.boot_vect_read_main
                0x0000000000003a50       0x20 /Users/briangiori/dev/newt/blegpio/bin/nrf52_boot/libs/bootutil/bootutil.a(bootutil_misc.o)
                0x0000000000003a50                boot_vect_read_main
 .text.boot_vect_write_test
                0x0000000000003a70       0x44 /Users/briangiori/dev/newt/blegpio/bin/nrf52_boot/libs/bootutil/bootutil.a(bootutil_misc.o)
                0x0000000000003a70                boot_vect_write_test
 .text.boot_vect_write_main
                0x0000000000003ab4       0x44 /Users/briangiori/dev/newt/blegpio/bin/nrf52_boot/libs/bootutil/bootutil.a(bootutil_misc.o)
                0x0000000000003ab4                boot_vect_write_main
 .text.boot_read_image_headers
                0x0000000000003af8       0x40 /Users/briangiori/dev/newt/blegpio/bin/nrf52_boot/libs/bootutil/bootutil.a(bootutil_misc.o)
                0x0000000000003af8                boot_read_image_headers
 .text.bootutil_cfg_register
                0x0000000000003b38        0xc /Users/briangiori/dev/newt/blegpio/bin/nrf52_boot/libs/bootutil/bootutil.a(bootutil_misc.o)
                0x0000000000003b38                bootutil_cfg_register
 .text.boot_read_status
                0x0000000000003b44       0x38 /Users/briangiori/dev/newt/blegpio/bin/nrf52_boot/libs/bootutil/bootutil.a(bootutil_misc.o)
                0x0000000000003b44                boot_read_status
 .text.boot_write_status
                0x0000000000003b7c       0x1c /Users/briangiori/dev/newt/blegpio/bin/nrf52_boot/libs/bootutil/bootutil.a(bootutil_misc.o)
                0x0000000000003b7c                boot_write_status
 .text.boot_clear_status
                0x0000000000003b98        0xc /Users/briangiori/dev/newt/blegpio/bin/nrf52_boot/libs/bootutil/bootutil.a(bootutil_misc.o)
                0x0000000000003b98                boot_clear_status
 .text.boot_find_image_slot
                0x0000000000003ba4       0x30 /Users/briangiori/dev/newt/blegpio/bin/nrf52_boot/libs/bootutil/bootutil.a(loader.o)
 .text.boot_image_check
                0x0000000000003bd4       0x44 /Users/briangiori/dev/newt/blegpio/bin/nrf52_boot/libs/bootutil/bootutil.a(loader.o)
 .text.boot_erase_area
                0x0000000000003c18       0x24 /Users/briangiori/dev/newt/blegpio/bin/nrf52_boot/libs/bootutil/bootutil.a(loader.o)
 .text.boot_copy_area
                0x0000000000003c3c       0x74 /Users/briangiori/dev/newt/blegpio/bin/nrf52_boot/libs/bootutil/bootutil.a(loader.o)
 .text.boot_copy_image
                0x0000000000003cb0      0x168 /Users/briangiori/dev/newt/blegpio/bin/nrf52_boot/libs/bootutil/bootutil.a(loader.o)
 .text.boot_go  0x0000000000003e18      0x164 /Users/briangiori/dev/newt/blegpio/bin/nrf52_boot/libs/bootutil/bootutil.a(loader.o)
                0x0000000000003e18                boot_go
 .text.bootutil_img_validate
                0x0000000000003f7c       0xe4 /Users/briangiori/dev/newt/blegpio/bin/nrf52_boot/libs/bootutil/bootutil.a(image_validate.o)
                0x0000000000003f7c                bootutil_img_validate
 .text.NVIC_Relocate
                0x0000000000004060       0x2c /Users/briangiori/dev/newt/blegpio/bin/nrf52_boot/libs/cmsis-core/cmsis-core.a(cmsis_nvic.o)
                0x0000000000004060                NVIC_Relocate
 .text.NVIC_SetVector
                0x000000000000408c       0x14 /Users/briangiori/dev/newt/blegpio/bin/nrf52_boot/libs/cmsis-core/cmsis-core.a(cmsis_nvic.o)
                0x000000000000408c                NVIC_SetVector
 .text.mbedtls_sha256_init
                0x00000000000040a0        0x8 /Users/briangiori/dev/newt/blegpio/bin/nrf52_boot/libs/mbedtls/mbedtls.a(sha256.o)
                0x00000000000040a0                mbedtls_sha256_init
 .text.mbedtls_sha256_starts
                0x00000000000040a8       0xa0 /Users/briangiori/dev/newt/blegpio/bin/nrf52_boot/libs/mbedtls/mbedtls.a(sha256.o)
                0x00000000000040a8                mbedtls_sha256_starts
 .text.mbedtls_sha256_process
                0x0000000000004148      0x6cc /Users/briangiori/dev/newt/blegpio/bin/nrf52_boot/libs/mbedtls/mbedtls.a(sha256.o)
                0x0000000000004148                mbedtls_sha256_process
 .text.mbedtls_sha256_update.part.0
                0x0000000000004814       0x80 /Users/briangiori/dev/newt/blegpio/bin/nrf52_boot/libs/mbedtls/mbedtls.a(sha256.o)
 .text.mbedtls_sha256_update
                0x0000000000004894        0x8 /Users/briangiori/dev/newt/blegpio/bin/nrf52_boot/libs/mbedtls/mbedtls.a(sha256.o)
                0x0000000000004894                mbedtls_sha256_update
 .text.mbedtls_sha256_finish
                0x000000000000489c      0x104 /Users/briangiori/dev/newt/blegpio/bin/nrf52_boot/libs/mbedtls/mbedtls.a(sha256.o)
                0x000000000000489c                mbedtls_sha256_finish
 .text.os_idle_task
                0x00000000000049a0       0x4c /Users/briangiori/dev/newt/blegpio/bin/nrf52_boot/libs/os/os.a(os.o)
                0x00000000000049a0                os_idle_task
 .text.os_init_idle_task
                0x00000000000049ec       0x38 /Users/briangiori/dev/newt/blegpio/bin/nrf52_boot/libs/os/os.a(os.o)
                0x00000000000049ec                os_init_idle_task
 .text.os_init  0x0000000000004a24       0x30 /Users/briangiori/dev/newt/blegpio/bin/nrf52_boot/libs/os/os.a(os.o)
                0x0000000000004a24                os_init
 .text.timer_handler
                0x0000000000004a54        0x6 /Users/briangiori/dev/newt/blegpio/bin/nrf52_boot/libs/os/os.a(os_arch_arm.o)
                0x0000000000004a54                timer_handler
 *fill*         0x0000000000004a5a        0x2 
 .text.os_arch_ctx_sw
                0x0000000000004a5c       0x14 /Users/briangiori/dev/newt/blegpio/bin/nrf52_boot/libs/os/os.a(os_arch_arm.o)
                0x0000000000004a5c                os_arch_ctx_sw
 .text.os_arch_save_sr
                0x0000000000004a70        0xc /Users/briangiori/dev/newt/blegpio/bin/nrf52_boot/libs/os/os.a(os_arch_arm.o)
                0x0000000000004a70                os_arch_save_sr
 .text.os_arch_restore_sr
                0x0000000000004a7c        0x6 /Users/briangiori/dev/newt/blegpio/bin/nrf52_boot/libs/os/os.a(os_arch_arm.o)
                0x0000000000004a7c                os_arch_restore_sr
 .text.os_arch_in_critical
                0x0000000000004a82        0xa /Users/briangiori/dev/newt/blegpio/bin/nrf52_boot/libs/os/os.a(os_arch_arm.o)
                0x0000000000004a82                os_arch_in_critical
 .text.os_arch_task_stack_init
                0x0000000000004a8c       0x3a /Users/briangiori/dev/newt/blegpio/bin/nrf52_boot/libs/os/os.a(os_arch_arm.o)
                0x0000000000004a8c                os_arch_task_stack_init
 *fill*         0x0000000000004ac6        0x2 
 .text.os_arch_init
                0x0000000000004ac8       0x14 /Users/briangiori/dev/newt/blegpio/bin/nrf52_boot/libs/os/os.a(os_arch_arm.o)
                0x0000000000004ac8                os_arch_init
 .text.os_arch_os_init
                0x0000000000004adc       0xa0 /Users/briangiori/dev/newt/blegpio/bin/nrf52_boot/libs/os/os.a(os_arch_arm.o)
                0x0000000000004adc                os_arch_os_init
 .text.os_callout_tick
                0x0000000000004b7c       0x48 /Users/briangiori/dev/newt/blegpio/bin/nrf52_boot/libs/os/os.a(os_callout.o)
                0x0000000000004b7c                os_callout_tick
 .text.os_callout_wakeup_ticks
                0x0000000000004bc4       0x34 /Users/briangiori/dev/newt/blegpio/bin/nrf52_boot/libs/os/os.a(os_callout.o)
                0x0000000000004bc4                os_callout_wakeup_ticks
 .text.os_eventq_put
                0x0000000000004bf8       0x54 /Users/briangiori/dev/newt/blegpio/bin/nrf52_boot/libs/os/os.a(os_eventq.o)
                0x0000000000004bf8                os_eventq_put
 .text.__assert_func
                0x0000000000004c4c       0x24 /Users/briangiori/dev/newt/blegpio/bin/nrf52_boot/libs/os/os.a(os_fault.o)
                0x0000000000004c4c                __assert_func
 .text.os_default_irq
                0x0000000000004c70       0x18 /Users/briangiori/dev/newt/blegpio/bin/nrf52_boot/libs/os/os.a(os_fault.o)
                0x0000000000004c70                os_default_irq
 .text.os_malloc_lock
                0x0000000000004c88       0x30 /Users/briangiori/dev/newt/blegpio/bin/nrf52_boot/libs/os/os.a(os_heap.o)
 .text.os_malloc_unlock
                0x0000000000004cb8       0x2c /Users/briangiori/dev/newt/blegpio/bin/nrf52_boot/libs/os/os.a(os_heap.o)
 .text.os_malloc
                0x0000000000004ce4       0x18 /Users/briangiori/dev/newt/blegpio/bin/nrf52_boot/libs/os/os.a(os_heap.o)
                0x0000000000004ce4                os_malloc
 .text.os_free  0x0000000000004cfc       0x16 /Users/briangiori/dev/newt/blegpio/bin/nrf52_boot/libs/os/os.a(os_heap.o)
                0x0000000000004cfc                os_free
 .text.os_realloc
                0x0000000000004d12       0x1c /Users/briangiori/dev/newt/blegpio/bin/nrf52_boot/libs/os/os.a(os_heap.o)
                0x0000000000004d12                os_realloc
 *fill*         0x0000000000004d2e        0x2 
 .text.os_mempool_init
                0x0000000000004d30       0x68 /Users/briangiori/dev/newt/blegpio/bin/nrf52_boot/libs/os/os.a(os_mempool.o)
                0x0000000000004d30                os_mempool_init
 .text.os_memblock_get
                0x0000000000004d98       0x28 /Users/briangiori/dev/newt/blegpio/bin/nrf52_boot/libs/os/os.a(os_mempool.o)
                0x0000000000004d98                os_memblock_get
 .text.os_memblock_put
                0x0000000000004dc0       0x52 /Users/briangiori/dev/newt/blegpio/bin/nrf52_boot/libs/os/os.a(os_mempool.o)
                0x0000000000004dc0                os_memblock_put
 .text.os_mutex_init
                0x0000000000004e12       0x14 /Users/briangiori/dev/newt/blegpio/bin/nrf52_boot/libs/os/os.a(os_mutex.o)
                0x0000000000004e12                os_mutex_init
 *fill*         0x0000000000004e26        0x2 
 .text.os_mutex_release
                0x0000000000004e28       0x90 /Users/briangiori/dev/newt/blegpio/bin/nrf52_boot/libs/os/os.a(os_mutex.o)
                0x0000000000004e28                os_mutex_release
 .text.os_mutex_pend
                0x0000000000004eb8       0xe0 /Users/briangiori/dev/newt/blegpio/bin/nrf52_boot/libs/os/os.a(os_mutex.o)
                0x0000000000004eb8                os_mutex_pend
 .text.os_sched_insert
                0x0000000000004f98       0x4c /Users/briangiori/dev/newt/blegpio/bin/nrf52_boot/libs/os/os.a(os_sched.o)
                0x0000000000004f98                os_sched_insert
 .text.os_sched_ctx_sw_hook
                0x0000000000004fe4       0x30 /Users/briangiori/dev/newt/blegpio/bin/nrf52_boot/libs/os/os.a(os_sched.o)
                0x0000000000004fe4                os_sched_ctx_sw_hook
 .text.os_sched_get_current_task
                0x0000000000005014        0xc /Users/briangiori/dev/newt/blegpio/bin/nrf52_boot/libs/os/os.a(os_sched.o)
                0x0000000000005014                os_sched_get_current_task
 .text.os_sched
                0x0000000000005020       0x30 /Users/briangiori/dev/newt/blegpio/bin/nrf52_boot/libs/os/os.a(os_sched.o)
                0x0000000000005020                os_sched
 .text.os_sched_sleep
                0x0000000000005050       0x74 /Users/briangiori/dev/newt/blegpio/bin/nrf52_boot/libs/os/os.a(os_sched.o)
                0x0000000000005050                os_sched_sleep
 .text.os_sched_wakeup
                0x00000000000050c4       0x74 /Users/briangiori/dev/newt/blegpio/bin/nrf52_boot/libs/os/os.a(os_sched.o)
                0x00000000000050c4                os_sched_wakeup
 .text.os_sched_os_timer_exp
                0x0000000000005138       0x3c /Users/briangiori/dev/newt/blegpio/bin/nrf52_boot/libs/os/os.a(os_sched.o)
                0x0000000000005138                os_sched_os_timer_exp
 .text.os_sched_wakeup_ticks
                0x0000000000005174       0x3c /Users/briangiori/dev/newt/blegpio/bin/nrf52_boot/libs/os/os.a(os_sched.o)
                0x0000000000005174                os_sched_wakeup_ticks
 .text.os_sched_next_task
                0x00000000000051b0        0xc /Users/briangiori/dev/newt/blegpio/bin/nrf52_boot/libs/os/os.a(os_sched.o)
                0x00000000000051b0                os_sched_next_task
 .text.os_sched_resort
                0x00000000000051bc       0x24 /Users/briangiori/dev/newt/blegpio/bin/nrf52_boot/libs/os/os.a(os_sched.o)
                0x00000000000051bc                os_sched_resort
 .text.os_task_init
                0x00000000000051e0       0xb4 /Users/briangiori/dev/newt/blegpio/bin/nrf52_boot/libs/os/os.a(os_task.o)
                0x00000000000051e0                os_task_init
 .text.os_deltatime
                0x0000000000005294       0x44 /Users/briangiori/dev/newt/blegpio/bin/nrf52_boot/libs/os/os.a(os_time.o)
 .text.os_time_get
                0x00000000000052d8        0xc /Users/briangiori/dev/newt/blegpio/bin/nrf52_boot/libs/os/os.a(os_time.o)
                0x00000000000052d8                os_time_get
 .text.os_time_advance
                0x00000000000052e4       0x70 /Users/briangiori/dev/newt/blegpio/bin/nrf52_boot/libs/os/os.a(os_time.o)
                0x00000000000052e4                os_time_advance
 .text          0x0000000000005354       0xcc /Users/briangiori/dev/newt/blegpio/bin/nrf52_boot/libs/os/os.a(HAL_CM4.o)
                0x0000000000005354                os_set_env
                0x000000000000536a                os_arch_init_task_stack
                0x0000000000005370                SVC_Handler
                0x00000000000053b6                PendSV_Handler
                0x00000000000053e0                SysTick_Handler
                0x00000000000053ec                os_default_irq_asm
 .text.os_sanity_check_list_lock
                0x0000000000005420       0x1c /Users/briangiori/dev/newt/blegpio/bin/nrf52_boot/libs/os/os.a(os_sanity.o)
 .text.os_sanity_check_list_unlock
                0x000000000000543c       0x18 /Users/briangiori/dev/newt/blegpio/bin/nrf52_boot/libs/os/os.a(os_sanity.o)
 .text.os_sanity_check_init
                0x0000000000005454        0xe /Users/briangiori/dev/newt/blegpio/bin/nrf52_boot/libs/os/os.a(os_sanity.o)
                0x0000000000005454                os_sanity_check_init
 *fill*         0x0000000000005462        0x2 
 .text.os_sanity_check_register
                0x0000000000005464       0x20 /Users/briangiori/dev/newt/blegpio/bin/nrf52_boot/libs/os/os.a(os_sanity.o)
                0x0000000000005464                os_sanity_check_register
 .text.crc16_ccitt
                0x0000000000005484       0x28 /Users/briangiori/dev/newt/blegpio/bin/nrf52_boot/libs/util/util.a(crc16.o)
                0x0000000000005484                crc16_ccitt
 .text.conf_init
                0x00000000000054ac       0x14 /Users/briangiori/dev/newt/blegpio/bin/nrf52_boot/sys/config/config.a(config.o)
                0x00000000000054ac                conf_init
 .text.conf_register
                0x00000000000054c0       0x10 /Users/briangiori/dev/newt/blegpio/bin/nrf52_boot/sys/config/config.a(config.o)
                0x00000000000054c0                conf_register
 .text.conf_handler_lookup
                0x00000000000054d0       0x20 /Users/briangiori/dev/newt/blegpio/bin/nrf52_boot/sys/config/config.a(config.o)
                0x00000000000054d0                conf_handler_lookup
 .text.conf_parse_name
                0x00000000000054f0       0x30 /Users/briangiori/dev/newt/blegpio/bin/nrf52_boot/sys/config/config.a(config.o)
                0x00000000000054f0                conf_parse_name
 .text.conf_parse_and_lookup
                0x0000000000005520       0x18 /Users/briangiori/dev/newt/blegpio/bin/nrf52_boot/sys/config/config.a(config.o)
 .text.conf_bytes_from_str
                0x0000000000005538       0x28 /Users/briangiori/dev/newt/blegpio/bin/nrf52_boot/sys/config/config.a(config.o)
                0x0000000000005538                conf_bytes_from_str
 .text.conf_str_from_bytes
                0x0000000000005560       0x20 /Users/briangiori/dev/newt/blegpio/bin/nrf52_boot/sys/config/config.a(config.o)
                0x0000000000005560                conf_str_from_bytes
 .text.conf_set_value
                0x0000000000005580       0x24 /Users/briangiori/dev/newt/blegpio/bin/nrf52_boot/sys/config/config.a(config.o)
                0x0000000000005580                conf_set_value
 .text.conf_commit
                0x00000000000055a4       0x40 /Users/briangiori/dev/newt/blegpio/bin/nrf52_boot/sys/config/config.a(config.o)
                0x00000000000055a4                conf_commit
 .text.conf_file_src
                0x00000000000055e4       0x1c /Users/briangiori/dev/newt/blegpio/bin/nrf52_boot/sys/config/config.a(config_file.o)
                0x00000000000055e4                conf_file_src
 .text.conf_file_dst
                0x0000000000005600       0x1c /Users/briangiori/dev/newt/blegpio/bin/nrf52_boot/sys/config/config.a(config_file.o)
                0x0000000000005600                conf_file_dst
 .text.conf_getnext_line
                0x000000000000561c       0x6a /Users/briangiori/dev/newt/blegpio/bin/nrf52_boot/sys/config/config.a(config_file.o)
                0x000000000000561c                conf_getnext_line
 .text.conf_file_load
                0x0000000000005686       0x60 /Users/briangiori/dev/newt/blegpio/bin/nrf52_boot/sys/config/config.a(config_file.o)
 *fill*         0x00000000000056e6        0x2 
 .text.conf_file_compress
                0x00000000000056e8      0x104 /Users/briangiori/dev/newt/blegpio/bin/nrf52_boot/sys/config/config.a(config_file.o)
                0x00000000000056e8                conf_file_compress
 .text.conf_file_save
                0x00000000000057ec       0x70 /Users/briangiori/dev/newt/blegpio/bin/nrf52_boot/sys/config/config.a(config_file.o)
 .text.conf_line_parse
                0x000000000000585c       0x7a /Users/briangiori/dev/newt/blegpio/bin/nrf52_boot/sys/config/config.a(config_line.o)
                0x000000000000585c                conf_line_parse
 .text.conf_line_make
                0x00000000000058d6       0x5c /Users/briangiori/dev/newt/blegpio/bin/nrf52_boot/sys/config/config.a(config_line.o)
                0x00000000000058d6                conf_line_make
 .text.conf_load_cb
                0x0000000000005932        0x4 /Users/briangiori/dev/newt/blegpio/bin/nrf52_boot/sys/config/config.a(config_store.o)
 .text.conf_dup_check_cb
                0x0000000000005936       0x32 /Users/briangiori/dev/newt/blegpio/bin/nrf52_boot/sys/config/config.a(config_store.o)
 .text.conf_src_register
                0x0000000000005968       0x28 /Users/briangiori/dev/newt/blegpio/bin/nrf52_boot/sys/config/config.a(config_store.o)
                0x0000000000005968                conf_src_register
 .text.conf_dst_register
                0x0000000000005990        0xc /Users/briangiori/dev/newt/blegpio/bin/nrf52_boot/sys/config/config.a(config_store.o)
                0x0000000000005990                conf_dst_register
 .text.conf_load
                0x000000000000599c       0x2c /Users/briangiori/dev/newt/blegpio/bin/nrf52_boot/sys/config/config.a(config_store.o)
                0x000000000000599c                conf_load
 .text.conf_save_one
                0x00000000000059c8       0x48 /Users/briangiori/dev/newt/blegpio/bin/nrf52_boot/sys/config/config.a(config_store.o)
                0x00000000000059c8                conf_save_one
 .text.log_init
                0x0000000000005a10       0x14 /Users/briangiori/dev/newt/blegpio/bin/nrf52_boot/sys/log/log.a(log.o)
                0x0000000000005a10                log_init
 .text.log_register
                0x0000000000005a24       0x18 /Users/briangiori/dev/newt/blegpio/bin/nrf52_boot/sys/log/log.a(log.o)
                0x0000000000005a24                log_register
 .text.log_console_append
                0x0000000000005a3c        0x4 /Users/briangiori/dev/newt/blegpio/bin/nrf52_boot/sys/log/log.a(log_console.o)
 .text.log_console_read
                0x0000000000005a40        0x4 /Users/briangiori/dev/newt/blegpio/bin/nrf52_boot/sys/log/log.a(log_console.o)
 .text.log_console_walk
                0x0000000000005a44        0x4 /Users/briangiori/dev/newt/blegpio/bin/nrf52_boot/sys/log/log.a(log_console.o)
 .text.log_console_flush
                0x0000000000005a48        0x4 /Users/briangiori/dev/newt/blegpio/bin/nrf52_boot/sys/log/log.a(log_console.o)
 .text.log_console_handler_init
                0x0000000000005a4c       0x2c /Users/briangiori/dev/newt/blegpio/bin/nrf52_boot/sys/log/log.a(log_console.o)
                0x0000000000005a4c                log_console_handler_init
 .text.fs_open  0x0000000000005a78        0xc /Users/briangiori/dev/newt/blegpio/bin/nrf52_boot/fs/fs/fs.a(fs_file.o)
                0x0000000000005a78                fs_open
 .text.fs_close
                0x0000000000005a84        0xc /Users/briangiori/dev/newt/blegpio/bin/nrf52_boot/fs/fs/fs.a(fs_file.o)
                0x0000000000005a84                fs_close
 .text.fs_read  0x0000000000005a90       0x14 /Users/briangiori/dev/newt/blegpio/bin/nrf52_boot/fs/fs/fs.a(fs_file.o)
                0x0000000000005a90                fs_read
 .text.fs_write
                0x0000000000005aa4        0xc /Users/briangiori/dev/newt/blegpio/bin/nrf52_boot/fs/fs/fs.a(fs_file.o)
                0x0000000000005aa4                fs_write
 .text.fs_seek  0x0000000000005ab0        0xc /Users/briangiori/dev/newt/blegpio/bin/nrf52_boot/fs/fs/fs.a(fs_file.o)
                0x0000000000005ab0                fs_seek
 .text.fs_unlink
                0x0000000000005abc        0xc /Users/briangiori/dev/newt/blegpio/bin/nrf52_boot/fs/fs/fs.a(fs_file.o)
                0x0000000000005abc                fs_unlink
 .text.fs_rename
                0x0000000000005ac8        0xc /Users/briangiori/dev/newt/blegpio/bin/nrf52_boot/fs/fs/fs.a(fs_mkdir.o)
                0x0000000000005ac8                fs_rename
 .text.fs_register
                0x0000000000005ad4       0x14 /Users/briangiori/dev/newt/blegpio/bin/nrf52_boot/fs/fs/fs.a(fs_mount.o)
                0x0000000000005ad4                fs_register
 .text.fsutil_read_file
                0x0000000000005ae8       0x2c /Users/briangiori/dev/newt/blegpio/bin/nrf52_boot/fs/fs/fs.a(fsutil.o)
                0x0000000000005ae8                fsutil_read_file
 .text.fsutil_write_file
                0x0000000000005b14       0x2a /Users/briangiori/dev/newt/blegpio/bin/nrf52_boot/fs/fs/fs.a(fsutil.o)
                0x0000000000005b14                fsutil_write_file
 *fill*         0x0000000000005b3e        0x2 
 .text.bsp_flash_dev
                0x0000000000005b40       0x10 /Users/briangiori/dev/newt/blegpio/bin/nrf52_boot/hw/bsp/nrf52dk/nrf52dk.a(hal_bsp.o)
                0x0000000000005b40                bsp_flash_dev
 .text._close   0x0000000000005b50        0x6 /Users/briangiori/dev/newt/blegpio/bin/nrf52_boot/hw/bsp/nrf52dk/nrf52dk.a(libc_stubs.o)
                0x0000000000005b50                _close
 .text._exit    0x0000000000005b56        0x6 /Users/briangiori/dev/newt/blegpio/bin/nrf52_boot/hw/bsp/nrf52dk/nrf52dk.a(libc_stubs.o)
                0x0000000000005b56                _exit
 .text.bsp_init
                0x0000000000005b5c       0x20 /Users/briangiori/dev/newt/blegpio/bin/nrf52_boot/hw/bsp/nrf52dk/nrf52dk.a(os_bsp.o)
                0x0000000000005b5c                bsp_init
 .text._sbrk    0x0000000000005b7c       0x44 /Users/briangiori/dev/newt/blegpio/bin/nrf52_boot/hw/bsp/nrf52dk/nrf52dk.a(sbrk.o)
                0x0000000000005b7c                _sbrk
 .text.nrf52k_flash_wait_ready
                0x0000000000005bc0       0x24 /Users/briangiori/dev/newt/blegpio/bin/nrf52_boot/hw/mcu/nordic/nrf52xxx/nrf52xxx.a(hal_flash.o)
 .text.nrf52k_flash_erase_sector
                0x0000000000005be4       0x58 /Users/briangiori/dev/newt/blegpio/bin/nrf52_boot/hw/mcu/nordic/nrf52xxx/nrf52xxx.a(hal_flash.o)
 .text.nrf52k_flash_init
                0x0000000000005c3c        0x4 /Users/briangiori/dev/newt/blegpio/bin/nrf52_boot/hw/mcu/nordic/nrf52xxx/nrf52xxx.a(hal_flash.o)
 .text.nrf52k_flash_write
                0x0000000000005c40       0xc8 /Users/briangiori/dev/newt/blegpio/bin/nrf52_boot/hw/mcu/nordic/nrf52xxx/nrf52xxx.a(hal_flash.o)
 .text.nrf52k_flash_read
                0x0000000000005d08       0x10 /Users/briangiori/dev/newt/blegpio/bin/nrf52_boot/hw/mcu/nordic/nrf52xxx/nrf52xxx.a(hal_flash.o)
 .text.nrf52k_flash_sector_info
                0x0000000000005d18       0x24 /Users/briangiori/dev/newt/blegpio/bin/nrf52_boot/hw/mcu/nordic/nrf52xxx/nrf52xxx.a(hal_flash.o)
 .text.unlikely.nrf52_os_tick_counter.part.0
                0x0000000000005d3c       0x14 /Users/briangiori/dev/newt/blegpio/bin/nrf52_boot/hw/mcu/nordic/nrf52xxx/nrf52xxx.a(hal_os_tick.o)
 .text.sub24    0x0000000000005d50       0x38 /Users/briangiori/dev/newt/blegpio/bin/nrf52_boot/hw/mcu/nordic/nrf52xxx/nrf52xxx.a(hal_os_tick.o)
 .text.nrf52_os_tick_set_ocmp
                0x0000000000005d88       0x50 /Users/briangiori/dev/newt/blegpio/bin/nrf52_boot/hw/mcu/nordic/nrf52xxx/nrf52xxx.a(hal_os_tick.o)
 .text.nrf52_timer_handler
                0x0000000000005dd8       0x58 /Users/briangiori/dev/newt/blegpio/bin/nrf52_boot/hw/mcu/nordic/nrf52xxx/nrf52xxx.a(hal_os_tick.o)
 .text.os_tick_idle
                0x0000000000005e30       0x48 /Users/briangiori/dev/newt/blegpio/bin/nrf52_boot/hw/mcu/nordic/nrf52xxx/nrf52xxx.a(hal_os_tick.o)
                0x0000000000005e30                os_tick_idle
 .text.system_reset
                0x0000000000005e78       0x30 /Users/briangiori/dev/newt/blegpio/bin/nrf52_boot/hw/mcu/nordic/nrf52xxx/nrf52xxx.a(hal_system.o)
                0x0000000000005e78                system_reset
 .text.system_debugger_connected
                0x0000000000005ea8       0x10 /Users/briangiori/dev/newt/blegpio/bin/nrf52_boot/hw/mcu/nordic/nrf52xxx/nrf52xxx.a(hal_system.o)
                0x0000000000005ea8                system_debugger_connected
 .text.memcmp   0x0000000000005eb8       0x1c /Users/briangiori/dev/newt/blegpio/bin/nrf52_boot/libs/baselibc/baselibc.a(memcmp.o)
                0x0000000000005eb8                memcmp
 .text.memcpy   0x0000000000005ed4       0x16 /Users/briangiori/dev/newt/blegpio/bin/nrf52_boot/libs/baselibc/baselibc.a(memcpy.o)
                0x0000000000005ed4                memcpy
 .text.realloc  0x0000000000005eea       0x58 /Users/briangiori/dev/newt/blegpio/bin/nrf52_boot/libs/baselibc/baselibc.a(realloc.o)
                0x0000000000005eea                realloc
 .text.strcmp   0x0000000000005f42       0x14 /Users/briangiori/dev/newt/blegpio/bin/nrf52_boot/libs/baselibc/baselibc.a(strcmp.o)
                0x0000000000005f42                strcmp
 .text.strtok_r
                0x0000000000005f56       0x1c /Users/briangiori/dev/newt/blegpio/bin/nrf52_boot/libs/baselibc/baselibc.a(strtok_r.o)
                0x0000000000005f56                strtok_r
 .text.strsep   0x0000000000005f72       0x1c /Users/briangiori/dev/newt/blegpio/bin/nrf52_boot/libs/baselibc/baselibc.a(strsep.o)
                0x0000000000005f72                strsep
 .text.strpbrk  0x0000000000005f8e       0x30 /Users/briangiori/dev/newt/blegpio/bin/nrf52_boot/libs/baselibc/baselibc.a(strpbrk.o)
                0x0000000000005f8e                strpbrk
 *fill*         0x0000000000005fbe        0x2 
 .text.base64_encode
                0x0000000000005fc0       0x9c /Users/briangiori/dev/newt/blegpio/bin/nrf52_boot/libs/util/util.a(base64.o)
                0x0000000000005fc0                base64_encode
 .text.base64_decode
                0x000000000000605c       0xac /Users/briangiori/dev/newt/blegpio/bin/nrf52_boot/libs/util/util.a(base64.o)
                0x000000000000605c                base64_decode
 .text.base64_decode_len
                0x0000000000006108       0x2a /Users/briangiori/dev/newt/blegpio/bin/nrf52_boot/libs/util/util.a(base64.o)
                0x0000000000006108                base64_decode_len
 *fill*         0x0000000000006132        0x2 
 .text.__errno  0x0000000000006134        0xc /usr/local/Cellar/gcc-arm-none-eabi-49/20150609/bin/../lib/gcc/arm-none-eabi/4.9.3/../../../../arm-none-eabi/lib/armv7e-m/libg.a(lib_a-errno.o)
                0x0000000000006134                __errno
 .text.__libc_init_array
                0x0000000000006140       0x50 /usr/local/Cellar/gcc-arm-none-eabi-49/20150609/bin/../lib/gcc/arm-none-eabi/4.9.3/../../../../arm-none-eabi/lib/armv7e-m/libg.a(lib_a-init.o)
                0x0000000000006140                __libc_init_array
 *(.init)
 .init          0x0000000000006190        0x4 /usr/local/Cellar/gcc-arm-none-eabi-49/20150609/bin/../lib/gcc/arm-none-eabi/4.9.3/armv7e-m/crti.o
                0x0000000000006190                _init
 .init          0x0000000000006194        0x8 /usr/local/Cellar/gcc-arm-none-eabi-49/20150609/bin/../lib/gcc/arm-none-eabi/4.9.3/armv7e-m/crtn.o
 *(.fini)
 .fini          0x000000000000619c        0x4 /usr/local/Cellar/gcc-arm-none-eabi-49/20150609/bin/../lib/gcc/arm-none-eabi/4.9.3/armv7e-m/crti.o
                0x000000000000619c                _fini
 .fini          0x00000000000061a0        0x8 /usr/local/Cellar/gcc-arm-none-eabi-49/20150609/bin/../lib/gcc/arm-none-eabi/4.9.3/armv7e-m/crtn.o
 *crtbegin.o(.ctors)
 *crtbegin?.o(.ctors)
 *(EXCLUDE_FILE(*crtend.o *crtend?.o) .ctors)
 *(SORT(.ctors.*))
 *(.ctors)
 *crtbegin.o(.dtors)
 *crtbegin?.o(.dtors)
 *(EXCLUDE_FILE(*crtend.o *crtend?.o) .dtors)
 *(SORT(.dtors.*))
 *(.dtors)
 *(.rodata*)
 .rodata.str1.1
                0x00000000000061a8       0x10 /Users/briangiori/dev/newt/blegpio/bin/nrf52_boot/apps/boot/boot.a(boot.o)
 .rodata.str1.1
                0x00000000000061b8        0xc /Users/briangiori/dev/newt/blegpio/bin/nrf52_boot/fs/nffs/nffs.a(nffs.o)
 .rodata.nffs_ops
                0x00000000000061c4       0x40 /Users/briangiori/dev/newt/blegpio/bin/nrf52_boot/fs/nffs/nffs.a(nffs.o)
 .rodata.str1.1
                0x0000000000006204        0xd /Users/briangiori/dev/newt/blegpio/bin/nrf52_boot/fs/nffs/nffs.a(nffs_cache.o)
 .rodata.str1.1
                0x0000000000006211        0xc /Users/briangiori/dev/newt/blegpio/bin/nrf52_boot/fs/nffs/nffs.a(nffs_file.o)
 .rodata.str1.1
                0x000000000000621d        0xd /Users/briangiori/dev/newt/blegpio/bin/nrf52_boot/fs/nffs/nffs.a(nffs_flash.o)
 .rodata.str1.1
                0x000000000000622a        0xe /Users/briangiori/dev/newt/blegpio/bin/nrf52_boot/fs/nffs/nffs.a(nffs_format.o)
                                          0xf (size before relaxing)
 .rodata.str1.1
                0x0000000000006238        0xc /Users/briangiori/dev/newt/blegpio/bin/nrf52_boot/fs/nffs/nffs.a(nffs_hash.o)
 .rodata.str1.1
                0x0000000000006244        0xd /Users/briangiori/dev/newt/blegpio/bin/nrf52_boot/fs/nffs/nffs.a(nffs_inode.o)
                                          0xe (size before relaxing)
 .rodata.str1.1
                0x0000000000006251       0x8d /Users/briangiori/dev/newt/blegpio/bin/nrf52_boot/fs/nffs/nffs.a(nffs_misc.o)
 .rodata.str1.1
                0x00000000000062de        0xc /Users/briangiori/dev/newt/blegpio/bin/nrf52_boot/fs/nffs/nffs.a(nffs_path.o)
 .rodata.str1.1
                0x00000000000062ea       0x1c /Users/briangiori/dev/newt/blegpio/bin/nrf52_boot/fs/nffs/nffs.a(nffs_restore.o)
 .rodata.str1.1
                0x0000000000006306        0xd /Users/briangiori/dev/newt/blegpio/bin/nrf52_boot/fs/nffs/nffs.a(nffs_write.o)
 .rodata.str1.1
                0x0000000000006313        0xd /Users/briangiori/dev/newt/blegpio/bin/nrf52_boot/fs/nffs/nffs.a(nffs_block.o)
 .rodata.str1.1
                0x0000000000006320        0xa /Users/briangiori/dev/newt/blegpio/bin/nrf52_boot/fs/nffs/nffs.a(nffs_gc.o)
 .rodata.str1.1
                0x000000000000632a        0xc /Users/briangiori/dev/newt/blegpio/bin/nrf52_boot/hw/hal/hal.a(hal_flash.o)
 .rodata.str1.1
                0x0000000000006336       0x22 /Users/briangiori/dev/newt/blegpio/bin/nrf52_boot/libs/bootutil/bootutil.a(bootutil_misc.o)
                                         0x2c (size before relaxing)
 .rodata.str1.1
                0x0000000000006358        0x9 /Users/briangiori/dev/newt/blegpio/bin/nrf52_boot/libs/bootutil/bootutil.a(loader.o)
 .rodata.sha256_padding
                0x0000000000006361       0x40 /Users/briangiori/dev/newt/blegpio/bin/nrf52_boot/libs/mbedtls/mbedtls.a(sha256.o)
 *fill*         0x00000000000063a1        0x3 
 .rodata.K      0x00000000000063a4      0x100 /Users/briangiori/dev/newt/blegpio/bin/nrf52_boot/libs/mbedtls/mbedtls.a(sha256.o)
 .rodata.str1.1
                0x00000000000064a4        0xa /Users/briangiori/dev/newt/blegpio/bin/nrf52_boot/libs/os/os.a(os.o)
 .rodata.str1.1
                0x00000000000064ae        0xd /Users/briangiori/dev/newt/blegpio/bin/nrf52_boot/libs/os/os.a(os_callout.o)
 .rodata.str1.1
                0x00000000000064bb        0xa /Users/briangiori/dev/newt/blegpio/bin/nrf52_boot/libs/os/os.a(os_heap.o)
 .rodata.str1.1
                0x00000000000064c5        0xb /Users/briangiori/dev/newt/blegpio/bin/nrf52_boot/libs/os/os.a(os_mutex.o)
 .rodata.str1.1
                0x00000000000064d0        0xb /Users/briangiori/dev/newt/blegpio/bin/nrf52_boot/libs/os/os.a(os_sched.o)
 .rodata.str1.1
                0x00000000000064db        0xa /Users/briangiori/dev/newt/blegpio/bin/nrf52_boot/libs/os/os.a(os_time.o)
 *fill*         0x00000000000064e5        0x1 
 .rodata.crc16tab
                0x00000000000064e6      0x200 /Users/briangiori/dev/newt/blegpio/bin/nrf52_boot/libs/util/util.a(crc16.o)
 .rodata.str1.1
                0x00000000000066e6        0x4 /Users/briangiori/dev/newt/blegpio/bin/nrf52_boot/sys/config/config.a(config.o)
                                          0x6 (size before relaxing)
 .rodata.str1.1
                0x00000000000066ea        0x5 /Users/briangiori/dev/newt/blegpio/bin/nrf52_boot/sys/config/config.a(config_file.o)
 *fill*         0x00000000000066ef        0x1 
 .rodata.nrf52k_flash_dev
                0x00000000000066f0       0x14 /Users/briangiori/dev/newt/blegpio/bin/nrf52_boot/hw/mcu/nordic/nrf52xxx/nrf52xxx.a(hal_flash.o)
                0x00000000000066f0                nrf52k_flash_dev
 .rodata.str1.1
                0x0000000000000000        0xc /Users/briangiori/dev/newt/blegpio/bin/nrf52_boot/hw/mcu/nordic/nrf52xxx/nrf52xxx.a(hal_flash.o)
 .rodata.nrf52k_flash_funcs
                0x0000000000006704       0x14 /Users/briangiori/dev/newt/blegpio/bin/nrf52_boot/hw/mcu/nordic/nrf52xxx/nrf52xxx.a(hal_flash.o)
 .rodata.str1.1
                0x0000000000006718        0xe /Users/briangiori/dev/newt/blegpio/bin/nrf52_boot/hw/mcu/nordic/nrf52xxx/nrf52xxx.a(hal_os_tick.o)
 .rodata.base64_chars
                0x0000000000006726       0x41 /Users/briangiori/dev/newt/blegpio/bin/nrf52_boot/libs/util/util.a(base64.o)
 *fill*         0x0000000000006767        0x1 
 .rodata.str1.4
                0x0000000000006768        0x4 /usr/local/Cellar/gcc-arm-none-eabi-49/20150609/bin/../lib/gcc/arm-none-eabi/4.9.3/../../../../arm-none-eabi/lib/armv7e-m/libg.a(lib_a-impure.o)
                                          0x2 (size before relaxing)
 *(.eh_frame*)
                0x000000000000676c                . = ALIGN (0x4)

.glue_7         0x000000000000676c        0x0
 .glue_7        0x0000000000000000        0x0 linker stubs

.glue_7t        0x000000000000676c        0x0
 .glue_7t       0x0000000000000000        0x0 linker stubs

.vfp11_veneer   0x000000000000676c        0x0
 .vfp11_veneer  0x0000000000000000        0x0 linker stubs

.v4_bx          0x000000000000676c        0x0
 .v4_bx         0x0000000000000000        0x0 linker stubs

.iplt           0x000000000000676c        0x0
 .iplt          0x0000000000000000        0x0 /usr/local/Cellar/gcc-arm-none-eabi-49/20150609/bin/../lib/gcc/arm-none-eabi/4.9.3/armv7e-m/crtbegin.o

.ARM.extab      0x000000000000676c        0x0
 *(.ARM.extab* .gnu.linkonce.armextab.*)
                0x000000000000676c                . = ALIGN (0x4)
                0x000000000000676c                __exidx_start = .

.ARM.exidx      0x000000000000676c       0x18
 *(.ARM.exidx* .gnu.linkonce.armexidx.*)
 .ARM.exidx     0x000000000000676c        0x8 /usr/local/Cellar/gcc-arm-none-eabi-49/20150609/bin/../lib/gcc/arm-none-eabi/4.9.3/../../../../arm-none-eabi/lib/armv7e-m/crt0.o
 .ARM.exidx     0x0000000000006774        0x0 /Users/briangiori/dev/newt/blegpio/bin/nrf52_boot/hw/bsp/nrf52dk/nrf52dk.a(gcc_startup_nrf52.o)
                                          0x8 (size before relaxing)
 .ARM.exidx     0x0000000000006774       0x10 /Users/briangiori/dev/newt/blegpio/bin/nrf52_boot/libs/os/os.a(HAL_CM4.o)
                                         0x30 (size before relaxing)
                0x0000000000006784                . = ALIGN (0x4)
                0x0000000000006784                __exidx_end = .
                0x0000000000006784                __etext = .

.rel.dyn        0x0000000000006784        0x0
 .rel.iplt      0x0000000000000000        0x0 /usr/local/Cellar/gcc-arm-none-eabi-49/20150609/bin/../lib/gcc/arm-none-eabi/4.9.3/armv7e-m/crtbegin.o

.vector_relocation
                0x0000000020000000       0xd8
                0x0000000020000000                . = ALIGN (0x4)
                0x0000000020000000                __vector_tbl_reloc__ = .
                0x00000000200000d8                . = (. + (__isr_vector_end - __isr_vector_start))
 *fill*         0x0000000020000000       0xd8 
                0x00000000200000d8                . = ALIGN (0x4)

.data           0x00000000200000d8      0x4f4 load address 0x0000000000006784
                0x00000000200000d8                __data_start__ = .
 *(vtable)
 *(.data*)
 .data.my_conf  0x00000000200000d8       0x14 /Users/briangiori/dev/newt/blegpio/bin/nrf52_boot/apps/boot/boot.a(boot.o)
 .data.nffs_cache_inode_list
                0x00000000200000ec        0x8 /Users/briangiori/dev/newt/blegpio/bin/nrf52_boot/fs/nffs/nffs.a(nffs_cache.o)
 .data.SystemCoreClock
                0x00000000200000f4        0x4 /Users/briangiori/dev/newt/blegpio/bin/nrf52_boot/hw/bsp/nrf52dk/nrf52dk.a(system_nrf52.o)
                0x00000000200000f4                SystemCoreClock
 .data.__malloc_head
                0x00000000200000f8       0x18 /Users/briangiori/dev/newt/blegpio/bin/nrf52_boot/libs/baselibc/baselibc.a(malloc.o)
 .data.malloc_unlock
                0x0000000020000110        0x4 /Users/briangiori/dev/newt/blegpio/bin/nrf52_boot/libs/baselibc/baselibc.a(malloc.o)
 .data.malloc_lock
                0x0000000020000114        0x4 /Users/briangiori/dev/newt/blegpio/bin/nrf52_boot/libs/baselibc/baselibc.a(malloc.o)
 .data.boot_conf_handler
                0x0000000020000118       0x18 /Users/briangiori/dev/newt/blegpio/bin/nrf52_boot/libs/bootutil/bootutil.a(bootutil_misc.o)
 .data.g_os_mempool_list
                0x0000000020000130        0x8 /Users/briangiori/dev/newt/blegpio/bin/nrf52_boot/libs/os/os.a(os_mempool.o)
                0x0000000020000130                g_os_mempool_list
 .data.g_os_run_list
                0x0000000020000138        0x8 /Users/briangiori/dev/newt/blegpio/bin/nrf52_boot/libs/os/os.a(os_sched.o)
                0x0000000020000138                g_os_run_list
 .data.g_os_sleep_list
                0x0000000020000140        0x8 /Users/briangiori/dev/newt/blegpio/bin/nrf52_boot/libs/os/os.a(os_sched.o)
                0x0000000020000140                g_os_sleep_list
 .data          0x0000000020000148        0x0 /Users/briangiori/dev/newt/blegpio/bin/nrf52_boot/libs/os/os.a(HAL_CM4.o)
                0x0000000020000148                __aeabi_unwind_cpp_pr0
 .data.conf_file_itf
                0x0000000020000148       0x10 /Users/briangiori/dev/newt/blegpio/bin/nrf52_boot/sys/config/config.a(config_file.o)
 .data.g_log_list
                0x0000000020000158        0x8 /Users/briangiori/dev/newt/blegpio/bin/nrf52_boot/sys/log/log.a(log.o)
 .data.bsp_flash_areas
                0x0000000020000160       0x3c /Users/briangiori/dev/newt/blegpio/bin/nrf52_boot/hw/bsp/nrf52dk/nrf52dk.a(os_bsp.o)
 .data.brk      0x000000002000019c        0x4 /Users/briangiori/dev/newt/blegpio/bin/nrf52_boot/hw/bsp/nrf52dk/nrf52dk.a(sbrk.o)
 .data.impure_data
                0x00000000200001a0      0x428 /usr/local/Cellar/gcc-arm-none-eabi-49/20150609/bin/../lib/gcc/arm-none-eabi/4.9.3/../../../../arm-none-eabi/lib/armv7e-m/libg.a(lib_a-impure.o)
 .data._impure_ptr
                0x00000000200005c8        0x4 /usr/local/Cellar/gcc-arm-none-eabi-49/20150609/bin/../lib/gcc/arm-none-eabi/4.9.3/../../../../arm-none-eabi/lib/armv7e-m/libg.a(lib_a-impure.o)
                0x00000000200005c8                _impure_ptr
                0x00000000200005cc                . = ALIGN (0x4)
                0x00000000200005cc                PROVIDE (__preinit_array_start, .)
 *(.preinit_array)
                0x00000000200005cc                PROVIDE (__preinit_array_end, .)
                0x00000000200005cc                . = ALIGN (0x4)
                0x00000000200005cc                PROVIDE (__init_array_start, .)
 *(SORT(.init_array.*))
 *(.init_array)
                0x00000000200005cc                PROVIDE (__init_array_end, .)
                0x00000000200005cc                . = ALIGN (0x4)
                0x00000000200005cc                PROVIDE (__fini_array_start, .)
 *(SORT(.fini_array.*))
 *(.fini_array)
                0x00000000200005cc                PROVIDE (__fini_array_end, .)
 *(.jcr)
                0x00000000200005cc                . = ALIGN (0x4)
                0x00000000200005cc                __data_end__ = .

.igot.plt       0x00000000200005cc        0x0 load address 0x0000000000006c78
 .igot.plt      0x0000000000000000        0x0 /usr/local/Cellar/gcc-arm-none-eabi-49/20150609/bin/../lib/gcc/arm-none-eabi/4.9.3/armv7e-m/crtbegin.o

.bssnz          0x00000000200005cc        0x0
                0x00000000200005cc                . = ALIGN (0x4)
                0x00000000200005cc                __bssnz_start__ = .
 *(.bss.core.nz*)
                0x00000000200005cc                . = ALIGN (0x4)
                0x00000000200005cc                __bssnz_end__ = .

.bss            0x00000000200005d0      0xa08 load address 0x0000000000006c80
                0x00000000200005d0                . = ALIGN (0x4)
                0x00000000200005d0                __bss_start__ = .
 *(.bss*)
 .bss.nffs_mutex
                0x00000000200005d0        0xc /Users/briangiori/dev/newt/blegpio/bin/nrf52_boot/fs/nffs/nffs.a(nffs.o)
 .bss.nffs_log_console_handler
                0x00000000200005dc       0x1c /Users/briangiori/dev/newt/blegpio/bin/nrf52_boot/fs/nffs/nffs.a(nffs.o)
 .bss.nffs_inode_unlink_list
                0x00000000200005f8        0x4 /Users/briangiori/dev/newt/blegpio/bin/nrf52_boot/fs/nffs/nffs.a(nffs_inode.o)
 .bss.total_gc_cycles.7305
                0x00000000200005fc        0x1 /Users/briangiori/dev/newt/blegpio/bin/nrf52_boot/fs/nffs/nffs.a(nffs_misc.o)
 *fill*         0x00000000200005fd        0x1 
 .bss.nffs_restore_largest_block_data_len
                0x00000000200005fe        0x2 /Users/briangiori/dev/newt/blegpio/bin/nrf52_boot/fs/nffs/nffs.a(nffs_restore.o)
 .bss.flash_map
                0x0000000020000600        0x4 /Users/briangiori/dev/newt/blegpio/bin/nrf52_boot/hw/hal/hal.a(flash_map.o)
 .bss.flash_map_entries
                0x0000000020000604        0x4 /Users/briangiori/dev/newt/blegpio/bin/nrf52_boot/hw/hal/hal.a(flash_map.o)
 .bss.boot_main
                0x0000000020000608        0x8 /Users/briangiori/dev/newt/blegpio/bin/nrf52_boot/libs/bootutil/bootutil.a(bootutil_misc.o)
 .bss.boot_test
                0x0000000020000610        0x8 /Users/briangiori/dev/newt/blegpio/bin/nrf52_boot/libs/bootutil/bootutil.a(bootutil_misc.o)
 .bss.tmpbuf.4443
                0x0000000020000618        0x4 /Users/briangiori/dev/newt/blegpio/bin/nrf52_boot/libs/bootutil/bootutil.a(loader.o)
 .bss.scratch_sz.4451
                0x000000002000061c        0x4 /Users/briangiori/dev/newt/blegpio/bin/nrf52_boot/libs/bootutil/bootutil.a(loader.o)
 .bss.boot_state
                0x0000000020000620        0x8 /Users/briangiori/dev/newt/blegpio/bin/nrf52_boot/libs/bootutil/bootutil.a(loader.o)
 .bss.boot_req  0x0000000020000628        0x4 /Users/briangiori/dev/newt/blegpio/bin/nrf52_boot/libs/bootutil/bootutil.a(loader.o)
 .bss.buf.4476  0x000000002000062c      0x400 /Users/briangiori/dev/newt/blegpio/bin/nrf52_boot/libs/bootutil/bootutil.a(loader.o)
 .bss.os_flags  0x0000000020000a2c        0x4 /Users/briangiori/dev/newt/blegpio/bin/nrf52_boot/libs/os/os.a(os_arch_arm.o)
                0x0000000020000a2c                os_flags
 .bss.os_malloc_mutex
                0x0000000020000a30        0xc /Users/briangiori/dev/newt/blegpio/bin/nrf52_boot/libs/os/os.a(os_heap.o)
 *fill*         0x0000000020000a3c        0x4 
 .bss.basetod   0x0000000020000a40       0x30 /Users/briangiori/dev/newt/blegpio/bin/nrf52_boot/libs/os/os.a(os_time.o)
 .bss.g_os_sanity_check_list
                0x0000000020000a70        0x4 /Users/briangiori/dev/newt/blegpio/bin/nrf52_boot/libs/os/os.a(os_sanity.o)
                0x0000000020000a70                g_os_sanity_check_list
 .bss.conf_cmd_inited
                0x0000000020000a74        0x1 /Users/briangiori/dev/newt/blegpio/bin/nrf52_boot/sys/config/config.a(config.o)
 *fill*         0x0000000020000a75        0x3 
 .bss.conf_handlers
                0x0000000020000a78        0x4 /Users/briangiori/dev/newt/blegpio/bin/nrf52_boot/sys/config/config.a(config.o)
                0x0000000020000a78                conf_handlers
 .bss.conf_load_srcs
                0x0000000020000a7c        0x4 /Users/briangiori/dev/newt/blegpio/bin/nrf52_boot/sys/config/config.a(config_store.o)
                0x0000000020000a7c                conf_load_srcs
 .bss.log_inited
                0x0000000020000a80        0x1 /Users/briangiori/dev/newt/blegpio/bin/nrf52_boot/sys/log/log.a(log.o)
 *fill*         0x0000000020000a81        0x3 
 .bss.fs_root_ops
                0x0000000020000a84        0x4 /Users/briangiori/dev/newt/blegpio/bin/nrf52_boot/fs/fs/fs.a(fs_mount.o)
                0x0000000020000a84                fs_root_ops
 *(COMMON)
 COMMON         0x0000000020000a88       0xfc /Users/briangiori/dev/newt/blegpio/bin/nrf52_boot/fs/nffs/nffs.a(nffs.o)
                0x0000000020000a88                nffs_cache_inode_pool
                0x0000000020000aa4                nffs_scratch_area_idx
                0x0000000020000aa8                nffs_cache_inode_mem
                0x0000000020000aac                nffs_dir_pool
                0x0000000020000ac8                nffs_lost_found_dir
                0x0000000020000acc                nffs_file_pool
                0x0000000020000ae8                nffs_cache_block_pool
                0x0000000020000b04                nffs_current_area_descs
                0x0000000020000b08                nffs_inode_entry_pool
                0x0000000020000b24                nffs_num_areas
                0x0000000020000b28                nffs_file_mem
                0x0000000020000b2c                nffs_cache_block_mem
                0x0000000020000b30                nffs_inode_mem
                0x0000000020000b34                nffs_log
                0x0000000020000b40                nffs_areas
                0x0000000020000b44                nffs_block_entry_pool
                0x0000000020000b60                nffs_block_max_data_sz
                0x0000000020000b68                g_log_info
                0x0000000020000b78                nffs_root_dir
                0x0000000020000b7c                nffs_dir_mem
                0x0000000020000b80                nffs_block_entry_mem
 COMMON         0x0000000020000b84       0x18 /Users/briangiori/dev/newt/blegpio/bin/nrf52_boot/fs/nffs/nffs.a(nffs_config.o)
                0x0000000020000b84                nffs_config
 COMMON         0x0000000020000b9c      0x100 /Users/briangiori/dev/newt/blegpio/bin/nrf52_boot/fs/nffs/nffs.a(nffs_flash.o)
                0x0000000020000b9c                nffs_flash_buf
 COMMON         0x0000000020000c9c       0x10 /Users/briangiori/dev/newt/blegpio/bin/nrf52_boot/fs/nffs/nffs.a(nffs_hash.o)
                0x0000000020000c9c                nffs_hash_next_dir_id
                0x0000000020000ca0                nffs_hash_next_block_id
                0x0000000020000ca4                nffs_hash
                0x0000000020000ca8                nffs_hash_next_file_id
 COMMON         0x0000000020000cac        0x4 /Users/briangiori/dev/newt/blegpio/bin/nrf52_boot/fs/nffs/nffs.a(nffs_gc.o)
                0x0000000020000cac                nffs_gc_count
 COMMON         0x0000000020000cb0       0x40 /Users/briangiori/dev/newt/blegpio/bin/nrf52_boot/libs/bootutil/bootutil.a(loader.o)
                0x0000000020000cb0                boot_img_hdrs
 COMMON         0x0000000020000cf0      0x158 /Users/briangiori/dev/newt/blegpio/bin/nrf52_boot/libs/os/os.a(os.o)
                0x0000000020000cf0                g_idle_task
                0x0000000020000d40                g_os_idle_ctr
                0x0000000020000d44                g_idle_task_stack
                0x0000000020000e44                g_os_started
 COMMON         0x0000000020000e48        0x8 /Users/briangiori/dev/newt/blegpio/bin/nrf52_boot/libs/os/os.a(os_callout.o)
                0x0000000020000e48                g_callout_list
 COMMON         0x0000000020000e50        0x8 /Users/briangiori/dev/newt/blegpio/bin/nrf52_boot/libs/os/os.a(os_sched.o)
                0x0000000020000e50                g_current_task
                0x0000000020000e54                g_os_last_ctx_sw_time
 COMMON         0x0000000020000e58        0x9 /Users/briangiori/dev/newt/blegpio/bin/nrf52_boot/libs/os/os.a(os_task.o)
                0x0000000020000e58                g_os_task_list
                0x0000000020000e60                g_task_id
 *fill*         0x0000000020000e61        0x3 
 COMMON         0x0000000020000e64        0x4 /Users/briangiori/dev/newt/blegpio/bin/nrf52_boot/libs/os/os.a(os_time.o)
                0x0000000020000e64                g_os_time
 COMMON         0x0000000020000e68      0x160 /Users/briangiori/dev/newt/blegpio/bin/nrf52_boot/libs/os/os.a(os_sanity.o)
                0x0000000020000e68                g_os_sanity_num_secs
                0x0000000020000e6c                g_os_sanity_check_mu
                0x0000000020000e78                g_os_sanity_task
                0x0000000020000ec8                g_os_sanity_task_stack
 COMMON         0x0000000020000fc8        0x4 /Users/briangiori/dev/newt/blegpio/bin/nrf52_boot/sys/config/config.a(config_store.o)
                0x0000000020000fc8                conf_save_dst
 COMMON         0x0000000020000fcc        0xc /Users/briangiori/dev/newt/blegpio/bin/nrf52_boot/hw/mcu/nordic/nrf52xxx/nrf52xxx.a(hal_os_tick.o)
                0x0000000020000fcc                g_hal_os_tick
                0x0000000020000fd8                . = ALIGN (0x4)
                0x0000000020000fd8                __bss_end__ = .
                0x0000000020000fd8                __HeapBase = .

.stack_dummy    0x0000000020000fd8      0x1b0
 *(.stack*)
 .stack         0x0000000020000fd8      0x1b0 /Users/briangiori/dev/newt/blegpio/bin/nrf52_boot/hw/bsp/nrf52dk/nrf52dk.a(gcc_startup_nrf52.o)
                0x0000000020010000                __StackTop = (ORIGIN (RAM) + 0x10000)
                0x000000002000fe50                __StackLimit = (__StackTop - SIZEOF (.stack_dummy))
                0x0000000020010000                PROVIDE (__stack, __StackTop)
                0x000000002000fe50                __HeapLimit = __StackLimit
                0x0000000000000001                ASSERT ((__HeapBase <= __HeapLimit), region RAM overflowed with stack)
OUTPUT(/Users/briangiori/dev/newt/blegpio/bin/nrf52_boot/apps/boot/boot.elf elf32-littlearm)

.ARM.attributes
                0x0000000000000000       0x2a
 .ARM.attributes
                0x0000000000000000       0x1e /usr/local/Cellar/gcc-arm-none-eabi-49/20150609/bin/../lib/gcc/arm-none-eabi/4.9.3/armv7e-m/crti.o
 .ARM.attributes
                0x000000000000001e       0x1c /usr/local/Cellar/gcc-arm-none-eabi-49/20150609/bin/../lib/gcc/arm-none-eabi/4.9.3/../../../../arm-none-eabi/lib/armv7e-m/crt0.o
 .ARM.attributes
                0x000000000000003a       0x33 /Users/briangiori/dev/newt/blegpio/bin/nrf52_boot/apps/boot/boot.a(boot.o)
 .ARM.attributes
                0x000000000000006d       0x33 /Users/briangiori/dev/newt/blegpio/bin/nrf52_boot/fs/nffs/nffs.a(nffs.o)
 .ARM.attributes
                0x00000000000000a0       0x33 /Users/briangiori/dev/newt/blegpio/bin/nrf52_boot/fs/nffs/nffs.a(nffs_cache.o)
 .ARM.attributes
                0x00000000000000d3       0x33 /Users/briangiori/dev/newt/blegpio/bin/nrf52_boot/fs/nffs/nffs.a(nffs_config.o)
 .ARM.attributes
                0x0000000000000106       0x33 /Users/briangiori/dev/newt/blegpio/bin/nrf52_boot/fs/nffs/nffs.a(nffs_dir.o)
 .ARM.attributes
                0x0000000000000139       0x33 /Users/briangiori/dev/newt/blegpio/bin/nrf52_boot/fs/nffs/nffs.a(nffs_file.o)
 .ARM.attributes
                0x000000000000016c       0x33 /Users/briangiori/dev/newt/blegpio/bin/nrf52_boot/fs/nffs/nffs.a(nffs_flash.o)
 .ARM.attributes
                0x000000000000019f       0x33 /Users/briangiori/dev/newt/blegpio/bin/nrf52_boot/fs/nffs/nffs.a(nffs_format.o)
 .ARM.attributes
                0x00000000000001d2       0x33 /Users/briangiori/dev/newt/blegpio/bin/nrf52_boot/fs/nffs/nffs.a(nffs_hash.o)